Microchip Technology Inc, v2.10 (B)

Tool Name:
  c:\program files\microchip\xc16\v2.10\bin\bin\..\bin/elf-ld.exe

Command:
  -p33CK256MP508 \
  --mdfp=C:/Program Files/Microchip/MPLABX/v6.15/packs/Microchip/dsPIC33CK-MP_DFP/1.12.354/xc16 \
  -o \
  dist/default/production/anomaly-detection-ml-33ck256mp508-lvmc.X.production.elf \
  -Lc:/program files/microchip/xc16/v2.10/bin/bin/.. \
  -LC:/Program Files/Microchip/MPLABX/v6.15/packs/Microchip/dsPIC33CK-MP_DFP/1.12.354/xc16/bin/../support/dsPIC33C/gld \
  -Lc:/program files/microchip/xc16/v2.10/bin/bin/../../lib \
  -Lc:/program files/microchip/xc16/v2.10/bin/bin/../../support/PIC24E/gld \
  -Lc:/program files/microchip/xc16/v2.10/bin/bin/../../support/PIC24F/gld \
  -Lc:/program files/microchip/xc16/v2.10/bin/bin/../../support/PIC24H/gld \
  -Lc:/program files/microchip/xc16/v2.10/bin/bin/../../support/dsPIC30F/gld \
  -Lc:/program files/microchip/xc16/v2.10/bin/bin/../../support/dsPIC33C/gld \
  -Lc:/program files/microchip/xc16/v2.10/bin/bin/../../support/dsPIC33E/gld \
  -Lc:/program files/microchip/xc16/v2.10/bin/bin/../../support/dsPIC33F/gld \
  build/default/production/knowledgepack/application/sml_recognition_run.o \
  build/default/production/mcc_generated_files/adc/src/adc1.o \
  build/default/production/mcc_generated_files/cmp/src/cmp1.o \
  build/default/production/mcc_generated_files/motorBench/commutation/pll.o \
  build/default/production/mcc_generated_files/motorBench/hal/mcaf_pin_manager.o \
  build/default/production/mcc_generated_files/motorBench/hal/hardware_access_functions.o \
  build/default/production/mcc_generated_files/motorBench/metadata/data_model_snapshot.o \
  build/default/production/mcc_generated_files/motorBench/parameters/init_params.o \
  build/default/production/mcc_generated_files/motorBench/test_harness_timestamps.o \
  build/default/production/mcc_generated_files/motorBench/state_machine.o \
  build/default/production/mcc_generated_files/motorBench/math_asm.o \
  build/default/production/mcc_generated_files/motorBench/mcapi.o \
  build/default/production/mcc_generated_files/motorBench/ui.o \
  build/default/production/mcc_generated_files/motorBench/sat_PI.o \
  build/default/production/mcc_generated_files/motorBench/test_harness.o \
  build/default/production/mcc_generated_files/motorBench/mcaf_sample_application.o \
  build/default/production/mcc_generated_files/motorBench/system_init.o \
  build/default/production/mcc_generated_files/motorBench/fault_detect.o \
  build/default/production/mcc_generated_files/motorBench/foc.o \
  build/default/production/mcc_generated_files/motorBench/monitor.o \
  build/default/production/mcc_generated_files/motorBench/stall_detect.o \
  build/default/production/mcc_generated_files/motorBench/startup.o \
  build/default/production/mcc_generated_files/motorBench/commutation.o \
  build/default/production/mcc_generated_files/motorBench/current_measure.o \
  build/default/production/mcc_generated_files/motorBench/adc_compensation.o \
  build/default/production/mcc_generated_files/motorBench/diagnostics.o \
  build/default/production/mcc_generated_files/motorBench/mcaf_main.o \
  build/default/production/mcc_generated_files/motorBench/mcaf_traps.o \
  build/default/production/mcc_generated_files/motorBench/isr.o \
  build/default/production/mcc_generated_files/motorBench/board_service.o \
  build/default/production/mcc_generated_files/motorBench/system_state.o \
  build/default/production/mcc_generated_files/motorBench/recover.o \
  build/default/production/mcc_generated_files/opa/src/opa3.o \
  build/default/production/mcc_generated_files/opa/src/opa2.o \
  build/default/production/mcc_generated_files/opa/src/opa1.o \
  build/default/production/mcc_generated_files/pwm_hs/src/pwm.o \
  build/default/production/mcc_generated_files/qei/src/qei1.o \
  build/default/production/mcc_generated_files/system/src/config_bits.o \
  build/default/production/mcc_generated_files/system/src/dmt_asm.o \
  build/default/production/mcc_generated_files/system/src/dmt.o \
  build/default/production/mcc_generated_files/system/src/interrupt.o \
  build/default/production/mcc_generated_files/system/src/clock.o \
  build/default/production/mcc_generated_files/system/src/reset.o \
  build/default/production/mcc_generated_files/system/src/pins.o \
  build/default/production/mcc_generated_files/system/src/traps.o \
  build/default/production/mcc_generated_files/system/src/system.o \
  build/default/production/mcc_generated_files/timer/src/sccp1.o \
  build/default/production/mcc_generated_files/timer/src/tmr1.o \
  build/default/production/mcc_generated_files/uart/src/uart1.o \
  build/default/production/main.o \
  build/default/production/ringbuffer.o \
  mcc_generated_files\motorBench\library\x2cscope\libx2cscope-dspic-elf.a \
  mcc_generated_files\motorBench\library\mc-library\libmotor_control_dspic-elf.a \
  knowledgepack\mplabml\lib\libmplabml.a \
  --local-stack \
  --defsym=__MPLAB_BUILD=1 \
[...]
Memory Configuration

Name             Origin             Length             Attributes
data             0x001000           0x006000           a !xr
FBOOT            0x801800           0x000002  
reset            0x000000           0x000004  
ivt              0x000004           0x0001fc  
program          0x000200           0x02bd00           xr
FSEC             0x02bf00           0x000002  
FBSLIM           0x02bf10           0x000002  
FSIGN            0x02bf14           0x000002  
FOSCSEL          0x02bf18           0x000002  
FOSC             0x02bf1c           0x000002  
FWDT             0x02bf20           0x000002  
FPOR             0x02bf24           0x000002  
FICD             0x02bf28           0x000002  
FDMTIVTL         0x02bf2c           0x000002  
FDMTIVTH         0x02bf30           0x000002  
FDMTCNTL         0x02bf34           0x000002  
FDMTCNTH         0x02bf38           0x000002  
FDMT             0x02bf3c           0x000002  
FDEVOPT          0x02bf40           0x000002  
FALTREG          0x02bf44           0x000002  
FBTSEQ           0x02bffc           0x000002  
*default*        0x000000           0xffffffff  

Linker script and memory map

LOAD build/default/production/knowledgepack/application/sml_recognition_run.o
LOAD build/default/production/mcc_generated_files/adc/src/adc1.o
LOAD build/default/production/mcc_generated_files/cmp/src/cmp1.o
LOAD build/default/production/mcc_generated_files/motorBench/commutation/pll.o
LOAD build/default/production/mcc_generated_files/motorBench/hal/mcaf_pin_manager.o
LOAD build/default/production/mcc_generated_files/motorBench/hal/hardware_access_functions.o
LOAD build/default/production/mcc_generated_files/motorBench/metadata/data_model_snapshot.o
LOAD build/default/production/mcc_generated_files/motorBench/parameters/init_params.o
LOAD build/default/production/mcc_generated_files/motorBench/test_harness_timestamps.o
LOAD build/default/production/mcc_generated_files/motorBench/state_machine.o
LOAD build/default/production/mcc_generated_files/motorBench/math_asm.o
LOAD build/default/production/mcc_generated_files/motorBench/mcapi.o
LOAD build/default/production/mcc_generated_files/motorBench/ui.o
LOAD build/default/production/mcc_generated_files/motorBench/sat_PI.o
LOAD build/default/production/mcc_generated_files/motorBench/test_harness.o
LOAD build/default/production/mcc_generated_files/motorBench/mcaf_sample_application.o
LOAD build/default/production/mcc_generated_files/motorBench/system_init.o
LOAD build/default/production/mcc_generated_files/motorBench/fault_detect.o
LOAD build/default/production/mcc_generated_files/motorBench/foc.o
LOAD build/default/production/mcc_generated_files/motorBench/monitor.o
LOAD build/default/production/mcc_generated_files/motorBench/stall_detect.o
LOAD build/default/production/mcc_generated_files/motorBench/startup.o
LOAD build/default/production/mcc_generated_files/motorBench/commutation.o
LOAD build/default/production/mcc_generated_files/motorBench/current_measure.o
LOAD build/default/production/mcc_generated_files/motorBench/adc_compensation.o
LOAD build/default/production/mcc_generated_files/motorBench/diagnostics.o
LOAD build/default/production/mcc_generated_files/motorBench/mcaf_main.o
LOAD build/default/production/mcc_generated_files/motorBench/mcaf_traps.o
LOAD build/default/production/mcc_generated_files/motorBench/isr.o
LOAD build/default/production/mcc_generated_files/motorBench/board_service.o
LOAD build/default/production/mcc_generated_files/motorBench/system_state.o
LOAD build/default/production/mcc_generated_files/motorBench/recover.o
LOAD build/default/production/mcc_generated_files/opa/src/opa3.o
LOAD build/default/production/mcc_generated_files/opa/src/opa2.o
LOAD build/default/production/mcc_generated_files/opa/src/opa1.o
LOAD build/default/production/mcc_generated_files/pwm_hs/src/pwm.o
LOAD build/default/production/mcc_generated_files/qei/src/qei1.o
LOAD build/default/production/mcc_generated_files/system/src/config_bits.o
LOAD build/default/production/mcc_generated_files/system/src/dmt_asm.o
LOAD build/default/production/mcc_generated_files/system/src/dmt.o
LOAD build/default/production/mcc_generated_files/system/src/interrupt.o
LOAD build/default/production/mcc_generated_files/system/src/clock.o
LOAD build/default/production/mcc_generated_files/system/src/reset.o
LOAD build/default/production/mcc_generated_files/system/src/pins.o
LOAD build/default/production/mcc_generated_files/system/src/traps.o
LOAD build/default/production/mcc_generated_files/system/src/system.o
LOAD build/default/production/mcc_generated_files/timer/src/sccp1.o
LOAD build/default/production/mcc_generated_files/timer/src/tmr1.o
LOAD build/default/production/mcc_generated_files/uart/src/uart1.o
LOAD build/default/production/main.o
LOAD build/default/production/ringbuffer.o
LOAD mcc_generated_files\motorBench\library\x2cscope\libx2cscope-dspic-elf.a
LOAD mcc_generated_files\motorBench\library\mc-library\libmotor_control_dspic-elf.a
LOAD knowledgepack\mplabml\lib\libmplabml.a
                    0x0001                  __MPLAB_BUILD = 0x1
LOAD p33CK256MP508
LOAD c:/program files/microchip/xc16/v2.10/bin/bin/../../lib\libfx-elf.a
                    0x801034                  _iwri1 = 0x801034
                    0x801038                  _iwri2 = 0x801038
                    0x801800                  __FBOOT = 0x801800
                    0x2bf00                  __FSEC = 0x2bf00
                    0x2bf10                  __FBSLIM = 0x2bf10
                    0x2bf14                  __FSIGN = 0x2bf14
                    0x2bf18                  __FOSCSEL = 0x2bf18
                    0x2bf1c                  __FOSC = 0x2bf1c
                    0x2bf20                  __FWDT = 0x2bf20
                    0x2bf24                  __FPOR = 0x2bf24
                    0x2bf28                  __FICD = 0x2bf28
                    0x2bf2c                  __FDMTIVTL = 0x2bf2c
                    0x2bf30                  __FDMTIVTH = 0x2bf30
                    0x2bf34                  __FDMTCNTL = 0x2bf34
                    0x2bf38                  __FDMTCNTH = 0x2bf38
                    0x2bf3c                  __FDMT = 0x2bf3c
                    0x2bf40                  __FDEVOPT = 0x2bf40
                    0x2bf44                  __FALTREG = 0x2bf44
                    0x2bffc                  __FBTSEQ = 0x2bffc
                    0x0200                  __CODE_BASE = 0x200
                    0x2bd00                  __CODE_LENGTH = 0x2bd00
                    0x0004                  __IVT_BASE = 0x4
                    0x1000                  __DATA_BASE = 0x1000
                    0x6000                  __DATA_LENGTH = 0x6000
                    0x5000                  __YDATA_BASE = 0x5000
                    0x7000                  __YDATA_END = 0x7000

.reset            0x000000          0x4
                  0x000000          0x2 SHORT 0x200 ABSOLUTE (__reset)
                  0x000001          0x2 SHORT 0x4
                  0x000002          0x2 SHORT 0x0 ((ABSOLUTE (__reset) >> 0x10) & 0x7f)
                  0x000003          0x2 SHORT 0x0

.text             0x000200       0x2e74
 *(.init)
 .init            0x000200         0x48 c:/program files/microchip/xc16/v2.10/bin/bin/../../lib\libc99-pic30-elf.a(crt0_extendedch.o)
                  0x000200                  __resetPRI
                  0x000200                  __reset
                  0x00023c                  __psv_init
 .init            0x000248         0xb2 c:/program files/microchip/xc16/v2.10/bin/bin/../../lib\libc99-pic30-elf.a(data_init_extendedch.o)
                  0x000248                  __data_init
                  0x000248                  __data_init_extended
 *(.user_init)
 *(.handle)
 .handle          0x0002fa        0x318 jump_table
 *(.isr*)
 .isr.text._ADCInterrupt
                  0x000612         0xe4 build/default/production/mcc_generated_files/adc/src/adc1.o
                  0x000612                  __ADCInterrupt
 .isr.text._ADCAN4Interrupt
                  0x0006f6         0x34 build/default/production/mcc_generated_files/adc/src/adc1.o
                  0x0006f6                  __ADCAN4Interrupt
 .isr.text._ADCAN10Interrupt
                  0x00072a         0x34 build/default/production/mcc_generated_files/adc/src/adc1.o
                  0x00072a                  __ADCAN10Interrupt
 .isr.text._ADCAN11Interrupt
                  0x00075e         0x34 build/default/production/mcc_generated_files/adc/src/adc1.o
                  0x00075e                  __ADCAN11Interrupt
 .isr.text._ADCAN12Interrupt
                  0x000792         0x34 build/default/production/mcc_generated_files/adc/src/adc1.o
                  0x000792                  __ADCAN12Interrupt
 .isr.text._ADCAN15Interrupt
                  0x0007c6         0x34 build/default/production/mcc_generated_files/adc/src/adc1.o
 .isr.text._ADCAN17Interrupt
                  0x0007fa         0x34 build/default/production/mcc_generated_files/adc/src/adc1.o
                  0x0007fa                  __ADCAN17Interrupt
 .isr.text._ADCAN22Interrupt
                  0x00082e         0x34 build/default/production/mcc_generated_files/adc/src/adc1.o
                  0x00082e                  __ADCAN22Interrupt
 .isr.text._ADCAN23Interrupt
                  0x000862         0x34 build/default/production/mcc_generated_files/adc/src/adc1.o
                  0x000862                  __ADCAN23Interrupt
 .isr.text._ADCAN0Interrupt
                  0x000896         0x34 build/default/production/mcc_generated_files/adc/src/adc1.o
                  0x000896                  __ADCAN0Interrupt
 .isr.text._ADCAN1Interrupt
                  0x0008ca         0x34 build/default/production/mcc_generated_files/adc/src/adc1.o
                  0x0008ca                  __ADCAN1Interrupt
 .isrerror_handler
                  0x0008fe         0x14 build/default/production/mcc_generated_files/motorBench/mcaf_traps.o
                  0x0008fe                  __ReservedTrap7
                  0x000906                  __DefaultInterrupt
 .isr.text._ADCAN15Interrupt
                  0x000912        0x1ee build/default/production/mcc_generated_files/motorBench/isr.o
                  0x000912                  __ADCAN15Interrupt
 .isr.text._DMTInterrupt
                  0x000b00         0x20 build/default/production/mcc_generated_files/system/src/dmt.o
                  0x000b00                  __DMTInterrupt
 .isr.text._AddressError
                  0x000b20         0x1e build/default/production/mcc_generated_files/system/src/traps.o
                  0x000b20                  __AddressError
 .isr.text._HardTrapError
                  0x000b3e         0x1e build/default/production/mcc_generated_files/system/src/traps.o
                  0x000b3e                  __HardTrapError
 .isr.text._SoftTrapError
                  0x000b5c         0x3c build/default/production/mcc_generated_files/system/src/traps.o
                  0x000b5c                  __SoftTrapError
 .isr.text._OscillatorFail
                  0x000b98         0x1e build/default/production/mcc_generated_files/system/src/traps.o
                  0x000b98                  __OscillatorFail
 .isr.text._MathError
                  0x000bb6         0x1e build/default/production/mcc_generated_files/system/src/traps.o
                  0x000bb6                  __MathError
 .isr.text._StackError
                  0x000bd4         0x26 build/default/production/mcc_generated_files/system/src/traps.o
                  0x000bd4                  __StackError
 .isr.text._CCT1Interrupt
                  0x000bfa         0x20 build/default/production/mcc_generated_files/timer/src/sccp1.o
                  0x000bfa                  __CCT1Interrupt
 *(.libc)
 .libc            0x000c1a         0x12 c:/program files/microchip/xc16/v2.10/bin/bin/../../lib\libc99-pic30-elf.a(closech.Meo)
                  0x000c1a                  _close
 *(.libm)
 *(.libdsp)
 *(.lib*)
 .libc.write      0x000c2c         0x34 build/default/production/mcc_generated_files/uart/src/uart1.o
                  0x000c2c                  _write
 .libpic30_crt_start_mode
                  0x000c60          0x2 c:/program files/microchip/xc16/v2.10/bin/bin/../../lib\libc99-pic30-elf.a(crt_start_mode_normalch.Meo)
                  0x000c60                  __crt_start_mode
                  0x000c60                  __crt_start_mode_normal
 .libm.eqdf2      0x000c62          0xa c:/program files/microchip/xc16/v2.10/bin/bin/../../lib\libc99-pic30-elf.a(deqltle.CH_o)
                  0x000c62                  ___eqdf2
                  0x000c62                  ___ltdf2
                  0x000c62                  ___ledf2
 .libm.gtdf2      0x000c6c          0xa c:/program files/microchip/xc16/v2.10/bin/bin/../../lib\libc99-pic30-elf.a(dgtge.CH_o)
                  0x000c6c                  ___gtdf2
                  0x000c6c                  ___gedf2
 .libm.divsi3     0x000c76         0x1e c:/program files/microchip/xc16/v2.10/bin/bin/../../lib\libc99-pic30-elf.a(divsi3.CH_o)
                  0x000c76                  ___divsi3
 .libm.eqsf2      0x000c94          0x4 c:/program files/microchip/xc16/v2.10/bin/bin/../../lib\libc99-pic30-elf.a(feqltle.CH_o)
                  0x000c94                  ___eqsf2
                  0x000c94                  ___ltsf2
                  0x000c94                  ___lesf2
 .libm.gtsf2      0x000c98          0x4 c:/program files/microchip/xc16/v2.10/bin/bin/../../lib\libc99-pic30-elf.a(fgtge.CH_o)
                  0x000c98                  ___gesf2
                  0x000c98                  ___gtsf2
 .libm.fixsfsi    0x000c9c         0x42 c:/program files/microchip/xc16/v2.10/bin/bin/../../lib\libc99-pic30-elf.a(fixsfsi.CH_o)
                  0x000c9c                  _(float, int, long long, short, float, short, int)
 .libm.fixunssfsi
                  0x000cde         0x36 c:/program files/microchip/xc16/v2.10/bin/bin/../../lib\libc99-pic30-elf.a(fixunssfsi.CH_o)
                  0x000cde                  ___fixunssfsi
 .libm.floatsisf
                  0x000d14          0x6 c:/program files/microchip/xc16/v2.10/bin/bin/../../lib\libc99-pic30-elf.a(floatsisf.CH_o)
                  0x000d14                  ___floatsisf
 .libm.floatunsisf
                  0x000d1a          0x4 c:/program files/microchip/xc16/v2.10/bin/bin/../../lib\libc99-pic30-elf.a(floatunsisf.CH_o)
                  0x000d1a                  ___floatunsisf
 .libm.funpack    0x000d1e         0x2a c:/program files/microchip/xc16/v2.10/bin/bin/../../lib\libc99-pic30-elf.a(funpack.CH_o)
                  0x000d1e                  __funpack
 .libm.modsi3     0x000d48         0x1e c:/program files/microchip/xc16/v2.10/bin/bin/../../lib\libc99-pic30-elf.a(modsi3.CH_o)
                  0x000d48                  ___modsi3
 .libm.udivsi3    0x000d66         0x20 c:/program files/microchip/xc16/v2.10/bin/bin/../../lib\libc99-pic30-elf.a(udivsi3.CH_o)
                  0x000d66                  ___udivsi3
 .libm.umodsi3    0x000d86          0x6 c:/program files/microchip/xc16/v2.10/bin/bin/../../lib\libc99-pic30-elf.a(umodsi3.CH_o)
                  0x000d86                  ___umodsi3
 .libmx           0x000d8c        0x1dc c:/program files/microchip/xc16/v2.10/bin/bin/../../lib\libc99-pic30-elf.a(addsf3x.CH_o)
                  0x000d8c                  ___subsf3x
                  0x000d8c                  ___subsf3
                  0x000d9e                  ___addsf3x
                  0x000d9e                  ___addsf3
 .libmx           0x000f68        0x1be c:/program files/microchip/xc16/v2.10/bin/bin/../../lib\libc99-pic30-elf.a(divsf3x.CH_o)
                  0x000f68                  ___divsf3x
                  0x000f68                  ___divsf3
                  0x0010fa                  __sdivf
 .libmx           0x001126        0x10c c:/program files/microchip/xc16/v2.10/bin/bin/../../lib\libc99-pic30-elf.a(mulsf3x.CH_o)
                  0x001126                  ___mulsf3x
                  0x001126                  ___mulsf3
 .libmx           0x001232         0x54 c:/program files/microchip/xc16/v2.10/bin/bin/../../lib\libc99-pic30-elf.a(dnrmpackfx.CH_o)
                  0x001232                  __dnrmpackf
 .libmx           0x001286         0x5e c:/program files/microchip/xc16/v2.10/bin/bin/../../lib\libc99-pic30-elf.a(unpackdnrmfx.CH_o)
                  0x001286                  __unpackdnrmf
 .libmx           0x0012e4         0x34 c:/program files/microchip/xc16/v2.10/bin/bin/../../lib\libc99-pic30-elf.a(typefx.CH_o)
                  0x0012e4                  __typef
 .libmx           0x001318         0x12 c:/program files/microchip/xc16/v2.10/bin/bin/../../lib\libc99-pic30-elf.a(propnanfx.CH_o)
                  0x001318                  __propnanf
 .libmx           0x00132a         0xa6 c:/program files/microchip/xc16/v2.10/bin/bin/../../lib\libc99-pic30-elf.a(spackfx.CH_o)
                  0x00132a                  __spackf
 .libmx           0x0013d0         0x66 c:/program files/microchip/xc16/v2.10/bin/bin/../../lib\libc99-pic30-elf.a(unpackfx.CH_o)
                  0x0013d0                  __unpackf
 .libm.dcompare
                  0x001436         0x52 c:/program files/microchip/xc16/v2.10/bin/bin/../../lib\libc99-pic30-elf.a(dcompare.CH_o)
                  0x001436                  __dcompare
 .libm.dtype      0x001488         0x24 c:/program files/microchip/xc16/v2.10/bin/bin/../../lib\libc99-pic30-elf.a(dtype.CH_o)
                  0x001488                  __dtype
 .libm.fcompare
                  0x0014ac         0x36 c:/program files/microchip/xc16/v2.10/bin/bin/../../lib\libc99-pic30-elf.a(fcompare.CH_o)
                  0x0014ac                  __fcompare
 .libm.floatdisf
                  0x0014e2         0x20 c:/program files/microchip/xc16/v2.10/bin/bin/../../lib\libc99-pic30-elf.a(floatdisf.CH_o)
                  0x0014e2                  ___floatdisf
 .libm.floatundisf
                  0x001502         0x5e c:/program files/microchip/xc16/v2.10/bin/bin/../../lib\libc99-pic30-elf.a(floatundisf.CH_o)
                  0x001502                  ___floatundisf
 .libm.fpack      0x001560         0x4c c:/program files/microchip/xc16/v2.10/bin/bin/../../lib\libc99-pic30-elf.a(fpack.CH_o)
                  0x001560                  __fpack
 .libm.funpack2
                  0x0015ac         0x10 c:/program files/microchip/xc16/v2.10/bin/bin/../../lib\libc99-pic30-elf.a(funpack2.CH_o)
                  0x0015ac                  __funpack2
 .libc.sqrtf      0x0015bc        0x114 c:/program files/microchip/xc16/v2.10/bin/bin/../../lib\libm-elf.a(sqrtf.CH_o)
                  0x0015bc                  _sqrtf
 .libc.__wrap_printf
                  0x0016d0         0x10 c:/program files/microchip/xc16/v2.10/bin/bin/../../lib\libc99-elf.a(__sio_printf_0.CH_o)
                  0x0016d0                  __printf_0
                  0x0016d0                  __dprintf_0
 .libc.__wrap_printf
                  0x0016e0         0x10 c:/program files/microchip/xc16/v2.10/bin/bin/../../lib\libc99-elf.a(__sio_printf_doux.CH_o)
                  0x0016e0                  __printf_cdnopuxX
                  0x0016e0                  __dprintf_cdnopuxX
 .libc.abs        0x0016f0          0x6 c:/program files/microchip/xc16/v2.10/bin/bin/../../lib\libc99-elf.a(abs.CH_o)
                  0x0016f0                  _abs
 .libc.memcpy     0x0016f6          0xe c:/program files/microchip/xc16/v2.10/bin/bin/../../lib\libc99-elf.a(memcpy.CH_o)
                  0x0016f6                  _memcpy
 .libc.putchar    0x001704          0x6 c:/program files/microchip/xc16/v2.10/bin/bin/../../lib\libc99-elf.a(putchar.CH_o)
                  0x001704                  _putchar
 .libc.puts       0x00170a         0x1a c:/program files/microchip/xc16/v2.10/bin/bin/../../lib\libc99-elf.a(puts.CH_o)
                  0x00170a                  _puts
 .libc.__dummy0
                  0x001724          0x2 c:/program files/microchip/xc16/v2.10/bin/bin/../../lib\libc99-elf.a(stdout.CH_o)
                  0x001724                  ___stdio_seek
 .libc.__fmt_d    0x001726         0xb4 c:/program files/microchip/xc16/v2.10/bin/bin/../../lib\libc99-elf.a(__fmt_d.CH_o)
                  0x001726                  ___fmt_d
                  0x001726                  ___fmt_d_needed
 .libc.__LONG_DOUBLE_BITS
                  0x0017da          0x2 c:/program files/microchip/xc16/v2.10/bin/bin/../../lib\libc99-elf.a(__fmt_fp.CH_o)
 .libc.__fmt_fp
                  0x0017dc        0x5a2 c:/program files/microchip/xc16/v2.10/bin/bin/../../lib\libc99-elf.a(__fmt_fp.CH_o)
                  0x0017dc                  ___fmt_f_needed
                  0x0017dc                  ___fmt_fp
 .libc.__fmt_o    0x001d7e         0x6e c:/program files/microchip/xc16/v2.10/bin/bin/../../lib\libc99-elf.a(__fmt_o.CH_o)
                  0x001d7e                  ___fmt_o
                  0x001d7e                  ___fmt_o_needed
 .libc.__fmt_s    0x001dec         0x54 c:/program files/microchip/xc16/v2.10/bin/bin/../../lib\libc99-elf.a(__fmt_s.CH_o)
                  0x001dec                  ___fmt_0_needed
                  0x001dec                  ___fmt_s_needed
                  0x001dec                  ___fmt_s
 .libc.__cvt_u    0x001e40         0xa6 c:/program files/microchip/xc16/v2.10/bin/bin/../../lib\libc99-elf.a(__fmt_u.CH_o)
                  0x001e40                  ___cvt_u
 .libc.__fmt_u    0x001ee6         0x52 c:/program files/microchip/xc16/v2.10/bin/bin/../../lib\libc99-elf.a(__fmt_u.CH_o)
                  0x001ee6                  ___fmt_u
                  0x001ee6                  ___fmt_u_needed
 .libc.__fmt_x    0x001f38        0x152 c:/program files/microchip/xc16/v2.10/bin/bin/../../lib\libc99-elf.a(__fmt_x.CH_o)
                  0x001f38                  ___fmt_x_needed
                  0x001f38                  ___fmt_x
 .libc.__vfprintf
                  0x00208a         0x1c c:/program files/microchip/xc16/v2.10/bin/bin/../../lib\libc99-elf.a(__int_vfprintf.CH_o)
                  0x00208a                  ___vfprintf
 .libc.__string_out
                  0x0020a6         0x26 c:/program files/microchip/xc16/v2.10/bin/bin/../../lib\libc99-elf.a(__out.CH_o)
 .libc.__fwrite_min
                  0x0020cc          0x4 c:/program files/microchip/xc16/v2.10/bin/bin/../../lib\libc99-elf.a(__out.CH_o)
                  0x0020cc                  ___fwrite
                  0x0020cc                  ___stdio_write
                  0x0020cc                  ___stdio_write_unbuffered
 .libc.__out      0x0020d0         0x10 c:/program files/microchip/xc16/v2.10/bin/bin/../../lib\libc99-elf.a(__out.CH_o)
                  0x0020d0                  ___out_needed
                  0x0020d0                  ___out
 .libc.__pop_float
                  0x0020e0         0x3e c:/program files/microchip/xc16/v2.10/bin/bin/../../lib\libc99-elf.a(__pop_float.CH_o)
                  0x0020e0                  ___pop_float
                  0x0020e0                  ___pop_float_needed
 .libc.__pop_int
                  0x00211e         0xa8 c:/program files/microchip/xc16/v2.10/bin/bin/../../lib\libc99-elf.a(__pop_int.CH_o)
                  0x00211e                  ___pop_int
                  0x00211e                  ___pop_int_needed
 .libc.__pop_ptr
                  0x0021c6         0x70 c:/program files/microchip/xc16/v2.10/bin/bin/../../lib\libc99-elf.a(__pop_ptr.CH_o)
                  0x0021c6                  ___pop_ptr_needed
                  0x0021c6                  ___pop_ptr
 .libc.__pad      0x002236         0x74 c:/program files/microchip/xc16/v2.10/bin/bin/../../lib\libc99-elf.a(__printf_core.CH_o)
                  0x002236                  ___pad
 .libc.__dummy_fmt4
                  0x0022aa          0x2 c:/program files/microchip/xc16/v2.10/bin/bin/../../lib\libc99-elf.a(__printf_core.CH_o)
                  0x0022aa                  ___fmt_a
 .libc.__fmt_state
                  0x0022ac         0x32 c:/program files/microchip/xc16/v2.10/bin/bin/../../lib\libc99-elf.a(__printf_core.CH_o)
                  0x0022ac                  ___fmt_state
 .libc.vfpfcnvrt.clone.0
                  0x0022de        0x2d8 c:/program files/microchip/xc16/v2.10/bin/bin/../../lib\libc99-elf.a(__printf_core.CH_o)
 .libc.__printf_core
                  0x0025b6         0x40 c:/program files/microchip/xc16/v2.10/bin/bin/../../lib\libc99-elf.a(__printf_core.CH_o)
                  0x0025b6                  ___printf_core
 .libc.__stdio_close_rw
                  0x0025f6         0x58 c:/program files/microchip/xc16/v2.10/bin/bin/../../lib\libc99-elf.a(__stdio_close.CH_o)
                  0x0025f6                  ___stdio_close_rw
 .libc.__isspace
                  0x00264e         0x14 c:/program files/microchip/xc16/v2.10/bin/bin/../../lib\libc99-elf.a(atoi.CH_o)
 .libc.atoi       0x002662         0x4c c:/program files/microchip/xc16/v2.10/bin/bin/../../lib\libc99-elf.a(atoi.CH_o)
                  0x002662                  _atoi
 .libc.fputs      0x0026ae         0x28 c:/program files/microchip/xc16/v2.10/bin/bin/../../lib\libc99-elf.a(fputs.CH_o)
                  0x0026ae                  _fputs_unlocked
                  0x0026ae                  _fputs
 .libc.fwrite     0x0026d6         0x2c c:/program files/microchip/xc16/v2.10/bin/bin/../../lib\libc99-elf.a(fwrite.CH_o)
                  0x0026d6                  _fwrite
                  0x0026d6                  _fwrite_unlocked
 .libc.__lseek    0x002702          0xc c:/program files/microchip/xc16/v2.10/bin/bin/../../lib\libc99-elf.a(lseek.CH_o)
                  0x002702                  _lseek
                  0x002702                  ___lseek
 .libc.memset     0x00270e         0xc8 c:/program files/microchip/xc16/v2.10/bin/bin/../../lib\libc99-elf.a(memset.CH_o)
                  0x00270e                  _memset
 .libc.__putc_unbuffered
                  0x0027d6         0x2e c:/program files/microchip/xc16/v2.10/bin/bin/../../lib\libc99-elf.a(putc.CH_o)
                  0x0027d6                  ___putc
                  0x0027d6                  ___putc_unbuffered
 .libc.putc       0x002804          0x2 c:/program files/microchip/xc16/v2.10/bin/bin/../../lib\libc99-elf.a(putc.CH_o)
                  0x002804                  _putc
                  0x002804                  _fputc
                  0x002804                  _putc_unlocked
                  0x002804                  __IO_putc
 .libc.strcpy     0x002806          0xe c:/program files/microchip/xc16/v2.10/bin/bin/../../lib\libc99-elf.a(strcpy.CH_o)
                  0x002806                  _strcpy
 .libc.strlen     0x002814         0x30 c:/program files/microchip/xc16/v2.10/bin/bin/../../lib\libc99-elf.a(strlen.CH_o)
                  0x002814                  _strlen
 .libc.__syscall_ret
                  0x002844         0x14 c:/program files/microchip/xc16/v2.10/bin/bin/../../lib\libc99-elf.a(syscall_ret.CH_o)
                  0x002844                  ___syscall_ret
 .libc.tolower    0x002858          0xc c:/program files/microchip/xc16/v2.10/bin/bin/../../lib\libc99-elf.a(tolower.CH_o)
                  0x002858                  _tolower
 .libc.toupper    0x002864          0xc c:/program files/microchip/xc16/v2.10/bin/bin/../../lib\libc99-elf.a(toupper.CH_o)
                  0x002864                  _toupper
 .libc.__stpcpy
                  0x002870         0x40 c:/program files/microchip/xc16/v2.10/bin/bin/../../lib\libc99-elf.a(stpcpy.CH_o)
                  0x002870                  ___stpcpy
                  0x002870                  _stpcpy
 .libc.doclose    0x0028b0          0x4 c:/program files/microchip/xc16/v2.10/bin/bin/../../lib\libc99-pic30-elf.a(closech.Meo)
 .libm.extendsfdf2
                  0x0028b4         0x3e c:/program files/microchip/xc16/v2.10/bin/bin/../../lib\libc99-pic30-elf.a(extendsfdf.CH_o)
                  0x0028b4                  ___extendsfdf2
 .libm.fixdfsi    0x0028f2         0x58 c:/program files/microchip/xc16/v2.10/bin/bin/../../lib\libc99-pic30-elf.a(fixdfsi.CH_o)
                  0x0028f2                  _(float, int, long long, double, float, short, int)
 .libm.mulsi3     0x00294a          0xc c:/program files/microchip/xc16/v2.10/bin/bin/../../lib\libc99-pic30-elf.a(mulsi3.CH_o)
                  0x00294a                  ___mulp32peds3
                  0x00294a                  ___mulsi3
                  0x00294a                  ___mulp32eds3
 .lib_dpfops      0x002956         0xa2 c:/program files/microchip/xc16/v2.10/bin/bin/../../lib\libc99-pic30-elf.a(dpadd.CH_o)
                  0x002956                  ___subdf3
                  0x002962                  ___adddf3
 .lib_dpfops      0x0029f8        0x15e c:/program files/microchip/xc16/v2.10/bin/bin/../../lib\libc99-pic30-elf.a(dpdiv.CH_o)
                  0x0029f8                  ___divdf3
 .lib_dpfops      0x002b56        0x11a c:/program files/microchip/xc16/v2.10/bin/bin/../../lib\libc99-pic30-elf.a(dpmul.CH_o)
                  0x002b56                  ___muldf3
 .lib_dpfops      0x002c70        0x128 c:/program files/microchip/xc16/v2.10/bin/bin/../../lib\libc99-pic30-elf.a(dpsubs.CH_o)
                  0x002c8a                  __dxchg
                  0x002c98                  __drshft
                  0x002cf2                  __dupchk
                  0x002d54                  __drndex
                  0x002d5e                  __dnsrnd
                  0x002d8a                  __dpakex
 .libm.__PplusBdi
                  0x002d98         0x26 c:/program files/microchip/xc16/v2.10/bin/bin/../../lib\libc99-pic30-elf.a(divmoddi3.CH_o)
 .libm.__PminusBdi
                  0x002dbe         0x26 c:/program files/microchip/xc16/v2.10/bin/bin/../../lib\libc99-pic30-elf.a(divmoddi3.CH_o)
 .libm.__udivmoddi3
                  0x002de4         0xe6 c:/program files/microchip/xc16/v2.10/bin/bin/../../lib\libc99-pic30-elf.a(divmoddi3.CH_o)
                  0x002de4                  ___udivmoddi3
 .libm.__udivdi3
                  0x002eca          0xe c:/program files/microchip/xc16/v2.10/bin/bin/../../lib\libc99-pic30-elf.a(divmoddi3.CH_o)
                  0x002eca                  ___udivdi3
 .libm.__umoddi3
                  0x002ed8          0x8 c:/program files/microchip/xc16/v2.10/bin/bin/../../lib\libc99-pic30-elf.a(divmoddi3.CH_o)
                  0x002ed8                  ___umoddi3
 .libm.dunpack    0x002ee0         0x4e c:/program files/microchip/xc16/v2.10/bin/bin/../../lib\libc99-pic30-elf.a(dunpack.CH_o)
                  0x002ee0                  __dunpack
 .libm.dunpack2
                  0x002f2e         0x32 c:/program files/microchip/xc16/v2.10/bin/bin/../../lib\libc99-pic30-elf.a(dunpack2.CH_o)
                  0x002f2e                  __dunpack2
                  0x002f50                  __dreturnNaN
                  0x002f56                  __dunpack2exit
 .libm.dPropagateNaN
                  0x002f60         0x1c c:/program files/microchip/xc16/v2.10/bin/bin/../../lib\libc99-pic30-elf.a(dpropagateNaN.CH_o)
                  0x002f60                  __dPropagateNaN
 .libc.floorl     0x002f7c         0xf8 c:/program files/microchip/xc16/v2.10/bin/bin/../../lib\libm-elf.a(floorl.CH_o)
                  0x002f7c                  _floorl

usercode
 *(usercode)

__FBOOT
 *(__FBOOT.sec*)

__FSEC            0x02bf00          0x2
 *(__FSEC.sec*)
 __FSEC.sec       0x02bf00          0x2 /CW/_FSEC
                  0x02bf00                  __FSEC.sec

__FBSLIM
 *(__FBSLIM.sec*)

__FSIGN
 *(__FSIGN.sec*)

__FOSCSEL
 *(__FOSCSEL.sec*)

__FOSC
 *(__FOSC.sec*)

__FWDT
 *(__FWDT.sec*)

__FPOR
 *(__FPOR.sec*)

__FICD
 *(__FICD.sec*)

__FDMTIVTL
 *(__FDMTIVTL.sec*)

__FDMTIVTH
 *(__FDMTIVTH.sec*)

__FDMTCNTL
 *(__FDMTCNTL.sec*)

__FDMTCNTH
 *(__FDMTCNTH.sec*)

__FDMT
 *(__FDMT.sec*)

__FDEVOPT
 *(__FDEVOPT.sec*)

__FALTREG
 *(__FALTREG.sec*)

__FBTSEQ
 *(__FBTSEQ.sec*)

.comment
 *(.comment)

.debug_info       0x000000      0xc836c
 *(.debug_info)
 .debug_info      0x000000        0x2fd build/default/production/knowledgepack/application/sml_recognition_run.o
 .debug_info      0x0002fd       0x4dc7 build/default/production/mcc_generated_files/adc/src/adc1.o
 .debug_info      0x0050c4        0xcc7 build/default/production/mcc_generated_files/cmp/src/cmp1.o
 .debug_info      0x005d8b       0x58aa build/default/production/mcc_generated_files/motorBench/commutation/pll.o
 .debug_info      0x00b635        0x1e8 build/default/production/mcc_generated_files/motorBench/hal/mcaf_pin_manager.o
 .debug_info      0x00b81d       0x4776 build/default/production/mcc_generated_files/motorBench/hal/hardware_access_functions.o
 .debug_info      0x00ff93        0x183 build/default/production/mcc_generated_files/motorBench/metadata/data_model_snapshot.o
 .debug_info      0x010116       0x7bb9 build/default/production/mcc_generated_files/motorBench/parameters/init_params.o
 .debug_info      0x017ccf        0x17c build/default/production/mcc_generated_files/motorBench/test_harness_timestamps.o
 .debug_info      0x017e4b       0xb77b build/default/production/mcc_generated_files/motorBench/state_machine.o
 .debug_info      0x0235c6        0x112 build/default/production/mcc_generated_files/motorBench/math_asm.o
 .debug_info      0x0236d8        0x211 build/default/production/mcc_generated_files/motorBench/mcapi.o
 .debug_info      0x0238e9       0x4f33 build/default/production/mcc_generated_files/motorBench/ui.o
 .debug_info      0x02881c       0x5526 build/default/production/mcc_generated_files/motorBench/sat_PI.o
 .debug_info      0x02dd42       0x4df1 build/default/production/mcc_generated_files/motorBench/test_harness.o
 .debug_info      0x032b33       0x556c build/default/production/mcc_generated_files/motorBench/mcaf_sample_application.o
 .debug_info      0x03809f       0x5f61 build/default/production/mcc_generated_files/motorBench/system_init.o
 .debug_info      0x03e000       0x7ff0 build/default/production/mcc_generated_files/motorBench/fault_detect.o
 .debug_info      0x045ff0       0xa4eb build/default/production/mcc_generated_files/motorBench/foc.o
 .debug_info      0x0504db       0x8211 build/default/production/mcc_generated_files/motorBench/monitor.o
 .debug_info      0x0586ec       0x988e build/default/production/mcc_generated_files/motorBench/stall_detect.o
 .debug_info      0x061f7a       0x1281 build/default/production/mcc_generated_files/motorBench/startup.o
 .debug_info      0x0631fb       0x8599 build/default/production/mcc_generated_files/motorBench/commutation.o
 .debug_info      0x06b794       0x839f build/default/production/mcc_generated_files/motorBench/current_measure.o
 .debug_info      0x073b33       0x852f build/default/production/mcc_generated_files/motorBench/adc_compensation.o
 .debug_info      0x07c062       0x4824 build/default/production/mcc_generated_files/motorBench/diagnostics.o
 .debug_info      0x080886       0x80c5 build/default/production/mcc_generated_files/motorBench/mcaf_main.o
 .debug_info      0x08894b       0x4afa build/default/production/mcc_generated_files/motorBench/mcaf_traps.o
 .debug_info      0x08d445       0x9220 build/default/production/mcc_generated_files/motorBench/isr.o
 .debug_info      0x096665       0x5165 build/default/production/mcc_generated_files/motorBench/board_service.o
 .debug_info      0x09b7ca       0x7acc build/default/production/mcc_generated_files/motorBench/system_state.o
 .debug_info      0x0a3296       0x4918 build/default/production/mcc_generated_files/motorBench/recover.o
 .debug_info      0x0a7bae        0x563 build/default/production/mcc_generated_files/opa/src/opa3.o
 .debug_info      0x0a8111        0x562 build/default/production/mcc_generated_files/opa/src/opa2.o
 .debug_info      0x0a8673        0x562 build/default/production/mcc_generated_files/opa/src/opa1.o
 .debug_info      0x0a8bd5       0x3c2b build/default/production/mcc_generated_files/pwm_hs/src/pwm.o
 .debug_info      0x0ac800        0xda3 build/default/production/mcc_generated_files/qei/src/qei1.o
 .debug_info      0x0ad5a3        0x111 build/default/production/mcc_generated_files/system/src/dmt_asm.o
 .debug_info      0x0ad6b4        0xa57 build/default/production/mcc_generated_files/system/src/dmt.o
 .debug_info      0x0ae10b        0x50e build/default/production/mcc_generated_files/system/src/interrupt.o
 .debug_info      0x0ae619        0x765 build/default/production/mcc_generated_files/system/src/clock.o
 .debug_info      0x0aed7e        0x4e2 build/default/production/mcc_generated_files/system/src/reset.o
 .debug_info      0x0af260        0x78c build/default/production/mcc_generated_files/system/src/pins.o
 .debug_info      0x0af9ec        0x6ac build/default/production/mcc_generated_files/system/src/traps.o
 .debug_info      0x0b0098       0x40a5 build/default/production/mcc_generated_files/system/src/system.o
 .debug_info      0x0b413d        0xe80 build/default/production/mcc_generated_files/timer/src/sccp1.o
 .debug_info      0x0b4fbd        0x9b3 build/default/production/mcc_generated_files/timer/src/tmr1.o
 .debug_info      0x0b5970       0x1278 build/default/production/mcc_generated_files/uart/src/uart1.o
 .debug_info      0x0b6be8       0x8200 build/default/production/main.o
 .debug_info      0x0bede8        0x671 build/default/production/ringbuffer.o
 .debug_info      0x0bf459       0x1085 mcc_generated_files\motorBench\library\x2cscope\libx2cscope-dspic-elf.a(X2CScopeWrapper.c.20.o)
 .debug_info      0x0c04de        0xd82 mcc_generated_files\motorBench\library\x2cscope\libx2cscope-dspic-elf.a(BlockServicesX2C.c.11.o)
 .debug_info      0x0c1260       0x1080 mcc_generated_files\motorBench\library\x2cscope\libx2cscope-dspic-elf.a(LNet.c.13.o)
 .debug_info      0x0c22e0        0x4d9 mcc_generated_files\motorBench\library\x2cscope\libx2cscope-dspic-elf.a(SerialGeneric.c.15.o)
 .debug_info      0x0c27b9        0xf2f mcc_generated_files\motorBench\library\x2cscope\libx2cscope-dspic-elf.a(Services.c.16.o)
 .debug_info      0x0c36e8        0xacd mcc_generated_files\motorBench\library\x2cscope\libx2cscope-dspic-elf.a(TableStruct.c.17.o)
 .debug_info      0x0c41b5        0xaeb mcc_generated_files\motorBench\library\x2cscope\libx2cscope-dspic-elf.a(VersionInfo.c.18.o)
 .debug_info      0x0c4ca0        0x740 mcc_generated_files\motorBench\library\x2cscope\libx2cscope-dspic-elf.a(X2C.c.19.o)
 .debug_info      0x0c53e0       0x1454 mcc_generated_files\motorBench\library\x2cscope\libx2cscope-dspic-elf.a(Scope_Main.c.14.o)
 .debug_info      0x0c6834        0x4a1 mcc_generated_files\motorBench\library\x2cscope\libx2cscope-dspic-elf.a(CommonFcts.c.12.o)
 .debug_info      0x0c6cd5         0x8d c:/program files/microchip/xc16/v2.10/bin/bin/../../lib\libc99-pic30-elf.a(deqltle.CH_o)
 .debug_info      0x0c6d62         0x8b c:/program files/microchip/xc16/v2.10/bin/bin/../../lib\libc99-pic30-elf.a(dgtge.CH_o)
 .debug_info      0x0c6ded         0x8c c:/program files/microchip/xc16/v2.10/bin/bin/../../lib\libc99-pic30-elf.a(divsi3.CH_o)
 .debug_info      0x0c6e79         0x8d c:/program files/microchip/xc16/v2.10/bin/bin/../../lib\libc99-pic30-elf.a(feqltle.CH_o)
 .debug_info      0x0c6f06         0x8b c:/program files/microchip/xc16/v2.10/bin/bin/../../lib\libc99-pic30-elf.a(fgtge.CH_o)
 .debug_info      0x0c6f91         0x8d c:/program files/microchip/xc16/v2.10/bin/bin/../../lib\libc99-pic30-elf.a(fixsfsi.CH_o)
 .debug_info      0x0c701e         0x90 c:/program files/microchip/xc16/v2.10/bin/bin/../../lib\libc99-pic30-elf.a(fixunssfsi.CH_o)
 .debug_info      0x0c70ae         0x8f c:/program files/microchip/xc16/v2.10/bin/bin/../../lib\libc99-pic30-elf.a(floatsisf.CH_o)
 .debug_info      0x0c713d         0x91 c:/program files/microchip/xc16/v2.10/bin/bin/../../lib\libc99-pic30-elf.a(floatunsisf.CH_o)
 .debug_info      0x0c71ce         0x8d c:/program files/microchip/xc16/v2.10/bin/bin/../../lib\libc99-pic30-elf.a(funpack.CH_o)
 .debug_info      0x0c725b         0x8c c:/program files/microchip/xc16/v2.10/bin/bin/../../lib\libc99-pic30-elf.a(modsi3.CH_o)
 .debug_info      0x0c72e7         0x8d c:/program files/microchip/xc16/v2.10/bin/bin/../../lib\libc99-pic30-elf.a(udivsi3.CH_o)
 .debug_info      0x0c7374         0x8d c:/program files/microchip/xc16/v2.10/bin/bin/../../lib\libc99-pic30-elf.a(umodsi3.CH_o)
 .debug_info      0x0c7401         0x9d c:/program files/microchip/xc16/v2.10/bin/bin/../../lib\libc99-pic30-elf.a(addsf3x.CH_o)
 .debug_info      0x0c749e         0x9d c:/program files/microchip/xc16/v2.10/bin/bin/../../lib\libc99-pic30-elf.a(divsf3x.CH_o)
 .debug_info      0x0c753b         0x9d c:/program files/microchip/xc16/v2.10/bin/bin/../../lib\libc99-pic30-elf.a(mulsf3x.CH_o)
 .debug_info      0x0c75d8         0xa0 c:/program files/microchip/xc16/v2.10/bin/bin/../../lib\libc99-pic30-elf.a(dnrmpackfx.CH_o)
 .debug_info      0x0c7678         0xa2 c:/program files/microchip/xc16/v2.10/bin/bin/../../lib\libc99-pic30-elf.a(unpackdnrmfx.CH_o)
 .debug_info      0x0c771a         0x9c c:/program files/microchip/xc16/v2.10/bin/bin/../../lib\libc99-pic30-elf.a(typefx.CH_o)
 .debug_info      0x0c77b6         0x9f c:/program files/microchip/xc16/v2.10/bin/bin/../../lib\libc99-pic30-elf.a(propnanfx.CH_o)
 .debug_info      0x0c7855         0x9d c:/program files/microchip/xc16/v2.10/bin/bin/../../lib\libc99-pic30-elf.a(spackfx.CH_o)
 .debug_info      0x0c78f2         0x9e c:/program files/microchip/xc16/v2.10/bin/bin/../../lib\libc99-pic30-elf.a(unpackfx.CH_o)
 .debug_info      0x0c7990         0x8e c:/program files/microchip/xc16/v2.10/bin/bin/../../lib\libc99-pic30-elf.a(dcompare.CH_o)
 .debug_info      0x0c7a1e         0x8b c:/program files/microchip/xc16/v2.10/bin/bin/../../lib\libc99-pic30-elf.a(dtype.CH_o)
 .debug_info      0x0c7aa9         0x8e c:/program files/microchip/xc16/v2.10/bin/bin/../../lib\libc99-pic30-elf.a(fcompare.CH_o)
 .debug_info      0x0c7b37         0x8f c:/program files/microchip/xc16/v2.10/bin/bin/../../lib\libc99-pic30-elf.a(floatdisf.CH_o)
 .debug_info      0x0c7bc6         0x91 c:/program files/microchip/xc16/v2.10/bin/bin/../../lib\libc99-pic30-elf.a(floatundisf.CH_o)
 .debug_info      0x0c7c57         0x8b c:/program files/microchip/xc16/v2.10/bin/bin/../../lib\libc99-pic30-elf.a(fpack.CH_o)
 .debug_info      0x0c7ce2         0x8e c:/program files/microchip/xc16/v2.10/bin/bin/../../lib\libc99-pic30-elf.a(funpack2.CH_o)
 .debug_info      0x0c7d70         0x90 c:/program files/microchip/xc16/v2.10/bin/bin/../../lib\libc99-pic30-elf.a(extendsfdf.CH_o)
 .debug_info      0x0c7e00         0x8d c:/program files/microchip/xc16/v2.10/bin/bin/../../lib\libc99-pic30-elf.a(fixdfsi.CH_o)
 .debug_info      0x0c7e8d         0x8c c:/program files/microchip/xc16/v2.10/bin/bin/../../lib\libc99-pic30-elf.a(mulsi3.CH_o)
 .debug_info      0x0c7f19         0xa9 c:/program files/microchip/xc16/v2.10/bin/bin/../../lib\libc99-pic30-elf.a(dpadd.CH_o)
 .debug_info      0x0c7fc2         0xa9 c:/program files/microchip/xc16/v2.10/bin/bin/../../lib\libc99-pic30-elf.a(dpdiv.CH_o)
 .debug_info      0x0c806b         0xa9 c:/program files/microchip/xc16/v2.10/bin/bin/../../lib\libc99-pic30-elf.a(dpmul.CH_o)
 .debug_info      0x0c8114         0xaa c:/program files/microchip/xc16/v2.10/bin/bin/../../lib\libc99-pic30-elf.a(dpsubs.CH_o)
 .debug_info      0x0c81be         0x8d c:/program files/microchip/xc16/v2.10/bin/bin/../../lib\libc99-pic30-elf.a(dunpack.CH_o)
 .debug_info      0x0c824b         0x8e c:/program files/microchip/xc16/v2.10/bin/bin/../../lib\libc99-pic30-elf.a(dunpack2.CH_o)
 .debug_info      0x0c82d9         0x93 c:/program files/microchip/xc16/v2.10/bin/bin/../../lib\libc99-pic30-elf.a(dpropagateNaN.CH_o)
 *(.gnu.linkonce.wi.*)

.debug_abbrev     0x000000       0x6a42
 *(.debug_abbrev)
 .debug_abbrev    0x000000         0x95 build/default/production/knowledgepack/application/sml_recognition_run.o
 .debug_abbrev    0x000095        0x23c build/default/production/mcc_generated_files/adc/src/adc1.o
 .debug_abbrev    0x0002d1        0x192 build/default/production/mcc_generated_files/cmp/src/cmp1.o
 .debug_abbrev    0x000463        0x297 build/default/production/mcc_generated_files/motorBench/commutation/pll.o
 .debug_abbrev    0x0006fa         0x34 build/default/production/mcc_generated_files/motorBench/hal/mcaf_pin_manager.o
 .debug_abbrev    0x00072e        0x15a build/default/production/mcc_generated_files/motorBench/hal/hardware_access_functions.o
 .debug_abbrev    0x000888         0x42 build/default/production/mcc_generated_files/motorBench/metadata/data_model_snapshot.o
 .debug_abbrev    0x0008ca        0x225 build/default/production/mcc_generated_files/motorBench/parameters/init_params.o
 .debug_abbrev    0x000aef         0x42 build/default/production/mcc_generated_files/motorBench/test_harness_timestamps.o
 .debug_abbrev    0x000b31        0x359 build/default/production/mcc_generated_files/motorBench/state_machine.o
 .debug_abbrev    0x000e8a         0x14 build/default/production/mcc_generated_files/motorBench/math_asm.o
 .debug_abbrev    0x000e9e         0x34 build/default/production/mcc_generated_files/motorBench/mcapi.o
 .debug_abbrev    0x000ed2        0x278 build/default/production/mcc_generated_files/motorBench/ui.o
 .debug_abbrev    0x00114a        0x2db build/default/production/mcc_generated_files/motorBench/sat_PI.o
 .debug_abbrev    0x001425        0x1df build/default/production/mcc_generated_files/motorBench/test_harness.o
 .debug_abbrev    0x001604        0x2b6 build/default/production/mcc_generated_files/motorBench/mcaf_sample_application.o
 .debug_abbrev    0x0018ba        0x274 build/default/production/mcc_generated_files/motorBench/system_init.o
 .debug_abbrev    0x001b2e        0x297 build/default/production/mcc_generated_files/motorBench/fault_detect.o
 .debug_abbrev    0x001dc5        0x3a5 build/default/production/mcc_generated_files/motorBench/foc.o
 .debug_abbrev    0x00216a        0x29b build/default/production/mcc_generated_files/motorBench/monitor.o
 .debug_abbrev    0x002405        0x34c build/default/production/mcc_generated_files/motorBench/stall_detect.o
 .debug_abbrev    0x002751        0x200 build/default/production/mcc_generated_files/motorBench/startup.o
 .debug_abbrev    0x002951        0x2ac build/default/production/mcc_generated_files/motorBench/commutation.o
 .debug_abbrev    0x002bfd        0x2c6 build/default/production/mcc_generated_files/motorBench/current_measure.o
 .debug_abbrev    0x002ec3        0x29c build/default/production/mcc_generated_files/motorBench/adc_compensation.o
 .debug_abbrev    0x00315f        0x1b7 build/default/production/mcc_generated_files/motorBench/diagnostics.o
 .debug_abbrev    0x003316        0x2f5 build/default/production/mcc_generated_files/motorBench/mcaf_main.o
 .debug_abbrev    0x00360b        0x1da build/default/production/mcc_generated_files/motorBench/mcaf_traps.o
 .debug_abbrev    0x0037e5        0x313 build/default/production/mcc_generated_files/motorBench/isr.o
 .debug_abbrev    0x003af8        0x226 build/default/production/mcc_generated_files/motorBench/board_service.o
 .debug_abbrev    0x003d1e        0x1ca build/default/production/mcc_generated_files/motorBench/system_state.o
 .debug_abbrev    0x003ee8        0x15e build/default/production/mcc_generated_files/motorBench/recover.o
 .debug_abbrev    0x004046        0x16b build/default/production/mcc_generated_files/opa/src/opa3.o
 .debug_abbrev    0x0041b1        0x16b build/default/production/mcc_generated_files/opa/src/opa2.o
 .debug_abbrev    0x00431c        0x16b build/default/production/mcc_generated_files/opa/src/opa1.o
 .debug_abbrev    0x004487        0x1f1 build/default/production/mcc_generated_files/pwm_hs/src/pwm.o
 .debug_abbrev    0x004678        0x1b9 build/default/production/mcc_generated_files/qei/src/qei1.o
 .debug_abbrev    0x004831          0x1 build/default/production/mcc_generated_files/system/src/config_bits.o
 .debug_abbrev    0x004832         0x14 build/default/production/mcc_generated_files/system/src/dmt_asm.o
 .debug_abbrev    0x004846        0x19b build/default/production/mcc_generated_files/system/src/dmt.o
 .debug_abbrev    0x0049e1         0xb4 build/default/production/mcc_generated_files/system/src/interrupt.o
 .debug_abbrev    0x004a95         0xdc build/default/production/mcc_generated_files/system/src/clock.o
 .debug_abbrev    0x004b71        0x103 build/default/production/mcc_generated_files/system/src/reset.o
 .debug_abbrev    0x004c74         0x9b build/default/production/mcc_generated_files/system/src/pins.o
 .debug_abbrev    0x004d0f        0x135 build/default/production/mcc_generated_files/system/src/traps.o
 .debug_abbrev    0x004e44        0x107 build/default/production/mcc_generated_files/system/src/system.o
 .debug_abbrev    0x004f4b        0x18d build/default/production/mcc_generated_files/timer/src/sccp1.o
 .debug_abbrev    0x0050d8        0x15c build/default/production/mcc_generated_files/timer/src/tmr1.o
 .debug_abbrev    0x005234        0x253 build/default/production/mcc_generated_files/uart/src/uart1.o
 .debug_abbrev    0x005487        0x28b build/default/production/main.o
 .debug_abbrev    0x005712        0x112 build/default/production/ringbuffer.o
 .debug_abbrev    0x005824        0x1c3 mcc_generated_files\motorBench\library\x2cscope\libx2cscope-dspic-elf.a(X2CScopeWrapper.c.20.o)
 .debug_abbrev    0x0059e7        0x199 mcc_generated_files\motorBench\library\x2cscope\libx2cscope-dspic-elf.a(BlockServicesX2C.c.11.o)
 .debug_abbrev    0x005b80        0x218 mcc_generated_files\motorBench\library\x2cscope\libx2cscope-dspic-elf.a(LNet.c.13.o)
 .debug_abbrev    0x005d98        0x12b mcc_generated_files\motorBench\library\x2cscope\libx2cscope-dspic-elf.a(SerialGeneric.c.15.o)
 .debug_abbrev    0x005ec3        0x241 mcc_generated_files\motorBench\library\x2cscope\libx2cscope-dspic-elf.a(Services.c.16.o)
 .debug_abbrev    0x006104        0x109 mcc_generated_files\motorBench\library\x2cscope\libx2cscope-dspic-elf.a(TableStruct.c.17.o)
 .debug_abbrev    0x00620d        0x10d mcc_generated_files\motorBench\library\x2cscope\libx2cscope-dspic-elf.a(VersionInfo.c.18.o)
 .debug_abbrev    0x00631a         0xff mcc_generated_files\motorBench\library\x2cscope\libx2cscope-dspic-elf.a(X2C.c.19.o)
 .debug_abbrev    0x006419        0x263 mcc_generated_files\motorBench\library\x2cscope\libx2cscope-dspic-elf.a(Scope_Main.c.14.o)
 .debug_abbrev    0x00667c         0xba mcc_generated_files\motorBench\library\x2cscope\libx2cscope-dspic-elf.a(CommonFcts.c.12.o)
 .debug_abbrev    0x006736         0x14 c:/program files/microchip/xc16/v2.10/bin/bin/../../lib\libc99-pic30-elf.a(deqltle.CH_o)
 .debug_abbrev    0x00674a         0x14 c:/program files/microchip/xc16/v2.10/bin/bin/../../lib\libc99-pic30-elf.a(dgtge.CH_o)
 .debug_abbrev    0x00675e         0x14 c:/program files/microchip/xc16/v2.10/bin/bin/../../lib\libc99-pic30-elf.a(divsi3.CH_o)
 .debug_abbrev    0x006772         0x14 c:/program files/microchip/xc16/v2.10/bin/bin/../../lib\libc99-pic30-elf.a(feqltle.CH_o)
 .debug_abbrev    0x006786         0x14 c:/program files/microchip/xc16/v2.10/bin/bin/../../lib\libc99-pic30-elf.a(fgtge.CH_o)
 .debug_abbrev    0x00679a         0x14 c:/program files/microchip/xc16/v2.10/bin/bin/../../lib\libc99-pic30-elf.a(fixsfsi.CH_o)
 .debug_abbrev    0x0067ae         0x14 c:/program files/microchip/xc16/v2.10/bin/bin/../../lib\libc99-pic30-elf.a(fixunssfsi.CH_o)
 .debug_abbrev    0x0067c2         0x14 c:/program files/microchip/xc16/v2.10/bin/bin/../../lib\libc99-pic30-elf.a(floatsisf.CH_o)
 .debug_abbrev    0x0067d6         0x14 c:/program files/microchip/xc16/v2.10/bin/bin/../../lib\libc99-pic30-elf.a(floatunsisf.CH_o)
 .debug_abbrev    0x0067ea         0x14 c:/program files/microchip/xc16/v2.10/bin/bin/../../lib\libc99-pic30-elf.a(funpack.CH_o)
 .debug_abbrev    0x0067fe         0x14 c:/program files/microchip/xc16/v2.10/bin/bin/../../lib\libc99-pic30-elf.a(modsi3.CH_o)
 .debug_abbrev    0x006812         0x14 c:/program files/microchip/xc16/v2.10/bin/bin/../../lib\libc99-pic30-elf.a(udivsi3.CH_o)
 .debug_abbrev    0x006826         0x14 c:/program files/microchip/xc16/v2.10/bin/bin/../../lib\libc99-pic30-elf.a(umodsi3.CH_o)
 .debug_abbrev    0x00683a         0x14 c:/program files/microchip/xc16/v2.10/bin/bin/../../lib\libc99-pic30-elf.a(addsf3x.CH_o)
 .debug_abbrev    0x00684e         0x14 c:/program files/microchip/xc16/v2.10/bin/bin/../../lib\libc99-pic30-elf.a(divsf3x.CH_o)
 .debug_abbrev    0x006862         0x14 c:/program files/microchip/xc16/v2.10/bin/bin/../../lib\libc99-pic30-elf.a(mulsf3x.CH_o)
 .debug_abbrev    0x006876         0x14 c:/program files/microchip/xc16/v2.10/bin/bin/../../lib\libc99-pic30-elf.a(dnrmpackfx.CH_o)
 .debug_abbrev    0x00688a         0x14 c:/program files/microchip/xc16/v2.10/bin/bin/../../lib\libc99-pic30-elf.a(unpackdnrmfx.CH_o)
 .debug_abbrev    0x00689e         0x14 c:/program files/microchip/xc16/v2.10/bin/bin/../../lib\libc99-pic30-elf.a(typefx.CH_o)
 .debug_abbrev    0x0068b2         0x14 c:/program files/microchip/xc16/v2.10/bin/bin/../../lib\libc99-pic30-elf.a(propnanfx.CH_o)
 .debug_abbrev    0x0068c6         0x14 c:/program files/microchip/xc16/v2.10/bin/bin/../../lib\libc99-pic30-elf.a(spackfx.CH_o)
 .debug_abbrev    0x0068da         0x14 c:/program files/microchip/xc16/v2.10/bin/bin/../../lib\libc99-pic30-elf.a(unpackfx.CH_o)
 .debug_abbrev    0x0068ee         0x14 c:/program files/microchip/xc16/v2.10/bin/bin/../../lib\libc99-pic30-elf.a(dcompare.CH_o)
 .debug_abbrev    0x006902         0x14 c:/program files/microchip/xc16/v2.10/bin/bin/../../lib\libc99-pic30-elf.a(dtype.CH_o)
 .debug_abbrev    0x006916         0x14 c:/program files/microchip/xc16/v2.10/bin/bin/../../lib\libc99-pic30-elf.a(fcompare.CH_o)
 .debug_abbrev    0x00692a         0x14 c:/program files/microchip/xc16/v2.10/bin/bin/../../lib\libc99-pic30-elf.a(floatdisf.CH_o)
 .debug_abbrev    0x00693e         0x14 c:/program files/microchip/xc16/v2.10/bin/bin/../../lib\libc99-pic30-elf.a(floatundisf.CH_o)
 .debug_abbrev    0x006952         0x14 c:/program files/microchip/xc16/v2.10/bin/bin/../../lib\libc99-pic30-elf.a(fpack.CH_o)
 .debug_abbrev    0x006966         0x14 c:/program files/microchip/xc16/v2.10/bin/bin/../../lib\libc99-pic30-elf.a(funpack2.CH_o)
 .debug_abbrev    0x00697a         0x14 c:/program files/microchip/xc16/v2.10/bin/bin/../../lib\libc99-pic30-elf.a(extendsfdf.CH_o)
 .debug_abbrev    0x00698e         0x14 c:/program files/microchip/xc16/v2.10/bin/bin/../../lib\libc99-pic30-elf.a(fixdfsi.CH_o)
 .debug_abbrev    0x0069a2         0x14 c:/program files/microchip/xc16/v2.10/bin/bin/../../lib\libc99-pic30-elf.a(mulsi3.CH_o)
 .debug_abbrev    0x0069b6         0x14 c:/program files/microchip/xc16/v2.10/bin/bin/../../lib\libc99-pic30-elf.a(dpadd.CH_o)
 .debug_abbrev    0x0069ca         0x14 c:/program files/microchip/xc16/v2.10/bin/bin/../../lib\libc99-pic30-elf.a(dpdiv.CH_o)
 .debug_abbrev    0x0069de         0x14 c:/program files/microchip/xc16/v2.10/bin/bin/../../lib\libc99-pic30-elf.a(dpmul.CH_o)
 .debug_abbrev    0x0069f2         0x14 c:/program files/microchip/xc16/v2.10/bin/bin/../../lib\libc99-pic30-elf.a(dpsubs.CH_o)
 .debug_abbrev    0x006a06         0x14 c:/program files/microchip/xc16/v2.10/bin/bin/../../lib\libc99-pic30-elf.a(dunpack.CH_o)
 .debug_abbrev    0x006a1a         0x14 c:/program files/microchip/xc16/v2.10/bin/bin/../../lib\libc99-pic30-elf.a(dunpack2.CH_o)
 .debug_abbrev    0x006a2e         0x14 c:/program files/microchip/xc16/v2.10/bin/bin/../../lib\libc99-pic30-elf.a(dpropagateNaN.CH_o)

.debug_line       0x000000       0xbfc5
 *(.debug_line)
 .debug_line      0x000000         0xc2 build/default/production/knowledgepack/application/sml_recognition_run.o
 .debug_line      0x0000c2        0x6e1 build/default/production/mcc_generated_files/adc/src/adc1.o
 .debug_line      0x0007a3        0x218 build/default/production/mcc_generated_files/cmp/src/cmp1.o
 .debug_line      0x0009bb        0x3e5 build/default/production/mcc_generated_files/motorBench/commutation/pll.o
 .debug_line      0x000da0         0x62 build/default/production/mcc_generated_files/motorBench/hal/mcaf_pin_manager.o
 .debug_line      0x000e02        0x184 build/default/production/mcc_generated_files/motorBench/hal/hardware_access_functions.o
 .debug_line      0x000f86         0x5b build/default/production/mcc_generated_files/motorBench/metadata/data_model_snapshot.o
 .debug_line      0x000fe1        0x473 build/default/production/mcc_generated_files/motorBench/parameters/init_params.o
 .debug_line      0x001454         0x56 build/default/production/mcc_generated_files/motorBench/test_harness_timestamps.o
 .debug_line      0x0014aa        0xa16 build/default/production/mcc_generated_files/motorBench/state_machine.o
 .debug_line      0x001ec0         0x9f build/default/production/mcc_generated_files/motorBench/math_asm.o
 .debug_line      0x001f5f         0x63 build/default/production/mcc_generated_files/motorBench/mcapi.o
 .debug_line      0x001fc2        0x2f1 build/default/production/mcc_generated_files/motorBench/ui.o
 .debug_line      0x0022b3        0x3a0 build/default/production/mcc_generated_files/motorBench/sat_PI.o
 .debug_line      0x002653        0x1e4 build/default/production/mcc_generated_files/motorBench/test_harness.o
 .debug_line      0x002837        0x31f build/default/production/mcc_generated_files/motorBench/mcaf_sample_application.o
 .debug_line      0x002b56        0x408 build/default/production/mcc_generated_files/motorBench/system_init.o
 .debug_line      0x002f5e        0x488 build/default/production/mcc_generated_files/motorBench/fault_detect.o
 .debug_line      0x0033e6        0x973 build/default/production/mcc_generated_files/motorBench/foc.o
 .debug_line      0x003d59        0x44c build/default/production/mcc_generated_files/motorBench/monitor.o
 .debug_line      0x0041a5        0x9c3 build/default/production/mcc_generated_files/motorBench/stall_detect.o
 .debug_line      0x004b68        0x2d9 build/default/production/mcc_generated_files/motorBench/startup.o
 .debug_line      0x004e41        0x4da build/default/production/mcc_generated_files/motorBench/commutation.o
 .debug_line      0x00531b        0x502 build/default/production/mcc_generated_files/motorBench/current_measure.o
 .debug_line      0x00581d        0x4c8 build/default/production/mcc_generated_files/motorBench/adc_compensation.o
 .debug_line      0x005ce5        0x20c build/default/production/mcc_generated_files/motorBench/diagnostics.o
 .debug_line      0x005ef1        0x48b build/default/production/mcc_generated_files/motorBench/mcaf_main.o
 .debug_line      0x00637c        0x22f build/default/production/mcc_generated_files/motorBench/mcaf_traps.o
 .debug_line      0x0065ab        0x63a build/default/production/mcc_generated_files/motorBench/isr.o
 .debug_line      0x006be5        0x35f build/default/production/mcc_generated_files/motorBench/board_service.o
 .debug_line      0x006f44        0x3b6 build/default/production/mcc_generated_files/motorBench/system_state.o
 .debug_line      0x0072fa        0x17d build/default/production/mcc_generated_files/motorBench/recover.o
 .debug_line      0x007477        0x1cc build/default/production/mcc_generated_files/opa/src/opa3.o
 .debug_line      0x007643        0x1cc build/default/production/mcc_generated_files/opa/src/opa2.o
 .debug_line      0x00780f        0x1cc build/default/production/mcc_generated_files/opa/src/opa1.o
 .debug_line      0x0079db        0x691 build/default/production/mcc_generated_files/pwm_hs/src/pwm.o
 .debug_line      0x00806c        0x2b7 build/default/production/mcc_generated_files/qei/src/qei1.o
 .debug_line      0x008323         0x1a build/default/production/mcc_generated_files/system/src/config_bits.o
 .debug_line      0x00833d         0x6f build/default/production/mcc_generated_files/system/src/dmt_asm.o
 .debug_line      0x0083ac        0x242 build/default/production/mcc_generated_files/system/src/dmt.o
 .debug_line      0x0085ee        0x13d build/default/production/mcc_generated_files/system/src/interrupt.o
 .debug_line      0x00872b        0x14f build/default/production/mcc_generated_files/system/src/clock.o
 .debug_line      0x00887a        0x20c build/default/production/mcc_generated_files/system/src/reset.o
 .debug_line      0x008a86        0x14a build/default/production/mcc_generated_files/system/src/pins.o
 .debug_line      0x008bd0        0x1dc build/default/production/mcc_generated_files/system/src/traps.o
 .debug_line      0x008dac        0x16b build/default/production/mcc_generated_files/system/src/system.o
 .debug_line      0x008f17        0x2bf build/default/production/mcc_generated_files/timer/src/sccp1.o
 .debug_line      0x0091d6        0x27e build/default/production/mcc_generated_files/timer/src/tmr1.o
 .debug_line      0x009454        0x2cc build/default/production/mcc_generated_files/uart/src/uart1.o
 .debug_line      0x009720        0x4d9 build/default/production/main.o
 .debug_line      0x009bf9        0x15f build/default/production/ringbuffer.o
 .debug_line      0x009d58        0x145 mcc_generated_files\motorBench\library\x2cscope\libx2cscope-dspic-elf.a(X2CScopeWrapper.c.20.o)
 .debug_line      0x009e9d        0x199 mcc_generated_files\motorBench\library\x2cscope\libx2cscope-dspic-elf.a(BlockServicesX2C.c.11.o)
 .debug_line      0x00a036        0x261 mcc_generated_files\motorBench\library\x2cscope\libx2cscope-dspic-elf.a(LNet.c.13.o)
 .debug_line      0x00a297         0xe5 mcc_generated_files\motorBench\library\x2cscope\libx2cscope-dspic-elf.a(SerialGeneric.c.15.o)
 .debug_line      0x00a37c        0x252 mcc_generated_files\motorBench\library\x2cscope\libx2cscope-dspic-elf.a(Services.c.16.o)
 .debug_line      0x00a5ce         0xce mcc_generated_files\motorBench\library\x2cscope\libx2cscope-dspic-elf.a(TableStruct.c.17.o)
 .debug_line      0x00a69c         0xc2 mcc_generated_files\motorBench\library\x2cscope\libx2cscope-dspic-elf.a(VersionInfo.c.18.o)
 .debug_line      0x00a75e         0xd0 mcc_generated_files\motorBench\library\x2cscope\libx2cscope-dspic-elf.a(X2C.c.19.o)
 .debug_line      0x00a82e        0x5ce mcc_generated_files\motorBench\library\x2cscope\libx2cscope-dspic-elf.a(Scope_Main.c.14.o)
 .debug_line      0x00adfc         0xe4 mcc_generated_files\motorBench\library\x2cscope\libx2cscope-dspic-elf.a(CommonFcts.c.12.o)
 .debug_line      0x00aee0         0x1a mcc_generated_files\motorBench\library\mc-library\libmotor_control_dspic-elf.a(mc_sinetable_ram_dspic.33C.o)
 .debug_line      0x00aefa         0x3a c:/program files/microchip/xc16/v2.10/bin/bin/../../lib\libc99-pic30-elf.a(deqltle.CH_o)
 .debug_line      0x00af34         0x38 c:/program files/microchip/xc16/v2.10/bin/bin/../../lib\libc99-pic30-elf.a(dgtge.CH_o)
 .debug_line      0x00af6c         0x43 c:/program files/microchip/xc16/v2.10/bin/bin/../../lib\libc99-pic30-elf.a(divsi3.CH_o)
 .debug_line      0x00afaf         0x37 c:/program files/microchip/xc16/v2.10/bin/bin/../../lib\libc99-pic30-elf.a(feqltle.CH_o)
 .debug_line      0x00afe6         0x35 c:/program files/microchip/xc16/v2.10/bin/bin/../../lib\libc99-pic30-elf.a(fgtge.CH_o)
 .debug_line      0x00b01b         0x56 c:/program files/microchip/xc16/v2.10/bin/bin/../../lib\libc99-pic30-elf.a(fixsfsi.CH_o)
 .debug_line      0x00b071         0x53 c:/program files/microchip/xc16/v2.10/bin/bin/../../lib\libc99-pic30-elf.a(fixunssfsi.CH_o)
 .debug_line      0x00b0c4         0x3a c:/program files/microchip/xc16/v2.10/bin/bin/../../lib\libc99-pic30-elf.a(floatsisf.CH_o)
 .debug_line      0x00b0fe         0x3b c:/program files/microchip/xc16/v2.10/bin/bin/../../lib\libc99-pic30-elf.a(floatunsisf.CH_o)
 .debug_line      0x00b139         0x4a c:/program files/microchip/xc16/v2.10/bin/bin/../../lib\libc99-pic30-elf.a(funpack.CH_o)
 .debug_line      0x00b183         0x43 c:/program files/microchip/xc16/v2.10/bin/bin/../../lib\libc99-pic30-elf.a(modsi3.CH_o)
 .debug_line      0x00b1c6         0x45 c:/program files/microchip/xc16/v2.10/bin/bin/../../lib\libc99-pic30-elf.a(udivsi3.CH_o)
 .debug_line      0x00b20b         0x38 c:/program files/microchip/xc16/v2.10/bin/bin/../../lib\libc99-pic30-elf.a(umodsi3.CH_o)
 .debug_line      0x00b243        0x136 c:/program files/microchip/xc16/v2.10/bin/bin/../../lib\libc99-pic30-elf.a(addsf3x.CH_o)
 .debug_line      0x00b379        0x124 c:/program files/microchip/xc16/v2.10/bin/bin/../../lib\libc99-pic30-elf.a(divsf3x.CH_o)
 .debug_line      0x00b49d         0xcc c:/program files/microchip/xc16/v2.10/bin/bin/../../lib\libc99-pic30-elf.a(mulsf3x.CH_o)
 .debug_line      0x00b569         0x72 c:/program files/microchip/xc16/v2.10/bin/bin/../../lib\libc99-pic30-elf.a(dnrmpackfx.CH_o)
 .debug_line      0x00b5db         0x7a c:/program files/microchip/xc16/v2.10/bin/bin/../../lib\libc99-pic30-elf.a(unpackdnrmfx.CH_o)
 .debug_line      0x00b655         0x5e c:/program files/microchip/xc16/v2.10/bin/bin/../../lib\libc99-pic30-elf.a(typefx.CH_o)
 .debug_line      0x00b6b3         0x51 c:/program files/microchip/xc16/v2.10/bin/bin/../../lib\libc99-pic30-elf.a(propnanfx.CH_o)
 .debug_line      0x00b704         0x98 c:/program files/microchip/xc16/v2.10/bin/bin/../../lib\libc99-pic30-elf.a(spackfx.CH_o)
 .debug_line      0x00b79c         0x79 c:/program files/microchip/xc16/v2.10/bin/bin/../../lib\libc99-pic30-elf.a(unpackfx.CH_o)
 .debug_line      0x00b815         0x5f c:/program files/microchip/xc16/v2.10/bin/bin/../../lib\libc99-pic30-elf.a(dcompare.CH_o)
 .debug_line      0x00b874         0x45 c:/program files/microchip/xc16/v2.10/bin/bin/../../lib\libc99-pic30-elf.a(dtype.CH_o)
 .debug_line      0x00b8b9         0x1a c:/program files/microchip/xc16/v2.10/bin/bin/../../lib\libc99-pic30-elf.a(errno.CH_o)
 .debug_line      0x00b8d3         0x53 c:/program files/microchip/xc16/v2.10/bin/bin/../../lib\libc99-pic30-elf.a(fcompare.CH_o)
 .debug_line      0x00b926         0x47 c:/program files/microchip/xc16/v2.10/bin/bin/../../lib\libc99-pic30-elf.a(floatdisf.CH_o)
 .debug_line      0x00b96d         0x6c c:/program files/microchip/xc16/v2.10/bin/bin/../../lib\libc99-pic30-elf.a(floatundisf.CH_o)
 .debug_line      0x00b9d9         0x5a c:/program files/microchip/xc16/v2.10/bin/bin/../../lib\libc99-pic30-elf.a(fpack.CH_o)
 .debug_line      0x00ba33         0x3e c:/program files/microchip/xc16/v2.10/bin/bin/../../lib\libc99-pic30-elf.a(funpack2.CH_o)
 .debug_line      0x00ba71         0x59 c:/program files/microchip/xc16/v2.10/bin/bin/../../lib\libc99-pic30-elf.a(extendsfdf.CH_o)
 .debug_line      0x00baca         0x61 c:/program files/microchip/xc16/v2.10/bin/bin/../../lib\libc99-pic30-elf.a(fixdfsi.CH_o)
 .debug_line      0x00bb2b         0x3a c:/program files/microchip/xc16/v2.10/bin/bin/../../lib\libc99-pic30-elf.a(mulsi3.CH_o)
 .debug_line      0x00bb65         0xa2 c:/program files/microchip/xc16/v2.10/bin/bin/../../lib\libc99-pic30-elf.a(dpadd.CH_o)
 .debug_line      0x00bc07        0x100 c:/program files/microchip/xc16/v2.10/bin/bin/../../lib\libc99-pic30-elf.a(dpdiv.CH_o)
 .debug_line      0x00bd07         0xde c:/program files/microchip/xc16/v2.10/bin/bin/../../lib\libc99-pic30-elf.a(dpmul.CH_o)
 .debug_line      0x00bde5         0xe8 c:/program files/microchip/xc16/v2.10/bin/bin/../../lib\libc99-pic30-elf.a(dpsubs.CH_o)
 .debug_line      0x00becd         0x5c c:/program files/microchip/xc16/v2.10/bin/bin/../../lib\libc99-pic30-elf.a(dunpack.CH_o)
 .debug_line      0x00bf29         0x53 c:/program files/microchip/xc16/v2.10/bin/bin/../../lib\libc99-pic30-elf.a(dunpack2.CH_o)
 .debug_line      0x00bf7c         0x49 c:/program files/microchip/xc16/v2.10/bin/bin/../../lib\libc99-pic30-elf.a(dpropagateNaN.CH_o)

.debug_frame      0x000000       0x23d4
 *(.debug_frame)
 .debug_frame     0x000000         0x48 build/default/production/knowledgepack/application/sml_recognition_run.o
 .debug_frame     0x000048        0x47c build/default/production/mcc_generated_files/adc/src/adc1.o
 .debug_frame     0x0004c4         0xc4 build/default/production/mcc_generated_files/cmp/src/cmp1.o
 .debug_frame     0x000588         0x56 build/default/production/mcc_generated_files/motorBench/commutation/pll.o
 .debug_frame     0x0005de         0x24 build/default/production/mcc_generated_files/motorBench/hal/mcaf_pin_manager.o
 .debug_frame     0x000602         0x44 build/default/production/mcc_generated_files/motorBench/hal/hardware_access_functions.o
 .debug_frame     0x000646         0x24 build/default/production/mcc_generated_files/motorBench/parameters/init_params.o
 .debug_frame     0x00066a         0x60 build/default/production/mcc_generated_files/motorBench/state_machine.o
 .debug_frame     0x0006ca         0x34 build/default/production/mcc_generated_files/motorBench/mcapi.o
 .debug_frame     0x0006fe         0x74 build/default/production/mcc_generated_files/motorBench/ui.o
 .debug_frame     0x000772         0x8a build/default/production/mcc_generated_files/motorBench/sat_PI.o
 .debug_frame     0x0007fc         0x5e build/default/production/mcc_generated_files/motorBench/test_harness.o
 .debug_frame     0x00085a         0x56 build/default/production/mcc_generated_files/motorBench/mcaf_sample_application.o
 .debug_frame     0x0008b0         0x34 build/default/production/mcc_generated_files/motorBench/system_init.o
 .debug_frame     0x0008e4         0x5e build/default/production/mcc_generated_files/motorBench/fault_detect.o
 .debug_frame     0x000942         0xc6 build/default/production/mcc_generated_files/motorBench/foc.o
 .debug_frame     0x000a08         0x5e build/default/production/mcc_generated_files/motorBench/monitor.o
 .debug_frame     0x000a66        0x1a0 build/default/production/mcc_generated_files/motorBench/stall_detect.o
 .debug_frame     0x000c06         0x3e build/default/production/mcc_generated_files/motorBench/startup.o
 .debug_frame     0x000c44         0x5e build/default/production/mcc_generated_files/motorBench/commutation.o
 .debug_frame     0x000ca2         0x3e build/default/production/mcc_generated_files/motorBench/current_measure.o
 .debug_frame     0x000ce0         0x34 build/default/production/mcc_generated_files/motorBench/adc_compensation.o
 .debug_frame     0x000d14         0x94 build/default/production/mcc_generated_files/motorBench/diagnostics.o
 .debug_frame     0x000da8         0x3e build/default/production/mcc_generated_files/motorBench/mcaf_main.o
 .debug_frame     0x000de6         0x64 build/default/production/mcc_generated_files/motorBench/mcaf_traps.o
 .debug_frame     0x000e4a         0x56 build/default/production/mcc_generated_files/motorBench/isr.o
 .debug_frame     0x000ea0         0xd8 build/default/production/mcc_generated_files/motorBench/board_service.o
 .debug_frame     0x000f78         0x24 build/default/production/mcc_generated_files/motorBench/system_state.o
 .debug_frame     0x000f9c         0x4e build/default/production/mcc_generated_files/motorBench/recover.o
 .debug_frame     0x000fea         0x64 build/default/production/mcc_generated_files/opa/src/opa3.o
 .debug_frame     0x00104e         0x64 build/default/production/mcc_generated_files/opa/src/opa2.o
 .debug_frame     0x0010b2         0x64 build/default/production/mcc_generated_files/opa/src/opa1.o
 .debug_frame     0x001116        0x2c4 build/default/production/mcc_generated_files/pwm_hs/src/pwm.o
 .debug_frame     0x0013da        0x124 build/default/production/mcc_generated_files/qei/src/qei1.o
 .debug_frame     0x0014fe        0x108 build/default/production/mcc_generated_files/system/src/dmt.o
 .debug_frame     0x001606         0x34 build/default/production/mcc_generated_files/system/src/interrupt.o
 .debug_frame     0x00163a         0x34 build/default/production/mcc_generated_files/system/src/clock.o
 .debug_frame     0x00166e         0xbe build/default/production/mcc_generated_files/system/src/reset.o
 .debug_frame     0x00172c         0x24 build/default/production/mcc_generated_files/system/src/pins.o
 .debug_frame     0x001750        0x15c build/default/production/mcc_generated_files/system/src/traps.o
 .debug_frame     0x0018ac         0x24 build/default/production/mcc_generated_files/system/src/system.o
 .debug_frame     0x0018d0        0x108 build/default/production/mcc_generated_files/timer/src/sccp1.o
 .debug_frame     0x0019d8         0xd4 build/default/production/mcc_generated_files/timer/src/tmr1.o
 .debug_frame     0x001aac        0x146 build/default/production/mcc_generated_files/uart/src/uart1.o
 .debug_frame     0x001bf2        0x1a6 build/default/production/main.o
 .debug_frame     0x001d98         0xdc build/default/production/ringbuffer.o
 .debug_frame     0x001e74         0xb6 mcc_generated_files\motorBench\library\x2cscope\libx2cscope-dspic-elf.a(X2CScopeWrapper.c.20.o)
 .debug_frame     0x001f2a         0xa4 mcc_generated_files\motorBench\library\x2cscope\libx2cscope-dspic-elf.a(BlockServicesX2C.c.11.o)
 .debug_frame     0x001fce         0x70 mcc_generated_files\motorBench\library\x2cscope\libx2cscope-dspic-elf.a(LNet.c.13.o)
 .debug_frame     0x00203e         0x94 mcc_generated_files\motorBench\library\x2cscope\libx2cscope-dspic-elf.a(SerialGeneric.c.15.o)
 .debug_frame     0x0020d2         0xb8 mcc_generated_files\motorBench\library\x2cscope\libx2cscope-dspic-elf.a(Services.c.16.o)
 .debug_frame     0x00218a         0x34 mcc_generated_files\motorBench\library\x2cscope\libx2cscope-dspic-elf.a(TableStruct.c.17.o)
 .debug_frame     0x0021be         0x24 mcc_generated_files\motorBench\library\x2cscope\libx2cscope-dspic-elf.a(VersionInfo.c.18.o)
 .debug_frame     0x0021e2         0x34 mcc_generated_files\motorBench\library\x2cscope\libx2cscope-dspic-elf.a(X2C.c.19.o)
 .debug_frame     0x002216         0xde mcc_generated_files\motorBench\library\x2cscope\libx2cscope-dspic-elf.a(Scope_Main.c.14.o)
 .debug_frame     0x0022f4         0xe0 mcc_generated_files\motorBench\library\x2cscope\libx2cscope-dspic-elf.a(CommonFcts.c.12.o)

.debug_str        0x000000       0x93cc
 *(.debug_str)
 .debug_str       0x000000        0x42f build/default/production/mcc_generated_files/adc/src/adc1.o
 .debug_str       0x00042f         0x97 build/default/production/mcc_generated_files/cmp/src/cmp1.o
 .debug_str       0x0004c6        0x4cd build/default/production/mcc_generated_files/motorBench/commutation/pll.o
 .debug_str       0x000993        0x485 build/default/production/mcc_generated_files/motorBench/hal/hardware_access_functions.o
 .debug_str       0x000e18        0x5af build/default/production/mcc_generated_files/motorBench/parameters/init_params.o
 .debug_str       0x0013c7        0x641 build/default/production/mcc_generated_files/motorBench/state_machine.o
 .debug_str       0x001a08        0x48c build/default/production/mcc_generated_files/motorBench/ui.o
 .debug_str       0x001e94        0x4a3 build/default/production/mcc_generated_files/motorBench/sat_PI.o
 .debug_str       0x002337        0x485 build/default/production/mcc_generated_files/motorBench/test_harness.o
 .debug_str       0x0027bc        0x4d2 build/default/production/mcc_generated_files/motorBench/mcaf_sample_application.o
 .debug_str       0x002c8e        0x494 build/default/production/mcc_generated_files/motorBench/system_init.o
 .debug_str       0x003122        0x5d6 build/default/production/mcc_generated_files/motorBench/fault_detect.o
 .debug_str       0x0036f8        0x680 build/default/production/mcc_generated_files/motorBench/foc.o
 .debug_str       0x003d78        0x5c7 build/default/production/mcc_generated_files/motorBench/monitor.o
 .debug_str       0x00433f        0x63b build/default/production/mcc_generated_files/motorBench/stall_detect.o
 .debug_str       0x00497a         0x53 build/default/production/mcc_generated_files/motorBench/startup.o
 .debug_str       0x0049cd        0x5f6 build/default/production/mcc_generated_files/motorBench/commutation.o
 .debug_str       0x004fc3        0x5cc build/default/production/mcc_generated_files/motorBench/current_measure.o
 .debug_str       0x00558f        0x5bf build/default/production/mcc_generated_files/motorBench/adc_compensation.o
 .debug_str       0x005b4e        0x485 build/default/production/mcc_generated_files/motorBench/diagnostics.o
 .debug_str       0x005fd3        0x5d0 build/default/production/mcc_generated_files/motorBench/mcaf_main.o
 .debug_str       0x0065a3        0x48e build/default/production/mcc_generated_files/motorBench/mcaf_traps.o
 .debug_str       0x006a31        0x623 build/default/production/mcc_generated_files/motorBench/isr.o
 .debug_str       0x007054        0x49f build/default/production/mcc_generated_files/motorBench/board_service.o
 .debug_str       0x0074f3        0x5a9 build/default/production/mcc_generated_files/motorBench/system_state.o
 .debug_str       0x007a9c        0x48f build/default/production/mcc_generated_files/motorBench/recover.o
 .debug_str       0x007f2b         0x1a build/default/production/mcc_generated_files/opa/src/opa3.o
 .debug_str       0x007f45         0x1a build/default/production/mcc_generated_files/opa/src/opa2.o
 .debug_str       0x007f5f         0x1a build/default/production/mcc_generated_files/opa/src/opa1.o
 .debug_str       0x007f79        0x40b build/default/production/mcc_generated_files/pwm_hs/src/pwm.o
 .debug_str       0x008384         0xaa build/default/production/mcc_generated_files/qei/src/qei1.o
 .debug_str       0x00842e         0x63 build/default/production/mcc_generated_files/system/src/dmt.o
 .debug_str       0x008491         0x1f build/default/production/mcc_generated_files/system/src/interrupt.o
 .debug_str       0x0084b0         0x59 build/default/production/mcc_generated_files/system/src/clock.o
 .debug_str       0x008509         0x17 build/default/production/mcc_generated_files/system/src/reset.o
 .debug_str       0x008520         0x2f build/default/production/mcc_generated_files/system/src/pins.o
 .debug_str       0x00854f         0x24 build/default/production/mcc_generated_files/system/src/traps.o
 .debug_str       0x008573        0x43f build/default/production/mcc_generated_files/system/src/system.o
 .debug_str       0x0089b2         0x89 build/default/production/mcc_generated_files/timer/src/sccp1.o
 .debug_str       0x008a3b         0x1c build/default/production/mcc_generated_files/timer/src/tmr1.o
 .debug_str       0x008a57         0x48 build/default/production/mcc_generated_files/uart/src/uart1.o
 .debug_str       0x008a9f        0x5c9 build/default/production/main.o
 .debug_str       0x009068         0x3a build/default/production/ringbuffer.o
 .debug_str       0x0090a2         0xda mcc_generated_files\motorBench\library\x2cscope\libx2cscope-dspic-elf.a(X2CScopeWrapper.c.20.o)
 .debug_str       0x00917c         0x50 mcc_generated_files\motorBench\library\x2cscope\libx2cscope-dspic-elf.a(BlockServicesX2C.c.11.o)
 .debug_str       0x0091cc         0x78 mcc_generated_files\motorBench\library\x2cscope\libx2cscope-dspic-elf.a(LNet.c.13.o)
 .debug_str       0x009244         0x4e mcc_generated_files\motorBench\library\x2cscope\libx2cscope-dspic-elf.a(SerialGeneric.c.15.o)
 .debug_str       0x009292         0x4f mcc_generated_files\motorBench\library\x2cscope\libx2cscope-dspic-elf.a(Services.c.16.o)
 .debug_str       0x0092e1         0x2e mcc_generated_files\motorBench\library\x2cscope\libx2cscope-dspic-elf.a(TableStruct.c.17.o)
 .debug_str       0x00930f         0x32 mcc_generated_files\motorBench\library\x2cscope\libx2cscope-dspic-elf.a(VersionInfo.c.18.o)
 .debug_str       0x009341         0x82 mcc_generated_files\motorBench\library\x2cscope\libx2cscope-dspic-elf.a(Scope_Main.c.14.o)
 .debug_str       0x0093c3          0x9 mcc_generated_files\motorBench\library\x2cscope\libx2cscope-dspic-elf.a(CommonFcts.c.12.o)

.debug_loc
 *(.debug_loc)

.debug_macinfo
 *(.debug_macinfo)

.debug_pubnames
                  0x000000       0x2076
 *(.debug_pubnames)
 .debug_pubnames
                  0x000000         0x41 build/default/production/knowledgepack/application/sml_recognition_run.o
 .debug_pubnames
                  0x000041        0x271 build/default/production/mcc_generated_files/adc/src/adc1.o
 .debug_pubnames
                  0x0002b2        0x114 build/default/production/mcc_generated_files/cmp/src/cmp1.o
 .debug_pubnames
                  0x0003c6         0x7b build/default/production/mcc_generated_files/motorBench/commutation/pll.o
 .debug_pubnames
                  0x000441         0x32 build/default/production/mcc_generated_files/motorBench/hal/mcaf_pin_manager.o
 .debug_pubnames
                  0x000473         0x66 build/default/production/mcc_generated_files/motorBench/hal/hardware_access_functions.o
 .debug_pubnames
                  0x0004d9         0x2f build/default/production/mcc_generated_files/motorBench/metadata/data_model_snapshot.o
 .debug_pubnames
                  0x000508         0x38 build/default/production/mcc_generated_files/motorBench/parameters/init_params.o
 .debug_pubnames
                  0x000540         0x2e build/default/production/mcc_generated_files/motorBench/test_harness_timestamps.o
 .debug_pubnames
                  0x00056e         0x7c build/default/production/mcc_generated_files/motorBench/state_machine.o
 .debug_pubnames
                  0x0005ea         0x40 build/default/production/mcc_generated_files/motorBench/mcapi.o
 .debug_pubnames
                  0x00062a         0xac build/default/production/mcc_generated_files/motorBench/ui.o
 .debug_pubnames
                  0x0006d6         0x93 build/default/production/mcc_generated_files/motorBench/sat_PI.o
 .debug_pubnames
                  0x000769         0x79 build/default/production/mcc_generated_files/motorBench/test_harness.o
 .debug_pubnames
                  0x0007e2         0x66 build/default/production/mcc_generated_files/motorBench/mcaf_sample_application.o
 .debug_pubnames
                  0x000848         0x3b build/default/production/mcc_generated_files/motorBench/system_init.o
 .debug_pubnames
                  0x000883         0x80 build/default/production/mcc_generated_files/motorBench/fault_detect.o
 .debug_pubnames
                  0x000903        0x100 build/default/production/mcc_generated_files/motorBench/foc.o
 .debug_pubnames
                  0x000a03         0x88 build/default/production/mcc_generated_files/motorBench/monitor.o
 .debug_pubnames
                  0x000a8b        0x239 build/default/production/mcc_generated_files/motorBench/stall_detect.o
 .debug_pubnames
                  0x000cc4         0x56 build/default/production/mcc_generated_files/motorBench/startup.o
 .debug_pubnames
                  0x000d1a         0x91 build/default/production/mcc_generated_files/motorBench/commutation.o
 .debug_pubnames
                  0x000dab         0x64 build/default/production/mcc_generated_files/motorBench/current_measure.o
 .debug_pubnames
                  0x000e0f         0x3f build/default/production/mcc_generated_files/motorBench/adc_compensation.o
 .debug_pubnames
                  0x000e4e         0x76 build/default/production/mcc_generated_files/motorBench/diagnostics.o
 .debug_pubnames
                  0x000ec4         0x4f build/default/production/mcc_generated_files/motorBench/mcaf_main.o
 .debug_pubnames
                  0x000f13         0x8b build/default/production/mcc_generated_files/motorBench/mcaf_traps.o
 .debug_pubnames
                  0x000f9e         0x28 build/default/production/mcc_generated_files/motorBench/isr.o
 .debug_pubnames
                  0x000fc6        0x116 build/default/production/mcc_generated_files/motorBench/board_service.o
 .debug_pubnames
                  0x0010dc         0x2b build/default/production/mcc_generated_files/motorBench/system_state.o
 .debug_pubnames
                  0x001107         0x51 build/default/production/mcc_generated_files/motorBench/recover.o
 .debug_pubnames
                  0x001158         0x4c build/default/production/mcc_generated_files/opa/src/opa3.o
 .debug_pubnames
                  0x0011a4         0x4b build/default/production/mcc_generated_files/opa/src/opa2.o
 .debug_pubnames
                  0x0011ef         0x4b build/default/production/mcc_generated_files/opa/src/opa1.o
 .debug_pubnames
                  0x00123a         0xa9 build/default/production/mcc_generated_files/pwm_hs/src/pwm.o
 .debug_pubnames
                  0x0012e3         0x48 build/default/production/mcc_generated_files/qei/src/qei1.o
 .debug_pubnames
                  0x00132b        0x147 build/default/production/mcc_generated_files/system/src/dmt.o
 .debug_pubnames
                  0x001472         0x46 build/default/production/mcc_generated_files/system/src/interrupt.o
 .debug_pubnames
                  0x0014b8         0x45 build/default/production/mcc_generated_files/system/src/clock.o
 .debug_pubnames
                  0x0014fd         0x54 build/default/production/mcc_generated_files/system/src/reset.o
 .debug_pubnames
                  0x001551         0x26 build/default/production/mcc_generated_files/system/src/pins.o
 .debug_pubnames
                  0x001577         0x95 build/default/production/mcc_generated_files/system/src/traps.o
 .debug_pubnames
                  0x00160c         0x28 build/default/production/mcc_generated_files/system/src/system.o
 .debug_pubnames
                  0x001634        0x15b build/default/production/mcc_generated_files/timer/src/sccp1.o
 .debug_pubnames
                  0x00178f         0xff build/default/production/mcc_generated_files/timer/src/tmr1.o
 .debug_pubnames
                  0x00188e        0x19c build/default/production/mcc_generated_files/uart/src/uart1.o
 .debug_pubnames
                  0x001a2a         0xae build/default/production/main.o
 .debug_pubnames
                  0x001ad8        0x125 build/default/production/ringbuffer.o
 .debug_pubnames
                  0x001bfd        0x110 mcc_generated_files\motorBench\library\x2cscope\libx2cscope-dspic-elf.a(X2CScopeWrapper.c.20.o)
 .debug_pubnames
                  0x001d0d         0x86 mcc_generated_files\motorBench\library\x2cscope\libx2cscope-dspic-elf.a(BlockServicesX2C.c.11.o)
 .debug_pubnames
                  0x001d93         0x1f mcc_generated_files\motorBench\library\x2cscope\libx2cscope-dspic-elf.a(LNet.c.13.o)
 .debug_pubnames
                  0x001db2         0x37 mcc_generated_files\motorBench\library\x2cscope\libx2cscope-dspic-elf.a(SerialGeneric.c.15.o)
 .debug_pubnames
                  0x001de9         0x60 mcc_generated_files\motorBench\library\x2cscope\libx2cscope-dspic-elf.a(Services.c.16.o)
 .debug_pubnames
                  0x001e49         0x41 mcc_generated_files\motorBench\library\x2cscope\libx2cscope-dspic-elf.a(TableStruct.c.17.o)
 .debug_pubnames
                  0x001e8a         0x3a mcc_generated_files\motorBench\library\x2cscope\libx2cscope-dspic-elf.a(VersionInfo.c.18.o)
 .debug_pubnames
                  0x001ec4         0x65 mcc_generated_files\motorBench\library\x2cscope\libx2cscope-dspic-elf.a(X2C.c.19.o)
 .debug_pubnames
                  0x001f29         0x7e mcc_generated_files\motorBench\library\x2cscope\libx2cscope-dspic-elf.a(Scope_Main.c.14.o)
 .debug_pubnames
                  0x001fa7         0xcf mcc_generated_files\motorBench\library\x2cscope\libx2cscope-dspic-elf.a(CommonFcts.c.12.o)

.debug_ranges
 *(.debug_ranges)

.debug_aranges    0x000000       0x1450
 *(.debug_aranges)
 .debug_aranges
                  0x000000         0x28 build/default/production/knowledgepack/application/sml_recognition_run.o
 .debug_aranges
                  0x000028        0x150 build/default/production/mcc_generated_files/adc/src/adc1.o
 .debug_aranges
                  0x000178         0x70 build/default/production/mcc_generated_files/cmp/src/cmp1.o
 .debug_aranges
                  0x0001e8         0x28 build/default/production/mcc_generated_files/motorBench/commutation/pll.o
 .debug_aranges
                  0x000210         0x18 build/default/production/mcc_generated_files/motorBench/hal/mcaf_pin_manager.o
 .debug_aranges
                  0x000228         0x20 build/default/production/mcc_generated_files/motorBench/hal/hardware_access_functions.o
 .debug_aranges
                  0x000248         0x20 build/default/production/mcc_generated_files/motorBench/parameters/init_params.o
 .debug_aranges
                  0x000268         0x30 build/default/production/mcc_generated_files/motorBench/state_machine.o
 .debug_aranges
                  0x000298         0x20 build/default/production/mcc_generated_files/motorBench/math_asm.o
 .debug_aranges
                  0x0002b8         0x28 build/default/production/mcc_generated_files/motorBench/mcapi.o
 .debug_aranges
                  0x0002e0         0x48 build/default/production/mcc_generated_files/motorBench/ui.o
 .debug_aranges
                  0x000328         0x40 build/default/production/mcc_generated_files/motorBench/sat_PI.o
 .debug_aranges
                  0x000368         0x38 build/default/production/mcc_generated_files/motorBench/test_harness.o
 .debug_aranges
                  0x0003a0         0x30 build/default/production/mcc_generated_files/motorBench/mcaf_sample_application.o
 .debug_aranges
                  0x0003d0         0x28 build/default/production/mcc_generated_files/motorBench/system_init.o
 .debug_aranges
                  0x0003f8         0x38 build/default/production/mcc_generated_files/motorBench/fault_detect.o
 .debug_aranges
                  0x000430         0x48 build/default/production/mcc_generated_files/motorBench/foc.o
 .debug_aranges
                  0x000478         0x38 build/default/production/mcc_generated_files/motorBench/monitor.o
 .debug_aranges
                  0x0004b0         0xb0 build/default/production/mcc_generated_files/motorBench/stall_detect.o
 .debug_aranges
                  0x000560         0x28 build/default/production/mcc_generated_files/motorBench/startup.o
 .debug_aranges
                  0x000588         0x38 build/default/production/mcc_generated_files/motorBench/commutation.o
 .debug_aranges
                  0x0005c0         0x28 build/default/production/mcc_generated_files/motorBench/current_measure.o
 .debug_aranges
                  0x0005e8         0x28 build/default/production/mcc_generated_files/motorBench/adc_compensation.o
 .debug_aranges
                  0x000610         0x58 build/default/production/mcc_generated_files/motorBench/diagnostics.o
 .debug_aranges
                  0x000668         0x28 build/default/production/mcc_generated_files/motorBench/mcaf_main.o
 .debug_aranges
                  0x000690         0x40 build/default/production/mcc_generated_files/motorBench/mcaf_traps.o
 .debug_aranges
                  0x0006d0         0x20 build/default/production/mcc_generated_files/motorBench/isr.o
 .debug_aranges
                  0x0006f0         0x68 build/default/production/mcc_generated_files/motorBench/board_service.o
 .debug_aranges
                  0x000758         0x20 build/default/production/mcc_generated_files/motorBench/system_state.o
 .debug_aranges
                  0x000778         0x30 build/default/production/mcc_generated_files/motorBench/recover.o
 .debug_aranges
                  0x0007a8         0x40 build/default/production/mcc_generated_files/opa/src/opa3.o
 .debug_aranges
                  0x0007e8         0x40 build/default/production/mcc_generated_files/opa/src/opa2.o
 .debug_aranges
                  0x000828         0x40 build/default/production/mcc_generated_files/opa/src/opa1.o
 .debug_aranges
                  0x000868        0x170 build/default/production/mcc_generated_files/pwm_hs/src/pwm.o
 .debug_aranges
                  0x0009d8         0xa0 build/default/production/mcc_generated_files/qei/src/qei1.o
 .debug_aranges
                  0x000a78         0x20 build/default/production/mcc_generated_files/system/src/dmt_asm.o
 .debug_aranges
                  0x000a98         0x80 build/default/production/mcc_generated_files/system/src/dmt.o
 .debug_aranges
                  0x000b18         0x28 build/default/production/mcc_generated_files/system/src/interrupt.o
 .debug_aranges
                  0x000b40         0x28 build/default/production/mcc_generated_files/system/src/clock.o
 .debug_aranges
                  0x000b68         0x38 build/default/production/mcc_generated_files/system/src/reset.o
 .debug_aranges
                  0x000ba0         0x20 build/default/production/mcc_generated_files/system/src/pins.o
 .debug_aranges
                  0x000bc0         0x50 build/default/production/mcc_generated_files/system/src/traps.o
 .debug_aranges
                  0x000c10         0x20 build/default/production/mcc_generated_files/system/src/system.o
 .debug_aranges
                  0x000c30         0x80 build/default/production/mcc_generated_files/timer/src/sccp1.o
 .debug_aranges
                  0x000cb0         0x78 build/default/production/mcc_generated_files/timer/src/tmr1.o
 .debug_aranges
                  0x000d28         0xa8 build/default/production/mcc_generated_files/uart/src/uart1.o
 .debug_aranges
                  0x000dd0         0x48 build/default/production/main.o
 .debug_aranges
                  0x000e18         0x68 build/default/production/ringbuffer.o
 .debug_aranges
                  0x000e80         0x18 mcc_generated_files\motorBench\library\x2cscope\libx2cscope-dspic-elf.a(X2CScopeWrapper.c.20.o)
 .debug_aranges
                  0x000e98         0x18 mcc_generated_files\motorBench\library\x2cscope\libx2cscope-dspic-elf.a(BlockServicesX2C.c.11.o)
 .debug_aranges
                  0x000eb0         0x18 mcc_generated_files\motorBench\library\x2cscope\libx2cscope-dspic-elf.a(LNet.c.13.o)
 .debug_aranges
                  0x000ec8         0x18 mcc_generated_files\motorBench\library\x2cscope\libx2cscope-dspic-elf.a(SerialGeneric.c.15.o)
 .debug_aranges
                  0x000ee0         0x18 mcc_generated_files\motorBench\library\x2cscope\libx2cscope-dspic-elf.a(Services.c.16.o)
 .debug_aranges
                  0x000ef8         0x18 mcc_generated_files\motorBench\library\x2cscope\libx2cscope-dspic-elf.a(TableStruct.c.17.o)
 .debug_aranges
                  0x000f10         0x18 mcc_generated_files\motorBench\library\x2cscope\libx2cscope-dspic-elf.a(VersionInfo.c.18.o)
 .debug_aranges
                  0x000f28         0x18 mcc_generated_files\motorBench\library\x2cscope\libx2cscope-dspic-elf.a(X2C.c.19.o)
 .debug_aranges
                  0x000f40         0x18 mcc_generated_files\motorBench\library\x2cscope\libx2cscope-dspic-elf.a(Scope_Main.c.14.o)
 .debug_aranges