Microchip Technology Inc, v2.10 (B)

Tool Name:
  c:\program files\microchip\xc16\v2.10\bin\bin\..\bin/elf-ld.exe

Command:
  -TC:\\Users\\i20867\\AppData\\Local\\Temp\\tmp0000672c.00 \
  -TC:\\Users\\i20867\\AppData\\Local\\Temp\\tmp0000672c.01 \
  -TC:\\Users\\i20867\\AppData\\Local\\Temp\\tmp0000672c.02 \
  -TC:\\Users\\i20867\\AppData\\Local\\Temp\\tmp0000672c.03 \
  -TC:\\Users\\i20867\\AppData\\Local\\Temp\\tmp0000672c.04 \
  -TC:\\Users\\i20867\\AppData\\Local\\Temp\\tmp0000672c.05 \
  -TC:\\Users\\i20867\\AppData\\Local\\Temp\\tmp0000672c.06 \
  -p33CK256MP508 \
  --mdfp=C:/Program Files/Microchip/MPLABX/v6.15/packs/Microchip/dsPIC33CK-MP_DFP/1.12.354/xc16 \
  -o \
  dist/default/debug/anomaly-detection-ml-33ck256mp508-lvmc.X.debug.elf \
  -Lc:/program files/microchip/xc16/v2.10/bin/bin/.. \
  -LC:/Program Files/Microchip/MPLABX/v6.15/packs/Microchip/dsPIC33CK-MP_DFP/1.12.354/xc16/bin/../support/dsPIC33C/gld \
  -Lc:/program files/microchip/xc16/v2.10/bin/bin/../../lib \
  -Lc:/program files/microchip/xc16/v2.10/bin/bin/../../support/PIC24E/gld \
  -Lc:/program files/microchip/xc16/v2.10/bin/bin/../../support/PIC24F/gld \
  -Lc:/program files/microchip/xc16/v2.10/bin/bin/../../support/PIC24H/gld \
  -Lc:/program files/microchip/xc16/v2.10/bin/bin/../../support/dsPIC30F/gld \
  -Lc:/program files/microchip/xc16/v2.10/bin/bin/../../support/dsPIC33C/gld \
  -Lc:/program files/microchip/xc16/v2.10/bin/bin/../../support/dsPIC33E/gld \
  -Lc:/program files/microchip/xc16/v2.10/bin/bin/../../support/dsPIC33F/gld \
  build/default/debug/mcc_generated_files/adc/src/adc1.o \
  build/default/debug/mcc_generated_files/cmp/src/cmp1.o \
  build/default/debug/mcc_generated_files/motorBench/commutation/pll.o \
  build/default/debug/mcc_generated_files/motorBench/hal/mcaf_pin_manager.o \
  build/default/debug/mcc_generated_files/motorBench/hal/hardware_access_functions.o \
  build/default/debug/mcc_generated_files/motorBench/metadata/data_model_snapshot.o \
  build/default/debug/mcc_generated_files/motorBench/parameters/init_params.o \
  build/default/debug/mcc_generated_files/motorBench/test_harness_timestamps.o \
  build/default/debug/mcc_generated_files/motorBench/state_machine.o \
  build/default/debug/mcc_generated_files/motorBench/math_asm.o \
  build/default/debug/mcc_generated_files/motorBench/mcapi.o \
  build/default/debug/mcc_generated_files/motorBench/ui.o \
  build/default/debug/mcc_generated_files/motorBench/sat_PI.o \
  build/default/debug/mcc_generated_files/motorBench/test_harness.o \
  build/default/debug/mcc_generated_files/motorBench/mcaf_sample_application.o \
  build/default/debug/mcc_generated_files/motorBench/system_init.o \
  build/default/debug/mcc_generated_files/motorBench/fault_detect.o \
  build/default/debug/mcc_generated_files/motorBench/foc.o \
  build/default/debug/mcc_generated_files/motorBench/monitor.o \
  build/default/debug/mcc_generated_files/motorBench/stall_detect.o \
  build/default/debug/mcc_generated_files/motorBench/startup.o \
  build/default/debug/mcc_generated_files/motorBench/commutation.o \
  build/default/debug/mcc_generated_files/motorBench/current_measure.o \
  build/default/debug/mcc_generated_files/motorBench/adc_compensation.o \
  build/default/debug/mcc_generated_files/motorBench/diagnostics.o \
  build/default/debug/mcc_generated_files/motorBench/mcaf_main.o \
  build/default/debug/mcc_generated_files/motorBench/mcaf_traps.o \
  build/default/debug/mcc_generated_files/motorBench/isr.o \
  build/default/debug/mcc_generated_files/motorBench/board_service.o \
  build/default/debug/mcc_generated_files/motorBench/system_state.o \
  build/default/debug/mcc_generated_files/motorBench/recover.o \
  build/default/debug/mcc_generated_files/opa/src/opa3.o \
  build/default/debug/mcc_generated_files/opa/src/opa2.o \
  build/default/debug/mcc_generated_files/opa/src/opa1.o \
  build/default/debug/mcc_generated_files/pwm_hs/src/pwm.o \
  build/default/debug/mcc_generated_files/qei/src/qei1.o \
  build/default/debug/mcc_generated_files/system/src/config_bits.o \
  build/default/debug/mcc_generated_files/system/src/dmt_asm.o \
  build/default/debug/mcc_generated_files/system/src/dmt.o \
  build/default/debug/mcc_generated_files/system/src/interrupt.o \
  build/default/debug/mcc_generated_files/system/src/clock.o \
  build/default/debug/mcc_generated_files/system/src/reset.o \
  build/default/debug/mcc_generated_files/system/src/pins.o \
  build/default/debug/mcc_generated_files/system/src/traps.o \
  build/default/debug/mcc_generated_files/system/src/system.o \
  build/default/debug/mcc_generated_files/timer/src/sccp1.o \
  build/default/debug/mcc_generated_files/timer/src/tmr1.o \
  build/default/debug/mcc_generated_files/timer/src/sccp2.o \
  build/default/debug/mcc_generated_files/uart/src/uart1.o \
  build/default/debug/main.o \
  build/default/debug/ringbuffer.o \
  build/default/debug/knowledgepack/application/sml_recognition_run.o \
[...]
Memory Configuration

Name             Origin             Length             Attributes
data             0x001000           0x006000           a !xr
FBOOT            0x801800           0x000002  
reset            0x000000           0x000004  
ivt              0x000004           0x0001fc  
program          0x000200           0x02bd00           xr
FSEC             0x02bf00           0x000002  
FBSLIM           0x02bf10           0x000002  
FSIGN            0x02bf14           0x000002  
FOSCSEL          0x02bf18           0x000002  
FOSC             0x02bf1c           0x000002  
FWDT             0x02bf20           0x000002  
FPOR             0x02bf24           0x000002  
FICD             0x02bf28           0x000002  
FDMTIVTL         0x02bf2c           0x000002  
FDMTIVTH         0x02bf30           0x000002  
FDMTCNTL         0x02bf34           0x000002  
FDMTCNTH         0x02bf38           0x000002  
FDMT             0x02bf3c           0x000002  
FDEVOPT          0x02bf40           0x000002  
FALTREG          0x02bf44           0x000002  
FBTSEQ           0x02bffc           0x000002  
*default*        0x000000           0xffffffff  

Linker script and memory map


reserve_data_0x1000
                    0x1000         0x1c
                    0x101c                  . = 0x1c
 *fill*             0x1000         0x1c00

reserve_data_0x101c
                    0x101c          0x2
                    0x101e                  . = 0x2
 *fill*             0x101c          0x200

reserve_data_0x101e
                    0x101e          0x2
                    0x1020                  . = 0x2
 *fill*             0x101e          0x200

reserve_data_0x1020
                    0x1020          0x2
                    0x1022                  . = 0x2
 *fill*             0x1020          0x200

reserve_data_0x1022
                    0x1022          0x2
                    0x1024                  . = 0x2
 *fill*             0x1022          0x200

reserve_data_0x1024
                    0x1024          0x4
                    0x1028                  . = 0x4
 *fill*             0x1024          0x400

reserve_data_0x1028
                    0x1028         0x28
                    0x1050                  . = 0x28
 *fill*             0x1028         0x2800
LOAD build/default/debug/mcc_generated_files/adc/src/adc1.o
LOAD build/default/debug/mcc_generated_files/cmp/src/cmp1.o
LOAD build/default/debug/mcc_generated_files/motorBench/commutation/pll.o
LOAD build/default/debug/mcc_generated_files/motorBench/hal/mcaf_pin_manager.o
LOAD build/default/debug/mcc_generated_files/motorBench/hal/hardware_access_functions.o
LOAD build/default/debug/mcc_generated_files/motorBench/metadata/data_model_snapshot.o
LOAD build/default/debug/mcc_generated_files/motorBench/parameters/init_params.o
LOAD build/default/debug/mcc_generated_files/motorBench/test_harness_timestamps.o
LOAD build/default/debug/mcc_generated_files/motorBench/state_machine.o
LOAD build/default/debug/mcc_generated_files/motorBench/math_asm.o
LOAD build/default/debug/mcc_generated_files/motorBench/mcapi.o
LOAD build/default/debug/mcc_generated_files/motorBench/ui.o
LOAD build/default/debug/mcc_generated_files/motorBench/sat_PI.o
LOAD build/default/debug/mcc_generated_files/motorBench/test_harness.o
LOAD build/default/debug/mcc_generated_files/motorBench/mcaf_sample_application.o
LOAD build/default/debug/mcc_generated_files/motorBench/system_init.o
LOAD build/default/debug/mcc_generated_files/motorBench/fault_detect.o
LOAD build/default/debug/mcc_generated_files/motorBench/foc.o
LOAD build/default/debug/mcc_generated_files/motorBench/monitor.o
LOAD build/default/debug/mcc_generated_files/motorBench/stall_detect.o
LOAD build/default/debug/mcc_generated_files/motorBench/startup.o
LOAD build/default/debug/mcc_generated_files/motorBench/commutation.o
LOAD build/default/debug/mcc_generated_files/motorBench/current_measure.o
LOAD build/default/debug/mcc_generated_files/motorBench/adc_compensation.o
LOAD build/default/debug/mcc_generated_files/motorBench/diagnostics.o
LOAD build/default/debug/mcc_generated_files/motorBench/mcaf_main.o
LOAD build/default/debug/mcc_generated_files/motorBench/mcaf_traps.o
LOAD build/default/debug/mcc_generated_files/motorBench/isr.o
LOAD build/default/debug/mcc_generated_files/motorBench/board_service.o
LOAD build/default/debug/mcc_generated_files/motorBench/system_state.o
LOAD build/default/debug/mcc_generated_files/motorBench/recover.o
LOAD build/default/debug/mcc_generated_files/opa/src/opa3.o
LOAD build/default/debug/mcc_generated_files/opa/src/opa2.o
LOAD build/default/debug/mcc_generated_files/opa/src/opa1.o
LOAD build/default/debug/mcc_generated_files/pwm_hs/src/pwm.o
LOAD build/default/debug/mcc_generated_files/qei/src/qei1.o
LOAD build/default/debug/mcc_generated_files/system/src/config_bits.o
LOAD build/default/debug/mcc_generated_files/system/src/dmt_asm.o
LOAD build/default/debug/mcc_generated_files/system/src/dmt.o
LOAD build/default/debug/mcc_generated_files/system/src/interrupt.o
LOAD build/default/debug/mcc_generated_files/system/src/clock.o
LOAD build/default/debug/mcc_generated_files/system/src/reset.o
LOAD build/default/debug/mcc_generated_files/system/src/pins.o
LOAD build/default/debug/mcc_generated_files/system/src/traps.o
LOAD build/default/debug/mcc_generated_files/system/src/system.o
LOAD build/default/debug/mcc_generated_files/timer/src/sccp1.o
LOAD build/default/debug/mcc_generated_files/timer/src/tmr1.o
LOAD build/default/debug/mcc_generated_files/timer/src/sccp2.o
LOAD build/default/debug/mcc_generated_files/uart/src/uart1.o
LOAD build/default/debug/main.o
LOAD build/default/debug/ringbuffer.o
LOAD build/default/debug/knowledgepack/application/sml_recognition_run.o
LOAD mcc_generated_files\motorBench\library\x2cscope\libx2cscope-dspic-elf.a
LOAD mcc_generated_files\motorBench\library\mc-library\libmotor_control_dspic-elf.a
LOAD knowledgepack\mplabml\lib\libmplabml.a
                    0x0001                  __MPLAB_BUILD = 0x1
                    0x0001                  __MPLAB_DEBUG = 0x1
                    0x0001                  __DEBUG = 0x1
LOAD p33CK256MP508
LOAD c:/program files/microchip/xc16/v2.10/bin/bin/../../lib\libfx-elf.a
                    0x801034                  _iwri1 = 0x801034
                    0x801038                  _iwri2 = 0x801038
                    0x801800                  __FBOOT = 0x801800
                    0x2bf00                  __FSEC = 0x2bf00
                    0x2bf10                  __FBSLIM = 0x2bf10
                    0x2bf14                  __FSIGN = 0x2bf14
                    0x2bf18                  __FOSCSEL = 0x2bf18
                    0x2bf1c                  __FOSC = 0x2bf1c
                    0x2bf20                  __FWDT = 0x2bf20
                    0x2bf24                  __FPOR = 0x2bf24
                    0x2bf28                  __FICD = 0x2bf28
                    0x2bf2c                  __FDMTIVTL = 0x2bf2c
                    0x2bf30                  __FDMTIVTH = 0x2bf30
                    0x2bf34                  __FDMTCNTL = 0x2bf34
                    0x2bf38                  __FDMTCNTH = 0x2bf38
                    0x2bf3c                  __FDMT = 0x2bf3c
                    0x2bf40                  __FDEVOPT = 0x2bf40
                    0x2bf44                  __FALTREG = 0x2bf44
                    0x2bffc                  __FBTSEQ = 0x2bffc
                    0x0200                  __CODE_BASE = 0x200
                    0x2bd00                  __CODE_LENGTH = 0x2bd00
                    0x0004                  __IVT_BASE = 0x4
                    0x1000                  __DATA_BASE = 0x1000
                    0x6000                  __DATA_LENGTH = 0x6000
                    0x5000                  __YDATA_BASE = 0x5000
                    0x7000                  __YDATA_END = 0x7000

.reset            0x000000          0x4
                  0x000000          0x2 SHORT 0x200 ABSOLUTE (__reset)
                  0x000001          0x2 SHORT 0x4
                  0x000002          0x2 SHORT 0x0 ((ABSOLUTE (__reset) >> 0x10) & 0x7f)
                  0x000003          0x2 SHORT 0x0

.text             0x000200       0x3174
 *(.init)
 .init            0x000200         0x48 c:/program files/microchip/xc16/v2.10/bin/bin/../../lib\libc99-pic30-elf.a(crt0_extendedch.o)
                  0x000200                  __resetPRI
                  0x000200                  __reset
                  0x00023c                  __psv_init
 .init            0x000248         0xb2 c:/program files/microchip/xc16/v2.10/bin/bin/../../lib\libc99-pic30-elf.a(data_init_extendedch.o)
                  0x000248                  __data_init
                  0x000248                  __data_init_extended
 *(.user_init)
 *(.handle)
 .handle          0x0002fa        0x340 jump_table
 *(.isr*)
 .isr.text._ADCInterrupt
                  0x00063a         0xe4 build/default/debug/mcc_generated_files/adc/src/adc1.o
                  0x00063a                  __ADCInterrupt
 .isr.text._ADCAN4Interrupt
                  0x00071e         0x34 build/default/debug/mcc_generated_files/adc/src/adc1.o
                  0x00071e                  __ADCAN4Interrupt
 .isr.text._ADCAN10Interrupt
                  0x000752         0x34 build/default/debug/mcc_generated_files/adc/src/adc1.o
                  0x000752                  __ADCAN10Interrupt
 .isr.text._ADCAN11Interrupt
                  0x000786         0x34 build/default/debug/mcc_generated_files/adc/src/adc1.o
                  0x000786                  __ADCAN11Interrupt
 .isr.text._ADCAN12Interrupt
                  0x0007ba         0x34 build/default/debug/mcc_generated_files/adc/src/adc1.o
                  0x0007ba                  __ADCAN12Interrupt
 .isr.text._ADCAN15Interrupt
                  0x0007ee         0x34 build/default/debug/mcc_generated_files/adc/src/adc1.o
 .isr.text._ADCAN17Interrupt
                  0x000822         0x34 build/default/debug/mcc_generated_files/adc/src/adc1.o
                  0x000822                  __ADCAN17Interrupt
 .isr.text._ADCAN22Interrupt
                  0x000856         0x34 build/default/debug/mcc_generated_files/adc/src/adc1.o
                  0x000856                  __ADCAN22Interrupt
 .isr.text._ADCAN23Interrupt
                  0x00088a         0x34 build/default/debug/mcc_generated_files/adc/src/adc1.o
                  0x00088a                  __ADCAN23Interrupt
 .isr.text._ADCAN0Interrupt
                  0x0008be         0x34 build/default/debug/mcc_generated_files/adc/src/adc1.o
                  0x0008be                  __ADCAN0Interrupt
 .isr.text._ADCAN1Interrupt
                  0x0008f2         0x34 build/default/debug/mcc_generated_files/adc/src/adc1.o
                  0x0008f2                  __ADCAN1Interrupt
 .isrerror_handler
                  0x000926         0x14 build/default/debug/mcc_generated_files/motorBench/mcaf_traps.o
                  0x000926                  __ReservedTrap7
                  0x00092e                  __DefaultInterrupt
 .isr.text._ADCAN15Interrupt
                  0x00093a        0x1dc build/default/debug/mcc_generated_files/motorBench/isr.o
                  0x00093a                  __ADCAN15Interrupt
 .isr.text._DMTInterrupt
                  0x000b16         0x20 build/default/debug/mcc_generated_files/system/src/dmt.o
                  0x000b16                  __DMTInterrupt
 .isr.text._AddressError
                  0x000b36         0x1e build/default/debug/mcc_generated_files/system/src/traps.o
                  0x000b36                  __AddressError
 .isr.text._HardTrapError
                  0x000b54         0x1e build/default/debug/mcc_generated_files/system/src/traps.o
                  0x000b54                  __HardTrapError
 .isr.text._SoftTrapError
                  0x000b72         0x4c build/default/debug/mcc_generated_files/system/src/traps.o
                  0x000b72                  __SoftTrapError
 .isr.text._OscillatorFail
                  0x000bbe         0x1e build/default/debug/mcc_generated_files/system/src/traps.o
                  0x000bbe                  __OscillatorFail
 .isr.text._MathError
                  0x000bdc         0x1e build/default/debug/mcc_generated_files/system/src/traps.o
                  0x000bdc                  __MathError
 .isr.text._StackError
                  0x000bfa         0x26 build/default/debug/mcc_generated_files/system/src/traps.o
                  0x000bfa                  __StackError
 .isr.text._CCT1Interrupt
                  0x000c20         0x20 build/default/debug/mcc_generated_files/timer/src/sccp1.o
                  0x000c20                  __CCT1Interrupt
 .isr.text._CCT2Interrupt
                  0x000c40         0x20 build/default/debug/mcc_generated_files/timer/src/sccp2.o
                  0x000c40                  __CCT2Interrupt
 *(.libc)
 .libc            0x000c60         0x12 c:/program files/microchip/xc16/v2.10/bin/bin/../../lib\libc99-pic30-elf.a(closech.Meo)
                  0x000c60                  _close
 *(.libm)
 *(.libdsp)
 *(.lib*)
 .libc.write      0x000c72         0x2a build/default/debug/mcc_generated_files/uart/src/uart1.o
                  0x000c72                  _write
 .libpic30_crt_start_mode
                  0x000c9c          0x2 c:/program files/microchip/xc16/v2.10/bin/bin/../../lib\libc99-pic30-elf.a(crt_start_mode_normalch.Meo)
                  0x000c9c                  __crt_start_mode
                  0x000c9c                  __crt_start_mode_normal
 .libm.eqdf2      0x000c9e          0xa c:/program files/microchip/xc16/v2.10/bin/bin/../../lib\libc99-pic30-elf.a(deqltle.CH_o)
                  0x000c9e                  ___eqdf2
                  0x000c9e                  ___ltdf2
                  0x000c9e                  ___ledf2
 .libm.gtdf2      0x000ca8          0xa c:/program files/microchip/xc16/v2.10/bin/bin/../../lib\libc99-pic30-elf.a(dgtge.CH_o)
                  0x000ca8                  ___gtdf2
                  0x000ca8                  ___gedf2
 .libm.divsi3     0x000cb2         0x1e c:/program files/microchip/xc16/v2.10/bin/bin/../../lib\libc99-pic30-elf.a(divsi3.CH_o)
                  0x000cb2                  ___divsi3
 .libm.eqsf2      0x000cd0          0x4 c:/program files/microchip/xc16/v2.10/bin/bin/../../lib\libc99-pic30-elf.a(feqltle.CH_o)
                  0x000cd0                  ___eqsf2
                  0x000cd0                  ___ltsf2
                  0x000cd0                  ___lesf2
 .libm.gtsf2      0x000cd4          0x4 c:/program files/microchip/xc16/v2.10/bin/bin/../../lib\libc99-pic30-elf.a(fgtge.CH_o)
                  0x000cd4                  ___gesf2
                  0x000cd4                  ___gtsf2
 .libm.fixsfsi    0x000cd8         0x42 c:/program files/microchip/xc16/v2.10/bin/bin/../../lib\libc99-pic30-elf.a(fixsfsi.CH_o)
                  0x000cd8                  _(float, int, long long, short, float, short, int)
 .libm.fixunssfsi
                  0x000d1a         0x36 c:/program files/microchip/xc16/v2.10/bin/bin/../../lib\libc99-pic30-elf.a(fixunssfsi.CH_o)
                  0x000d1a                  ___fixunssfsi
 .libm.floatsisf
                  0x000d50          0x6 c:/program files/microchip/xc16/v2.10/bin/bin/../../lib\libc99-pic30-elf.a(floatsisf.CH_o)
                  0x000d50                  ___floatsisf
 .libm.floatunsisf
                  0x000d56          0x4 c:/program files/microchip/xc16/v2.10/bin/bin/../../lib\libc99-pic30-elf.a(floatunsisf.CH_o)
                  0x000d56                  ___floatunsisf
 .libm.funpack    0x000d5a         0x2a c:/program files/microchip/xc16/v2.10/bin/bin/../../lib\libc99-pic30-elf.a(funpack.CH_o)
                  0x000d5a                  __funpack
 .libm.modsi3     0x000d84         0x1e c:/program files/microchip/xc16/v2.10/bin/bin/../../lib\libc99-pic30-elf.a(modsi3.CH_o)
                  0x000d84                  ___modsi3
 .libm.udivsi3    0x000da2         0x20 c:/program files/microchip/xc16/v2.10/bin/bin/../../lib\libc99-pic30-elf.a(udivsi3.CH_o)
                  0x000da2                  ___udivsi3
 .libm.umodsi3    0x000dc2          0x6 c:/program files/microchip/xc16/v2.10/bin/bin/../../lib\libc99-pic30-elf.a(umodsi3.CH_o)
                  0x000dc2                  ___umodsi3
 .libmx           0x000dc8        0x1dc c:/program files/microchip/xc16/v2.10/bin/bin/../../lib\libc99-pic30-elf.a(addsf3x.CH_o)
                  0x000dc8                  ___subsf3x
                  0x000dc8                  ___subsf3
                  0x000dda                  ___addsf3x
                  0x000dda                  ___addsf3
 .libmx           0x000fa4        0x1be c:/program files/microchip/xc16/v2.10/bin/bin/../../lib\libc99-pic30-elf.a(divsf3x.CH_o)
                  0x000fa4                  ___divsf3x
                  0x000fa4                  ___divsf3
                  0x001136                  __sdivf
 .libmx           0x001162        0x10c c:/program files/microchip/xc16/v2.10/bin/bin/../../lib\libc99-pic30-elf.a(mulsf3x.CH_o)
                  0x001162                  ___mulsf3x
                  0x001162                  ___mulsf3
 .libmx           0x00126e         0x54 c:/program files/microchip/xc16/v2.10/bin/bin/../../lib\libc99-pic30-elf.a(dnrmpackfx.CH_o)
                  0x00126e                  __dnrmpackf
 .libmx           0x0012c2         0x5e c:/program files/microchip/xc16/v2.10/bin/bin/../../lib\libc99-pic30-elf.a(unpackdnrmfx.CH_o)
                  0x0012c2                  __unpackdnrmf
 .libmx           0x001320         0x34 c:/program files/microchip/xc16/v2.10/bin/bin/../../lib\libc99-pic30-elf.a(typefx.CH_o)
                  0x001320                  __typef
 .libmx           0x001354         0x12 c:/program files/microchip/xc16/v2.10/bin/bin/../../lib\libc99-pic30-elf.a(propnanfx.CH_o)
                  0x001354                  __propnanf
 .libmx           0x001366         0xa6 c:/program files/microchip/xc16/v2.10/bin/bin/../../lib\libc99-pic30-elf.a(spackfx.CH_o)
                  0x001366                  __spackf
 .libmx           0x00140c         0x66 c:/program files/microchip/xc16/v2.10/bin/bin/../../lib\libc99-pic30-elf.a(unpackfx.CH_o)
                  0x00140c                  __unpackf
 .libm.dcompare
                  0x001472         0x52 c:/program files/microchip/xc16/v2.10/bin/bin/../../lib\libc99-pic30-elf.a(dcompare.CH_o)
                  0x001472                  __dcompare
 .libm.dtype      0x0014c4         0x24 c:/program files/microchip/xc16/v2.10/bin/bin/../../lib\libc99-pic30-elf.a(dtype.CH_o)
                  0x0014c4                  __dtype
 .libm.fcompare
                  0x0014e8         0x36 c:/program files/microchip/xc16/v2.10/bin/bin/../../lib\libc99-pic30-elf.a(fcompare.CH_o)
                  0x0014e8                  __fcompare
 .libm.floatdisf
                  0x00151e         0x20 c:/program files/microchip/xc16/v2.10/bin/bin/../../lib\libc99-pic30-elf.a(floatdisf.CH_o)
                  0x00151e                  ___floatdisf
 .libm.floatundisf
                  0x00153e         0x5e c:/program files/microchip/xc16/v2.10/bin/bin/../../lib\libc99-pic30-elf.a(floatundisf.CH_o)
                  0x00153e                  ___floatundisf
 .libm.fpack      0x00159c         0x4c c:/program files/microchip/xc16/v2.10/bin/bin/../../lib\libc99-pic30-elf.a(fpack.CH_o)
                  0x00159c                  __fpack
 .libm.funpack2
                  0x0015e8         0x10 c:/program files/microchip/xc16/v2.10/bin/bin/../../lib\libc99-pic30-elf.a(funpack2.CH_o)
                  0x0015e8                  __funpack2
 .libc.cosf       0x0015f8         0xf2 c:/program files/microchip/xc16/v2.10/bin/bin/../../lib\libm-elf.a(cosf.CH_o)
                  0x0015f8                  _cosf
 .libc.sqrtf      0x0016ea        0x114 c:/program files/microchip/xc16/v2.10/bin/bin/../../lib\libm-elf.a(sqrtf.CH_o)
                  0x0016ea                  _sqrtf
 .libc.__cosdf    0x0017fe         0x5c c:/program files/microchip/xc16/v2.10/bin/bin/../../lib\libm-elf.a(__cosdf.CH_o)
                  0x0017fe                  ___cosdf
 .libc.__rem_pio2f
                  0x00185a         0xb2 c:/program files/microchip/xc16/v2.10/bin/bin/../../lib\libm-elf.a(__rem_pio2f.CH_o)
                  0x00185a                  ___rem_pio2f
 .libc.__sindf    0x00190c         0x60 c:/program files/microchip/xc16/v2.10/bin/bin/../../lib\libm-elf.a(__sindf.CH_o)
                  0x00190c                  ___sindf
 .libc.fabs       0x00196c         0x18 c:/program files/microchip/xc16/v2.10/bin/bin/../../lib\libm-elf.a(fabs.CH_o)
                  0x00196c                  _fabs
 .libc.__wrap_printf
                  0x001984         0x10 c:/program files/microchip/xc16/v2.10/bin/bin/../../lib\libc99-elf.a(__sio_printf_0.CH_o)
                  0x001984                  __printf_0
                  0x001984                  __dprintf_0
 .libc.__wrap_printf
                  0x001994         0x10 c:/program files/microchip/xc16/v2.10/bin/bin/../../lib\libc99-elf.a(__sio_printf_doux.CH_o)
                  0x001994                  __printf_cdnopuxX
                  0x001994                  __dprintf_cdnopuxX
 .libc.abs        0x0019a4          0x6 c:/program files/microchip/xc16/v2.10/bin/bin/../../lib\libc99-elf.a(abs.CH_o)
                  0x0019a4                  _abs
 .libc.memcpy     0x0019aa          0xe c:/program files/microchip/xc16/v2.10/bin/bin/../../lib\libc99-elf.a(memcpy.CH_o)
                  0x0019aa                  _memcpy
 .libc.puts       0x0019b8         0x1a c:/program files/microchip/xc16/v2.10/bin/bin/../../lib\libc99-elf.a(puts.CH_o)
                  0x0019b8                  _puts
 .libc.__dummy0
                  0x0019d2          0x2 c:/program files/microchip/xc16/v2.10/bin/bin/../../lib\libc99-elf.a(stdout.CH_o)
                  0x0019d2                  ___stdio_seek
 .libc.__fmt_d    0x0019d4         0xb4 c:/program files/microchip/xc16/v2.10/bin/bin/../../lib\libc99-elf.a(__fmt_d.CH_o)
                  0x0019d4                  ___fmt_d
                  0x0019d4                  ___fmt_d_needed
 .libc.__LONG_DOUBLE_BITS
                  0x001a88          0x2 c:/program files/microchip/xc16/v2.10/bin/bin/../../lib\libc99-elf.a(__fmt_fp.CH_o)
 .libc.__fmt_fp
                  0x001a8a        0x5a2 c:/program files/microchip/xc16/v2.10/bin/bin/../../lib\libc99-elf.a(__fmt_fp.CH_o)
                  0x001a8a                  ___fmt_f_needed
                  0x001a8a                  ___fmt_fp
 .libc.__fmt_o    0x00202c         0x6e c:/program files/microchip/xc16/v2.10/bin/bin/../../lib\libc99-elf.a(__fmt_o.CH_o)
                  0x00202c                  ___fmt_o
                  0x00202c                  ___fmt_o_needed
 .libc.__fmt_s    0x00209a         0x54 c:/program files/microchip/xc16/v2.10/bin/bin/../../lib\libc99-elf.a(__fmt_s.CH_o)
                  0x00209a                  ___fmt_0_needed
                  0x00209a                  ___fmt_s_needed
                  0x00209a                  ___fmt_s
 .libc.__cvt_u    0x0020ee         0xa6 c:/program files/microchip/xc16/v2.10/bin/bin/../../lib\libc99-elf.a(__fmt_u.CH_o)
                  0x0020ee                  ___cvt_u
 .libc.__fmt_u    0x002194         0x52 c:/program files/microchip/xc16/v2.10/bin/bin/../../lib\libc99-elf.a(__fmt_u.CH_o)
                  0x002194                  ___fmt_u
                  0x002194                  ___fmt_u_needed
 .libc.__fmt_x    0x0021e6        0x152 c:/program files/microchip/xc16/v2.10/bin/bin/../../lib\libc99-elf.a(__fmt_x.CH_o)
                  0x0021e6                  ___fmt_x_needed
                  0x0021e6                  ___fmt_x
 .libc.__vfprintf
                  0x002338         0x1c c:/program files/microchip/xc16/v2.10/bin/bin/../../lib\libc99-elf.a(__int_vfprintf.CH_o)
                  0x002338                  ___vfprintf
 .libc.__string_out
                  0x002354         0x26 c:/program files/microchip/xc16/v2.10/bin/bin/../../lib\libc99-elf.a(__out.CH_o)
 .libc.__fwrite_min
                  0x00237a          0x4 c:/program files/microchip/xc16/v2.10/bin/bin/../../lib\libc99-elf.a(__out.CH_o)
                  0x00237a                  ___fwrite
                  0x00237a                  ___stdio_write
                  0x00237a                  ___stdio_write_unbuffered
 .libc.__out      0x00237e         0x10 c:/program files/microchip/xc16/v2.10/bin/bin/../../lib\libc99-elf.a(__out.CH_o)
                  0x00237e                  ___out_needed
                  0x00237e                  ___out
 .libc.__pop_float
                  0x00238e         0x3e c:/program files/microchip/xc16/v2.10/bin/bin/../../lib\libc99-elf.a(__pop_float.CH_o)
                  0x00238e                  ___pop_float
                  0x00238e                  ___pop_float_needed
 .libc.__pop_int
                  0x0023cc         0xa8 c:/program files/microchip/xc16/v2.10/bin/bin/../../lib\libc99-elf.a(__pop_int.CH_o)
                  0x0023cc                  ___pop_int
                  0x0023cc                  ___pop_int_needed
 .libc.__pop_ptr
                  0x002474         0x70 c:/program files/microchip/xc16/v2.10/bin/bin/../../lib\libc99-elf.a(__pop_ptr.CH_o)
                  0x002474                  ___pop_ptr_needed
                  0x002474                  ___pop_ptr
 .libc.__pad      0x0024e4         0x74 c:/program files/microchip/xc16/v2.10/bin/bin/../../lib\libc99-elf.a(__printf_core.CH_o)
                  0x0024e4                  ___pad
 .libc.__dummy_fmt4
                  0x002558          0x2 c:/program files/microchip/xc16/v2.10/bin/bin/../../lib\libc99-elf.a(__printf_core.CH_o)
                  0x002558                  ___fmt_a
 .libc.__fmt_state
                  0x00255a         0x32 c:/program files/microchip/xc16/v2.10/bin/bin/../../lib\libc99-elf.a(__printf_core.CH_o)
                  0x00255a                  ___fmt_state
 .libc.vfpfcnvrt.clone.0
                  0x00258c        0x2d8 c:/program files/microchip/xc16/v2.10/bin/bin/../../lib\libc99-elf.a(__printf_core.CH_o)
 .libc.__printf_core
                  0x002864         0x40 c:/program files/microchip/xc16/v2.10/bin/bin/../../lib\libc99-elf.a(__printf_core.CH_o)
                  0x002864                  ___printf_core
 .libc.__stdio_close_rw
                  0x0028a4         0x58 c:/program files/microchip/xc16/v2.10/bin/bin/../../lib\libc99-elf.a(__stdio_close.CH_o)
                  0x0028a4                  ___stdio_close_rw
 .libc.__isspace
                  0x0028fc         0x14 c:/program files/microchip/xc16/v2.10/bin/bin/../../lib\libc99-elf.a(atoi.CH_o)
 .libc.atoi       0x002910         0x4c c:/program files/microchip/xc16/v2.10/bin/bin/../../lib\libc99-elf.a(atoi.CH_o)
                  0x002910                  _atoi
 .libc.fputs      0x00295c         0x28 c:/program files/microchip/xc16/v2.10/bin/bin/../../lib\libc99-elf.a(fputs.CH_o)
                  0x00295c                  _fputs_unlocked
                  0x00295c                  _fputs
 .libc.fwrite     0x002984         0x2c c:/program files/microchip/xc16/v2.10/bin/bin/../../lib\libc99-elf.a(fwrite.CH_o)
                  0x002984                  _fwrite
                  0x002984                  _fwrite_unlocked
 .libc.__lseek    0x0029b0          0xc c:/program files/microchip/xc16/v2.10/bin/bin/../../lib\libc99-elf.a(lseek.CH_o)
                  0x0029b0                  _lseek
                  0x0029b0                  ___lseek
 .libc.memset     0x0029bc         0xc8 c:/program files/microchip/xc16/v2.10/bin/bin/../../lib\libc99-elf.a(memset.CH_o)
                  0x0029bc                  _memset
 .libc.__putc_unbuffered
                  0x002a84         0x2e c:/program files/microchip/xc16/v2.10/bin/bin/../../lib\libc99-elf.a(putc.CH_o)
                  0x002a84                  ___putc
                  0x002a84                  ___putc_unbuffered
 .libc.putc       0x002ab2          0x2 c:/program files/microchip/xc16/v2.10/bin/bin/../../lib\libc99-elf.a(putc.CH_o)
                  0x002ab2                  _putc
                  0x002ab2                  _fputc
                  0x002ab2                  _putc_unlocked
                  0x002ab2                  __IO_putc
 .libc.strcpy     0x002ab4          0xe c:/program files/microchip/xc16/v2.10/bin/bin/../../lib\libc99-elf.a(strcpy.CH_o)
                  0x002ab4                  _strcpy
 .libc.strlen     0x002ac2         0x30 c:/program files/microchip/xc16/v2.10/bin/bin/../../lib\libc99-elf.a(strlen.CH_o)
                  0x002ac2                  _strlen
 .libc.__syscall_ret
                  0x002af2         0x14 c:/program files/microchip/xc16/v2.10/bin/bin/../../lib\libc99-elf.a(syscall_ret.CH_o)
                  0x002af2                  ___syscall_ret
 .libc.tolower    0x002b06          0xc c:/program files/microchip/xc16/v2.10/bin/bin/../../lib\libc99-elf.a(tolower.CH_o)
                  0x002b06                  _tolower
 .libc.toupper    0x002b12          0xc c:/program files/microchip/xc16/v2.10/bin/bin/../../lib\libc99-elf.a(toupper.CH_o)
                  0x002b12                  _toupper
 .libc.__stpcpy
                  0x002b1e         0x40 c:/program files/microchip/xc16/v2.10/bin/bin/../../lib\libc99-elf.a(stpcpy.CH_o)
                  0x002b1e                  ___stpcpy
                  0x002b1e                  _stpcpy
 .libc.doclose    0x002b5e          0x4 c:/program files/microchip/xc16/v2.10/bin/bin/../../lib\libc99-pic30-elf.a(closech.Meo)
 .libm.extendsfdf2
                  0x002b62         0x3e c:/program files/microchip/xc16/v2.10/bin/bin/../../lib\libc99-pic30-elf.a(extendsfdf.CH_o)
                  0x002b62                  ___extendsfdf2
 .libm.fixdfsi    0x002ba0         0x58 c:/program files/microchip/xc16/v2.10/bin/bin/../../lib\libc99-pic30-elf.a(fixdfsi.CH_o)
                  0x002ba0                  _(float, int, long long, double, float, short, int)
 .libm.fixsfdi    0x002bf8         0x52 c:/program files/microchip/xc16/v2.10/bin/bin/../../lib\libc99-pic30-elf.a(fixsfdi.CH_o)
                  0x002bf8                  _(float, int, long long, short, float, double, int)
 .libm.mulsi3     0x002c4a          0xc c:/program files/microchip/xc16/v2.10/bin/bin/../../lib\libc99-pic30-elf.a(mulsi3.CH_o)
                  0x002c4a                  ___mulp32peds3
                  0x002c4a                  ___mulsi3
                  0x002c4a                  ___mulp32eds3
 .lib_dpfops      0x002c56         0xa2 c:/program files/microchip/xc16/v2.10/bin/bin/../../lib\libc99-pic30-elf.a(dpadd.CH_o)
                  0x002c56                  ___subdf3
                  0x002c62                  ___adddf3
 .lib_dpfops      0x002cf8        0x15e c:/program files/microchip/xc16/v2.10/bin/bin/../../lib\libc99-pic30-elf.a(dpdiv.CH_o)
                  0x002cf8                  ___divdf3
 .lib_dpfops      0x002e56        0x11a c:/program files/microchip/xc16/v2.10/bin/bin/../../lib\libc99-pic30-elf.a(dpmul.CH_o)
                  0x002e56                  ___muldf3
 .lib_dpfops      0x002f70        0x128 c:/program files/microchip/xc16/v2.10/bin/bin/../../lib\libc99-pic30-elf.a(dpsubs.CH_o)
                  0x002f8a                  __dxchg
                  0x002f98                  __drshft
                  0x002ff2                  __dupchk
                  0x003054                  __drndex
                  0x00305e                  __dnsrnd
                  0x00308a                  __dpakex
 .libm.__PplusBdi
                  0x003098         0x26 c:/program files/microchip/xc16/v2.10/bin/bin/../../lib\libc99-pic30-elf.a(divmoddi3.CH_o)
 .libm.__PminusBdi
                  0x0030be         0x26 c:/program files/microchip/xc16/v2.10/bin/bin/../../lib\libc99-pic30-elf.a(divmoddi3.CH_o)
 .libm.__udivmoddi3
                  0x0030e4         0xe6 c:/program files/microchip/xc16/v2.10/bin/bin/../../lib\libc99-pic30-elf.a(divmoddi3.CH_o)
                  0x0030e4                  ___udivmoddi3
 .libm.__udivdi3
                  0x0031ca          0xe c:/program files/microchip/xc16/v2.10/bin/bin/../../lib\libc99-pic30-elf.a(divmoddi3.CH_o)
                  0x0031ca                  ___udivdi3
 .libm.__umoddi3
                  0x0031d8          0x8 c:/program files/microchip/xc16/v2.10/bin/bin/../../lib\libc99-pic30-elf.a(divmoddi3.CH_o)
                  0x0031d8                  ___umoddi3
 .libm.dunpack    0x0031e0         0x4e c:/program files/microchip/xc16/v2.10/bin/bin/../../lib\libc99-pic30-elf.a(dunpack.CH_o)
                  0x0031e0                  __dunpack
 .libm.dunpack2
                  0x00322e         0x32 c:/program files/microchip/xc16/v2.10/bin/bin/../../lib\libc99-pic30-elf.a(dunpack2.CH_o)
                  0x00322e                  __dunpack2
                  0x003250                  __dreturnNaN
                  0x003256                  __dunpack2exit
 .libm.dPropagateNaN
                  0x003260         0x1c c:/program files/microchip/xc16/v2.10/bin/bin/../../lib\libc99-pic30-elf.a(dpropagateNaN.CH_o)
                  0x003260                  __dPropagateNaN
 .libc.floorl     0x00327c         0xf8 c:/program files/microchip/xc16/v2.10/bin/bin/../../lib\libm-elf.a(floorl.CH_o)
                  0x00327c                  _floorl

usercode
 *(usercode)

__FBOOT
 *(__FBOOT.sec*)

__FSEC            0x02bf00          0x2
 *(__FSEC.sec*)
 __FSEC.sec       0x02bf00          0x2 /CW/_FSEC
                  0x02bf00                  __FSEC.sec

__FBSLIM
 *(__FBSLIM.sec*)

__FSIGN
 *(__FSIGN.sec*)

__FOSCSEL
 *(__FOSCSEL.sec*)

__FOSC
 *(__FOSC.sec*)

__FWDT
 *(__FWDT.sec*)

__FPOR
 *(__FPOR.sec*)

__FICD
 *(__FICD.sec*)

__FDMTIVTL
 *(__FDMTIVTL.sec*)

__FDMTIVTH
 *(__FDMTIVTH.sec*)

__FDMTCNTL
 *(__FDMTCNTL.sec*)

__FDMTCNTH
 *(__FDMTCNTH.sec*)

__FDMT
 *(__FDMT.sec*)

__FDEVOPT
 *(__FDEVOPT.sec*)

__FALTREG
 *(__FALTREG.sec*)

__FBTSEQ
 *(__FBTSEQ.sec*)

.comment
 *(.comment)

.debug_info       0x000000      0xc914f
 *(.debug_info)
 .debug_info      0x000000       0x4e2d build/default/debug/mcc_generated_files/adc/src/adc1.o
 .debug_info      0x004e2d        0xcb0 build/default/debug/mcc_generated_files/cmp/src/cmp1.o
 .debug_info      0x005add       0x581a build/default/debug/mcc_generated_files/motorBench/commutation/pll.o
 .debug_info      0x00b2f7        0x1a9 build/default/debug/mcc_generated_files/motorBench/hal/mcaf_pin_manager.o
 .debug_info      0x00b4a0       0x4737 build/default/debug/mcc_generated_files/motorBench/hal/hardware_access_functions.o
 .debug_info      0x00fbd7        0x144 build/default/debug/mcc_generated_files/motorBench/metadata/data_model_snapshot.o
 .debug_info      0x00fd1b       0x7b7a build/default/debug/mcc_generated_files/motorBench/parameters/init_params.o
 .debug_info      0x017895        0x13d build/default/debug/mcc_generated_files/motorBench/test_harness_timestamps.o
 .debug_info      0x0179d2       0xb362 build/default/debug/mcc_generated_files/motorBench/state_machine.o
 .debug_info      0x022d34         0xd3 build/default/debug/mcc_generated_files/motorBench/math_asm.o
 .debug_info      0x022e07        0x1d2 build/default/debug/mcc_generated_files/motorBench/mcapi.o
 .debug_info      0x022fd9       0x4ef8 build/default/debug/mcc_generated_files/motorBench/ui.o
 .debug_info      0x027ed1       0x550a build/default/debug/mcc_generated_files/motorBench/sat_PI.o
 .debug_info      0x02d3db       0x4db2 build/default/debug/mcc_generated_files/motorBench/test_harness.o
 .debug_info      0x03218d       0x5526 build/default/debug/mcc_generated_files/motorBench/mcaf_sample_application.o
 .debug_info      0x0376b3       0x5f68 build/default/debug/mcc_generated_files/motorBench/system_init.o
 .debug_info      0x03d61b       0x7ff6 build/default/debug/mcc_generated_files/motorBench/fault_detect.o
 .debug_info      0x045611       0xa479 build/default/debug/mcc_generated_files/motorBench/foc.o
 .debug_info      0x04fa8a       0x8198 build/default/debug/mcc_generated_files/motorBench/monitor.o
 .debug_info      0x057c22       0x9b17 build/default/debug/mcc_generated_files/motorBench/stall_detect.o
 .debug_info      0x061739       0x120c build/default/debug/mcc_generated_files/motorBench/startup.o
 .debug_info      0x062945       0x84bb build/default/debug/mcc_generated_files/motorBench/commutation.o
 .debug_info      0x06ae00       0x8362 build/default/debug/mcc_generated_files/motorBench/current_measure.o
 .debug_info      0x073162       0x84e1 build/default/debug/mcc_generated_files/motorBench/adc_compensation.o
 .debug_info      0x07b643       0x47e5 build/default/debug/mcc_generated_files/motorBench/diagnostics.o
 .debug_info      0x07fe28       0x808a build/default/debug/mcc_generated_files/motorBench/mcaf_main.o
 .debug_info      0x087eb2       0x4abb build/default/debug/mcc_generated_files/motorBench/mcaf_traps.o
 .debug_info      0x08c96d       0x9258 build/default/debug/mcc_generated_files/motorBench/isr.o
 .debug_info      0x095bc5       0x516c build/default/debug/mcc_generated_files/motorBench/board_service.o
 .debug_info      0x09ad31       0x7a8d build/default/debug/mcc_generated_files/motorBench/system_state.o
 .debug_info      0x0a27be       0x48fc build/default/debug/mcc_generated_files/motorBench/recover.o
 .debug_info      0x0a70ba        0x524 build/default/debug/mcc_generated_files/opa/src/opa3.o
 .debug_info      0x0a75de        0x523 build/default/debug/mcc_generated_files/opa/src/opa2.o
 .debug_info      0x0a7b01        0x523 build/default/debug/mcc_generated_files/opa/src/opa1.o
 .debug_info      0x0a8024       0x3c14 build/default/debug/mcc_generated_files/pwm_hs/src/pwm.o
 .debug_info      0x0abc38        0xd64 build/default/debug/mcc_generated_files/qei/src/qei1.o
 .debug_info      0x0ac99c         0xd2 build/default/debug/mcc_generated_files/system/src/dmt_asm.o
 .debug_info      0x0aca6e        0xa3b build/default/debug/mcc_generated_files/system/src/dmt.o
 .debug_info      0x0ad4a9        0x569 build/default/debug/mcc_generated_files/system/src/interrupt.o
 .debug_info      0x0ada12        0x726 build/default/debug/mcc_generated_files/system/src/clock.o
 .debug_info      0x0ae138        0x5d3 build/default/debug/mcc_generated_files/system/src/reset.o
 .debug_info      0x0ae70b        0x74d build/default/debug/mcc_generated_files/system/src/pins.o
 .debug_info      0x0aee58        0x66d build/default/debug/mcc_generated_files/system/src/traps.o
 .debug_info      0x0af4c5       0x4372 build/default/debug/mcc_generated_files/system/src/system.o
 .debug_info      0x0b3837        0xe69 build/default/debug/mcc_generated_files/timer/src/sccp1.o
 .debug_info      0x0b46a0        0x9c4 build/default/debug/mcc_generated_files/timer/src/tmr1.o
 .debug_info      0x0b5064        0xe7a build/default/debug/mcc_generated_files/timer/src/sccp2.o
 .debug_info      0x0b5ede       0x12b1 build/default/debug/mcc_generated_files/uart/src/uart1.o
 .debug_info      0x0b718f       0x857c build/default/debug/main.o
 .debug_info      0x0bf70b        0x7e6 build/default/debug/ringbuffer.o
 .debug_info      0x0bfef1        0x2be build/default/debug/knowledgepack/application/sml_recognition_run.o
 .debug_info      0x0c01af       0x1085 mcc_generated_files\motorBench\library\x2cscope\libx2cscope-dspic-elf.a(X2CScopeWrapper.c.20.o)
 .debug_info      0x0c1234        0xd82 mcc_generated_files\motorBench\library\x2cscope\libx2cscope-dspic-elf.a(BlockServicesX2C.c.11.o)
 .debug_info      0x0c1fb6       0x1080 mcc_generated_files\motorBench\library\x2cscope\libx2cscope-dspic-elf.a(LNet.c.13.o)
 .debug_info      0x0c3036        0x4d9 mcc_generated_files\motorBench\library\x2cscope\libx2cscope-dspic-elf.a(SerialGeneric.c.15.o)
 .debug_info      0x0c350f        0xf2f mcc_generated_files\motorBench\library\x2cscope\libx2cscope-dspic-elf.a(Services.c.16.o)
 .debug_info      0x0c443e        0xacd mcc_generated_files\motorBench\library\x2cscope\libx2cscope-dspic-elf.a(TableStruct.c.17.o)
 .debug_info      0x0c4f0b        0xaeb mcc_generated_files\motorBench\library\x2cscope\libx2cscope-dspic-elf.a(VersionInfo.c.18.o)
 .debug_info      0x0c59f6        0x740 mcc_generated_files\motorBench\library\x2cscope\libx2cscope-dspic-elf.a(X2C.c.19.o)
 .debug_info      0x0c6136       0x1454 mcc_generated_files\motorBench\library\x2cscope\libx2cscope-dspic-elf.a(Scope_Main.c.14.o)
 .debug_info      0x0c758a        0x4a1 mcc_generated_files\motorBench\library\x2cscope\libx2cscope-dspic-elf.a(CommonFcts.c.12.o)
 .debug_info      0x0c7a2b         0x8d c:/program files/microchip/xc16/v2.10/bin/bin/../../lib\libc99-pic30-elf.a(deqltle.CH_o)
 .debug_info      0x0c7ab8         0x8b c:/program files/microchip/xc16/v2.10/bin/bin/../../lib\libc99-pic30-elf.a(dgtge.CH_o)
 .debug_info      0x0c7b43         0x8c c:/program files/microchip/xc16/v2.10/bin/bin/../../lib\libc99-pic30-elf.a(divsi3.CH_o)
 .debug_info      0x0c7bcf         0x8d c:/program files/microchip/xc16/v2.10/bin/bin/../../lib\libc99-pic30-elf.a(feqltle.CH_o)
 .debug_info      0x0c7c5c         0x8b c:/program files/microchip/xc16/v2.10/bin/bin/../../lib\libc99-pic30-elf.a(fgtge.CH_o)
 .debug_info      0x0c7ce7         0x8d c:/program files/microchip/xc16/v2.10/bin/bin/../../lib\libc99-pic30-elf.a(fixsfsi.CH_o)
 .debug_info      0x0c7d74         0x90 c:/program files/microchip/xc16/v2.10/bin/bin/../../lib\libc99-pic30-elf.a(fixunssfsi.CH_o)
 .debug_info      0x0c7e04         0x8f c:/program files/microchip/xc16/v2.10/bin/bin/../../lib\libc99-pic30-elf.a(floatsisf.CH_o)
 .debug_info      0x0c7e93         0x91 c:/program files/microchip/xc16/v2.10/bin/bin/../../lib\libc99-pic30-elf.a(floatunsisf.CH_o)
 .debug_info      0x0c7f24         0x8d c:/program files/microchip/xc16/v2.10/bin/bin/../../lib\libc99-pic30-elf.a(funpack.CH_o)
 .debug_info      0x0c7fb1         0x8c c:/program files/microchip/xc16/v2.10/bin/bin/../../lib\libc99-pic30-elf.a(modsi3.CH_o)
 .debug_info      0x0c803d         0x8d c:/program files/microchip/xc16/v2.10/bin/bin/../../lib\libc99-pic30-elf.a(udivsi3.CH_o)
 .debug_info      0x0c80ca         0x8d c:/program files/microchip/xc16/v2.10/bin/bin/../../lib\libc99-pic30-elf.a(umodsi3.CH_o)
 .debug_info      0x0c8157         0x9d c:/program files/microchip/xc16/v2.10/bin/bin/../../lib\libc99-pic30-elf.a(addsf3x.CH_o)
 .debug_info      0x0c81f4         0x9d c:/program files/microchip/xc16/v2.10/bin/bin/../../lib\libc99-pic30-elf.a(divsf3x.CH_o)
 .debug_info      0x0c8291         0x9d c:/program files/microchip/xc16/v2.10/bin/bin/../../lib\libc99-pic30-elf.a(mulsf3x.CH_o)
 .debug_info      0x0c832e         0xa0 c:/program files/microchip/xc16/v2.10/bin/bin/../../lib\libc99-pic30-elf.a(dnrmpackfx.CH_o)
 .debug_info      0x0c83ce         0xa2 c:/program files/microchip/xc16/v2.10/bin/bin/../../lib\libc99-pic30-elf.a(unpackdnrmfx.CH_o)
 .debug_info      0x0c8470         0x9c c:/program files/microchip/xc16/v2.10/bin/bin/../../lib\libc99-pic30-elf.a(typefx.CH_o)
 .debug_info      0x0c850c         0x9f c:/program files/microchip/xc16/v2.10/bin/bin/../../lib\libc99-pic30-elf.a(propnanfx.CH_o)
 .debug_info      0x0c85ab         0x9d c:/program files/microchip/xc16/v2.10/bin/bin/../../lib\libc99-pic30-elf.a(spackfx.CH_o)
 .debug_info      0x0c8648         0x9e c:/program files/microchip/xc16/v2.10/bin/bin/../../lib\libc99-pic30-elf.a(unpackfx.CH_o)
 .debug_info      0x0c86e6         0x8e c:/program files/microchip/xc16/v2.10/bin/bin/../../lib\libc99-pic30-elf.a(dcompare.CH_o)
 .debug_info      0x0c8774         0x8b c:/program files/microchip/xc16/v2.10/bin/bin/../../lib\libc99-pic30-elf.a(dtype.CH_o)
 .debug_info      0x0c87ff         0x8e c:/program files/microchip/xc16/v2.10/bin/bin/../../lib\libc99-pic30-elf.a(fcompare.CH_o)
 .debug_info      0x0c888d         0x8f c:/program files/microchip/xc16/v2.10/bin/bin/../../lib\libc99-pic30-elf.a(floatdisf.CH_o)
 .debug_info      0x0c891c         0x91 c:/program files/microchip/xc16/v2.10/bin/bin/../../lib\libc99-pic30-elf.a(floatundisf.CH_o)
 .debug_info      0x0c89ad         0x8b c:/program files/microchip/xc16/v2.10/bin/bin/../../lib\libc99-pic30-elf.a(fpack.CH_o)
 .debug_info      0x0c8a38         0x8e c:/program files/microchip/xc16/v2.10/bin/bin/../../lib\libc99-pic30-elf.a(funpack2.CH_o)
 .debug_info      0x0c8ac6         0x90 c:/program files/microchip/xc16/v2.10/bin/bin/../../lib\libc99-pic30-elf.a(extendsfdf.CH_o)
 .debug_info      0x0c8b56         0x8d c:/program files/microchip/xc16/v2.10/bin/bin/../../lib\libc99-pic30-elf.a(fixdfsi.CH_o)
 .debug_info      0x0c8be3         0x8d c:/program files/microchip/xc16/v2.10/bin/bin/../../lib\libc99-pic30-elf.a(fixsfdi.CH_o)
 .debug_info      0x0c8c70         0x8c c:/program files/microchip/xc16/v2.10/bin/bin/../../lib\libc99-pic30-elf.a(mulsi3.CH_o)
 .debug_info      0x0c8cfc         0xa9 c:/program files/microchip/xc16/v2.10/bin/bin/../../lib\libc99-pic30-elf.a(dpadd.CH_o)
 .debug_info      0x0c8da5         0xa9 c:/program files/microchip/xc16/v2.10/bin/bin/../../lib\libc99-pic30-elf.a(dpdiv.CH_o)
 .debug_info      0x0c8e4e         0xa9 c:/program files/microchip/xc16/v2.10/bin/bin/../../lib\libc99-pic30-elf.a(dpmul.CH_o)
 .debug_info      0x0c8ef7         0xaa c:/program files/microchip/xc16/v2.10/bin/bin/../../lib\libc99-pic30-elf.a(dpsubs.CH_o)
 .debug_info      0x0c8fa1         0x8d c:/program files/microchip/xc16/v2.10/bin/bin/../../lib\libc99-pic30-elf.a(dunpack.CH_o)
 .debug_info      0x0c902e         0x8e c:/program files/microchip/xc16/v2.10/bin/bin/../../lib\libc99-pic30-elf.a(dunpack2.CH_o)
 .debug_info      0x0c90bc         0x93 c:/program files/microchip/xc16/v2.10/bin/bin/../../lib\libc99-pic30-elf.a(dpropagateNaN.CH_o)
 *(.gnu.linkonce.wi.*)

.debug_abbrev     0x000000       0x70e2
 *(.debug_abbrev)
 .debug_abbrev    0x000000        0x2ee build/default/debug/mcc_generated_files/adc/src/adc1.o
 .debug_abbrev    0x0002ee        0x1dc build/default/debug/mcc_generated_files/cmp/src/cmp1.o
 .debug_abbrev    0x0004ca        0x297 build/default/debug/mcc_generated_files/motorBench/commutation/pll.o
 .debug_abbrev    0x000761         0x34 build/default/debug/mcc_generated_files/motorBench/hal/mcaf_pin_manager.o
 .debug_abbrev    0x000795        0x15a build/default/debug/mcc_generated_files/motorBench/hal/hardware_access_functions.o
 .debug_abbrev    0x0008ef         0x42 build/default/debug/mcc_generated_files/motorBench/metadata/data_model_snapshot.o
 .debug_abbrev    0x000931        0x225 build/default/debug/mcc_generated_files/motorBench/parameters/init_params.o
 .debug_abbrev    0x000b56         0x42 build/default/debug/mcc_generated_files/motorBench/test_harness_timestamps.o
 .debug_abbrev    0x000b98        0x34a build/default/debug/mcc_generated_files/motorBench/state_machine.o
 .debug_abbrev    0x000ee2         0x14 build/default/debug/mcc_generated_files/motorBench/math_asm.o
 .debug_abbrev    0x000ef6         0x34 build/default/debug/mcc_generated_files/motorBench/mcapi.o
 .debug_abbrev    0x000f2a        0x278 build/default/debug/mcc_generated_files/motorBench/ui.o
 .debug_abbrev    0x0011a2        0x306 build/default/debug/mcc_generated_files/motorBench/sat_PI.o
 .debug_abbrev    0x0014a8        0x1df build/default/debug/mcc_generated_files/motorBench/test_harness.o
 .debug_abbrev    0x001687        0x2c1 build/default/debug/mcc_generated_files/motorBench/mcaf_sample_application.o
 .debug_abbrev    0x001948        0x274 build/default/debug/mcc_generated_files/motorBench/system_init.o
 .debug_abbrev    0x001bbc        0x2cf build/default/debug/mcc_generated_files/motorBench/fault_detect.o
 .debug_abbrev    0x001e8b        0x3b0 build/default/debug/mcc_generated_files/motorBench/foc.o
 .debug_abbrev    0x00223b        0x2a6 build/default/debug/mcc_generated_files/motorBench/monitor.o
 .debug_abbrev    0x0024e1        0x36a build/default/debug/mcc_generated_files/motorBench/stall_detect.o
 .debug_abbrev    0x00284b        0x202 build/default/debug/mcc_generated_files/motorBench/startup.o
 .debug_abbrev    0x002a4d        0x2b7 build/default/debug/mcc_generated_files/motorBench/commutation.o
 .debug_abbrev    0x002d04        0x2c6 build/default/debug/mcc_generated_files/motorBench/current_measure.o
 .debug_abbrev    0x002fca        0x29c build/default/debug/mcc_generated_files/motorBench/adc_compensation.o
 .debug_abbrev    0x003266        0x1b7 build/default/debug/mcc_generated_files/motorBench/diagnostics.o
 .debug_abbrev    0x00341d        0x2f5 build/default/debug/mcc_generated_files/motorBench/mcaf_main.o
 .debug_abbrev    0x003712        0x1da build/default/debug/mcc_generated_files/motorBench/mcaf_traps.o
 .debug_abbrev    0x0038ec        0x313 build/default/debug/mcc_generated_files/motorBench/isr.o
 .debug_abbrev    0x003bff        0x22d build/default/debug/mcc_generated_files/motorBench/board_service.o
 .debug_abbrev    0x003e2c        0x1ca build/default/debug/mcc_generated_files/motorBench/system_state.o
 .debug_abbrev    0x003ff6        0x1a8 build/default/debug/mcc_generated_files/motorBench/recover.o
 .debug_abbrev    0x00419e        0x16b build/default/debug/mcc_generated_files/opa/src/opa3.o
 .debug_abbrev    0x004309        0x16b build/default/debug/mcc_generated_files/opa/src/opa2.o
 .debug_abbrev    0x004474        0x16b build/default/debug/mcc_generated_files/opa/src/opa1.o
 .debug_abbrev    0x0045df        0x23d build/default/debug/mcc_generated_files/pwm_hs/src/pwm.o
 .debug_abbrev    0x00481c        0x1b9 build/default/debug/mcc_generated_files/qei/src/qei1.o
 .debug_abbrev    0x0049d5          0x1 build/default/debug/mcc_generated_files/system/src/config_bits.o
 .debug_abbrev    0x0049d6         0x14 build/default/debug/mcc_generated_files/system/src/dmt_asm.o
 .debug_abbrev    0x0049ea        0x1d6 build/default/debug/mcc_generated_files/system/src/dmt.o
 .debug_abbrev    0x004bc0         0xb4 build/default/debug/mcc_generated_files/system/src/interrupt.o
 .debug_abbrev    0x004c74         0xdc build/default/debug/mcc_generated_files/system/src/clock.o
 .debug_abbrev    0x004d50        0x13a build/default/debug/mcc_generated_files/system/src/reset.o
 .debug_abbrev    0x004e8a         0x9b build/default/debug/mcc_generated_files/system/src/pins.o
 .debug_abbrev    0x004f25        0x135 build/default/debug/mcc_generated_files/system/src/traps.o
 .debug_abbrev    0x00505a        0x107 build/default/debug/mcc_generated_files/system/src/system.o
 .debug_abbrev    0x005161        0x1d7 build/default/debug/mcc_generated_files/timer/src/sccp1.o
 .debug_abbrev    0x005338        0x1d1 build/default/debug/mcc_generated_files/timer/src/tmr1.o
 .debug_abbrev    0x005509        0x1d7 build/default/debug/mcc_generated_files/timer/src/sccp2.o
 .debug_abbrev    0x0056e0        0x2d6 build/default/debug/mcc_generated_files/uart/src/uart1.o
 .debug_abbrev    0x0059b6        0x2eb build/default/debug/main.o
 .debug_abbrev    0x005ca1        0x17a build/default/debug/ringbuffer.o
 .debug_abbrev    0x005e1b         0x95 build/default/debug/knowledgepack/application/sml_recognition_run.o
 .debug_abbrev    0x005eb0        0x1c3 mcc_generated_files\motorBench\library\x2cscope\libx2cscope-dspic-elf.a(X2CScopeWrapper.c.20.o)
 .debug_abbrev    0x006073        0x199 mcc_generated_files\motorBench\library\x2cscope\libx2cscope-dspic-elf.a(BlockServicesX2C.c.11.o)
 .debug_abbrev    0x00620c        0x218 mcc_generated_files\motorBench\library\x2cscope\libx2cscope-dspic-elf.a(LNet.c.13.o)
 .debug_abbrev    0x006424        0x12b mcc_generated_files\motorBench\library\x2cscope\libx2cscope-dspic-elf.a(SerialGeneric.c.15.o)
 .debug_abbrev    0x00654f        0x241 mcc_generated_files\motorBench\library\x2cscope\libx2cscope-dspic-elf.a(Services.c.16.o)
 .debug_abbrev    0x006790        0x109 mcc_generated_files\motorBench\library\x2cscope\libx2cscope-dspic-elf.a(TableStruct.c.17.o)
 .debug_abbrev    0x006899        0x10d mcc_generated_files\motorBench\library\x2cscope\libx2cscope-dspic-elf.a(VersionInfo.c.18.o)
 .debug_abbrev    0x0069a6         0xff mcc_generated_files\motorBench\library\x2cscope\libx2cscope-dspic-elf.a(X2C.c.19.o)
 .debug_abbrev    0x006aa5        0x263 mcc_generated_files\motorBench\library\x2cscope\libx2cscope-dspic-elf.a(Scope_Main.c.14.o)
 .debug_abbrev    0x006d08         0xba mcc_generated_files\motorBench\library\x2cscope\libx2cscope-dspic-elf.a(CommonFcts.c.12.o)
 .debug_abbrev    0x006dc2         0x14 c:/program files/microchip/xc16/v2.10/bin/bin/../../lib\libc99-pic30-elf.a(deqltle.CH_o)
 .debug_abbrev    0x006dd6         0x14 c:/program files/microchip/xc16/v2.10/bin/bin/../../lib\libc99-pic30-elf.a(dgtge.CH_o)
 .debug_abbrev    0x006dea         0x14 c:/program files/microchip/xc16/v2.10/bin/bin/../../lib\libc99-pic30-elf.a(divsi3.CH_o)
 .debug_abbrev    0x006dfe         0x14 c:/program files/microchip/xc16/v2.10/bin/bin/../../lib\libc99-pic30-elf.a(feqltle.CH_o)
 .debug_abbrev    0x006e12         0x14 c:/program files/microchip/xc16/v2.10/bin/bin/../../lib\libc99-pic30-elf.a(fgtge.CH_o)
 .debug_abbrev    0x006e26         0x14 c:/program files/microchip/xc16/v2.10/bin/bin/../../lib\libc99-pic30-elf.a(fixsfsi.CH_o)
 .debug_abbrev    0x006e3a         0x14 c:/program files/microchip/xc16/v2.10/bin/bin/../../lib\libc99-pic30-elf.a(fixunssfsi.CH_o)
 .debug_abbrev    0x006e4e         0x14 c:/program files/microchip/xc16/v2.10/bin/bin/../../lib\libc99-pic30-elf.a(floatsisf.CH_o)
 .debug_abbrev    0x006e62         0x14 c:/program files/microchip/xc16/v2.10/bin/bin/../../lib\libc99-pic30-elf.a(floatunsisf.CH_o)
 .debug_abbrev    0x006e76         0x14 c:/program files/microchip/xc16/v2.10/bin/bin/../../lib\libc99-pic30-elf.a(funpack.CH_o)
 .debug_abbrev    0x006e8a         0x14 c:/program files/microchip/xc16/v2.10/bin/bin/../../lib\libc99-pic30-elf.a(modsi3.CH_o)
 .debug_abbrev    0x006e9e         0x14 c:/program files/microchip/xc16/v2.10/bin/bin/../../lib\libc99-pic30-elf.a(udivsi3.CH_o)
 .debug_abbrev    0x006eb2         0x14 c:/program files/microchip/xc16/v2.10/bin/bin/../../lib\libc99-pic30-elf.a(umodsi3.CH_o)
 .debug_abbrev    0x006ec6         0x14 c:/program files/microchip/xc16/v2.10/bin/bin/../../lib\libc99-pic30-elf.a(addsf3x.CH_o)
 .debug_abbrev    0x006eda         0x14 c:/program files/microchip/xc16/v2.10/bin/bin/../../lib\libc99-pic30-elf.a(divsf3x.CH_o)
 .debug_abbrev    0x006eee         0x14 c:/program files/microchip/xc16/v2.10/bin/bin/../../lib\libc99-pic30-elf.a(mulsf3x.CH_o)
 .debug_abbrev    0x006f02         0x14 c:/program files/microchip/xc16/v2.10/bin/bin/../../lib\libc99-pic30-elf.a(dnrmpackfx.CH_o)
 .debug_abbrev    0x006f16         0x14 c:/program files/microchip/xc16/v2.10/bin/bin/../../lib\libc99-pic30-elf.a(unpackdnrmfx.CH_o)
 .debug_abbrev    0x006f2a         0x14 c:/program files/microchip/xc16/v2.10/bin/bin/../../lib\libc99-pic30-elf.a(typefx.CH_o)
 .debug_abbrev    0x006f3e         0x14 c:/program files/microchip/xc16/v2.10/bin/bin/../../lib\libc99-pic30-elf.a(propnanfx.CH_o)
 .debug_abbrev    0x006f52         0x14 c:/program files/microchip/xc16/v2.10/bin/bin/../../lib\libc99-pic30-elf.a(spackfx.CH_o)
 .debug_abbrev    0x006f66         0x14 c:/program files/microchip/xc16/v2.10/bin/bin/../../lib\libc99-pic30-elf.a(unpackfx.CH_o)
 .debug_abbrev    0x006f7a         0x14 c:/program files/microchip/xc16/v2.10/bin/bin/../../lib\libc99-pic30-elf.a(dcompare.CH_o)
 .debug_abbrev    0x006f8e         0x14 c:/program files/microchip/xc16/v2.10/bin/bin/../../lib\libc99-pic30-elf.a(dtype.CH_o)
 .debug_abbrev    0x006fa2         0x14 c:/program files/microchip/xc16/v2.10/bin/bin/../../lib\libc99-pic30-elf.a(fcompare.CH_o)
 .debug_abbrev    0x006fb6         0x14 c:/program files/microchip/xc16/v2.10/bin/bin/../../lib\libc99-pic30-elf.a(floatdisf.CH_o)
 .debug_abbrev    0x006fca         0x14 c:/program files/microchip/xc16/v2.10/bin/bin/../../lib\libc99-pic30-elf.a(floatundisf.CH_o)
 .debug_abbrev    0x006fde         0x14 c:/program files/microchip/xc16/v2.10/bin/bin/../../lib\libc99-pic30-elf.a(fpack.CH_o)
 .debug_abbrev    0x006ff2         0x14 c:/program files/microchip/xc16/v2.10/bin/bin/../../lib\libc99-pic30-elf.a(funpack2.CH_o)
 .debug_abbrev    0x007006         0x14 c:/program files/microchip/xc16/v2.10/bin/bin/../../lib\libc99-pic30-elf.a(extendsfdf.CH_o)
 .debug_abbrev    0x00701a         0x14 c:/program files/microchip/xc16/v2.10/bin/bin/../../lib\libc99-pic30-elf.a(fixdfsi.CH_o)
 .debug_abbrev    0x00702e         0x14 c:/program files/microchip/xc16/v2.10/bin/bin/../../lib\libc99-pic30-elf.a(fixsfdi.CH_o)
 .debug_abbrev    0x007042         0x14 c:/program files/microchip/xc16/v2.10/bin/bin/../../lib\libc99-pic30-elf.a(mulsi3.CH_o)
 .debug_abbrev    0x007056         0x14 c:/program files/microchip/xc16/v2.10/bin/bin/../../lib\libc99-pic30-elf.a(dpadd.CH_o)
 .debug_abbrev    0x00706a         0x14 c:/program files/microchip/xc16/v2.10/bin/bin/../../lib\libc99-pic30-elf.a(dpdiv.CH_o)
 .debug_abbrev    0x00707e         0x14 c:/program files/microchip/xc16/v2.10/bin/bin/../../lib\libc99-pic30-elf.a(dpmul.CH_o)
 .debug_abbrev    0x007092         0x14 c:/program files/microchip/xc16/v2.10/bin/bin/../../lib\libc99-pic30-elf.a(dpsubs.CH_o)
 .debug_abbrev    0x0070a6         0x14 c:/program files/microchip/xc16/v2.10/bin/bin/../../lib\libc99-pic30-elf.a(dunpack.CH_o)
 .debug_abbrev    0x0070ba         0x14 c:/program files/microchip/xc16/v2.10/bin/bin/../../lib\libc99-pic30-elf.a(dunpack2.CH_o)
 .debug_abbrev    0x0070ce         0x14 c:/program files/microchip/xc16/v2.10/bin/bin/../../lib\libc99-pic30-elf.a(dpropagateNaN.CH_o)

.debug_line       0x000000       0xc644
 *(.debug_line)
 .debug_line      0x000000        0x70c build/default/debug/mcc_generated_files/adc/src/adc1.o
 .debug_line      0x00070c        0x21b build/default/debug/mcc_generated_files/cmp/src/cmp1.o
 .debug_line      0x000927        0x3e8 build/default/debug/mcc_generated_files/motorBench/commutation/pll.o
 .debug_line      0x000d0f         0x62 build/default/debug/mcc_generated_files/motorBench/hal/mcaf_pin_manager.o
 .debug_line      0x000d71        0x184 build/default/debug/mcc_generated_files/motorBench/hal/hardware_access_functions.o
 .debug_line      0x000ef5         0x5b build/default/debug/mcc_generated_files/motorBench/metadata/data_model_snapshot.o
 .debug_line      0x000f50        0x473 build/default/debug/mcc_generated_files/motorBench/parameters/init_params.o
 .debug_line      0x0013c3         0x56 build/default/debug/mcc_generated_files/motorBench/test_harness_timestamps.o
 .debug_line      0x001419        0x9e4 build/default/debug/mcc_generated_files/motorBench/state_machine.o
 .debug_line      0x001dfd         0x9f build/default/debug/mcc_generated_files/motorBench/math_asm.o
 .debug_line      0x001e9c         0x63 build/default/debug/mcc_generated_files/motorBench/mcapi.o
 .debug_line      0x001eff        0x32e build/default/debug/mcc_generated_files/motorBench/ui.o
 .debug_line      0x00222d        0x3bb build/default/debug/mcc_generated_files/motorBench/sat_PI.o
 .debug_line      0x0025e8        0x1e3 build/default/debug/mcc_generated_files/motorBench/test_harness.o
 .debug_line      0x0027cb        0x320 build/default/debug/mcc_generated_files/motorBench/mcaf_sample_application.o
 .debug_line      0x002aeb        0x407 build/default/debug/mcc_generated_files/motorBench/system_init.o
 .debug_line      0x002ef2        0x48c build/default/debug/mcc_generated_files/motorBench/fault_detect.o
 .debug_line      0x00337e        0x99a build/default/debug/mcc_generated_files/motorBench/foc.o
 .debug_line      0x003d18        0x458 build/default/debug/mcc_generated_files/motorBench/monitor.o
 .debug_line      0x004170        0xb21 build/default/debug/mcc_generated_files/motorBench/stall_detect.o
 .debug_line      0x004c91        0x338 build/default/debug/mcc_generated_files/motorBench/startup.o
 .debug_line      0x004fc9        0x4c9 build/default/debug/mcc_generated_files/motorBench/commutation.o
 .debug_line      0x005492        0x51c build/default/debug/mcc_generated_files/motorBench/current_measure.o
 .debug_line      0x0059ae        0x4c4 build/default/debug/mcc_generated_files/motorBench/adc_compensation.o
 .debug_line      0x005e72        0x1f0 build/default/debug/mcc_generated_files/motorBench/diagnostics.o
 .debug_line      0x006062        0x496 build/default/debug/mcc_generated_files/motorBench/mcaf_main.o
 .debug_line      0x0064f8        0x221 build/default/debug/mcc_generated_files/motorBench/mcaf_traps.o
 .debug_line      0x006719        0x657 build/default/debug/mcc_generated_files/motorBench/isr.o
 .debug_line      0x006d70        0x3d2 build/default/debug/mcc_generated_files/motorBench/board_service.o
 .debug_line      0x007142        0x3b6 build/default/debug/mcc_generated_files/motorBench/system_state.o
 .debug_line      0x0074f8        0x18d build/default/debug/mcc_generated_files/motorBench/recover.o
 .debug_line      0x007685        0x1cc build/default/debug/mcc_generated_files/opa/src/opa3.o
 .debug_line      0x007851        0x1cc build/default/debug/mcc_generated_files/opa/src/opa2.o
 .debug_line      0x007a1d        0x1cc build/default/debug/mcc_generated_files/opa/src/opa1.o
 .debug_line      0x007be9        0x710 build/default/debug/mcc_generated_files/pwm_hs/src/pwm.o
 .debug_line      0x0082f9        0x2b6 build/default/debug/mcc_generated_files/qei/src/qei1.o
 .debug_line      0x0085af         0x1a build/default/debug/mcc_generated_files/system/src/config_bits.o
 .debug_line      0x0085c9         0x6f build/default/debug/mcc_generated_files/system/src/dmt_asm.o
 .debug_line      0x008638        0x246 build/default/debug/mcc_generated_files/system/src/dmt.o
 .debug_line      0x00887e        0x13f build/default/debug/mcc_generated_files/system/src/interrupt.o
 .debug_line      0x0089bd        0x14f build/default/debug/mcc_generated_files/system/src/clock.o
 .debug_line      0x008b0c        0x1a1 build/default/debug/mcc_generated_files/system/src/reset.o
 .debug_line      0x008cad        0x14a build/default/debug/mcc_generated_files/system/src/pins.o
 .debug_line      0x008df7        0x1e1 build/default/debug/mcc_generated_files/system/src/traps.o
 .debug_line      0x008fd8        0x16f build/default/debug/mcc_generated_files/system/src/system.o
 .debug_line      0x009147        0x2c9 build/default/debug/mcc_generated_files/timer/src/sccp1.o
 .debug_line      0x009410        0x285 build/default/debug/mcc_generated_files/timer/src/tmr1.o
 .debug_line      0x009695        0x2c9 build/default/debug/mcc_generated_files/timer/src/sccp2.o
 .debug_line      0x00995e        0x2e5 build/default/debug/mcc_generated_files/uart/src/uart1.o
 .debug_line      0x009c43        0x4e0 build/default/debug/main.o
 .debug_line      0x00a123        0x192 build/default/debug/ringbuffer.o
 .debug_line      0x00a2b5         0xc4 build/default/debug/knowledgepack/application/sml_recognition_run.o
 .debug_line      0x00a379        0x145 mcc_generated_files\motorBench\library\x2cscope\libx2cscope-dspic-elf.a(X2CScopeWrapper.c.20.o)
 .debug_line      0x00a4be        0x199 mcc_generated_files\motorBench\library\x2cscope\libx2cscope-dspic-elf.a(BlockServicesX2C.c.11.o)
 .debug_line      0x00a657        0x261 mcc_generated_files\motorBench\library\x2cscope\libx2cscope-dspic-elf.a(LNet.c.13.o)
 .debug_line      0x00a8b8         0xe5 mcc_generated_files\motorBench\library\x2cscope\libx2cscope-dspic-elf.a(SerialGeneric.c.15.o)
 .debug_line      0x00a99d        0x252 mcc_generated_files\motorBench\library\x2cscope\libx2cscope-dspic-elf.a(Services.c.16.o)
 .debug_line      0x00abef         0xce mcc_generated_files\motorBench\library\x2cscope\libx2cscope-dspic-elf.a(TableStruct.c.17.o)
 .debug_line      0x00acbd         0xc2 mcc_generated_files\motorBench\library\x2cscope\libx2cscope-dspic-elf.a(VersionInfo.c.18.o)
 .debug_line      0x00ad7f         0xd0 mcc_generated_files\motorBench\library\x2cscope\libx2cscope-dspic-elf.a(X2C.c.19.o)
 .debug_line      0x00ae4f        0x5ce mcc_generated_files\motorBench\library\x2cscope\libx2cscope-dspic-elf.a(Scope_Main.c.14.o)
 .debug_line      0x00b41d         0xe4 mcc_generated_files\motorBench\library\x2cscope\libx2cscope-dspic-elf.a(CommonFcts.c.12.o)
 .debug_line      0x00b501         0x1a mcc_generated_files\motorBench\library\mc-library\libmotor_control_dspic-elf.a(mc_sinetable_ram_dspic.33C.o)
 .debug_line      0x00b51b         0x3a c:/program files/microchip/xc16/v2.10/bin/bin/../../lib\libc99-pic30-elf.a(deqltle.CH_o)
 .debug_line      0x00b555         0x38 c:/program files/microchip/xc16/v2.10/bin/bin/../../lib\libc99-pic30-elf.a(dgtge.CH_o)
 .debug_line      0x00b58d         0x43 c:/program files/microchip/xc16/v2.10/bin/bin/../../lib\libc99-pic30-elf.a(divsi3.CH_o)
 .debug_line      0x00b5d0         0x37 c:/program files/microchip/xc16/v2.10/bin/bin/../../lib\libc99-pic30-elf.a(feqltle.CH_o)
 .debug_line      0x00b607         0x35 c:/program files/microchip/xc16/v2.10/bin/bin/../../lib\libc99-pic30-elf.a(fgtge.CH_o)
 .debug_line      0x00b63c         0x56 c:/program files/microchip/xc16/v2.10/bin/bin/../../lib\libc99-pic30-elf.a(fixsfsi.CH_o)
 .debug_line      0x00b692         0x53 c:/program files/microchip/xc16/v2.10/bin/bin/../../lib\libc99-pic30-elf.a(fixunssfsi.CH_o)
 .debug_line      0x00b6e5         0x3a c:/program files/microchip/xc16/v2.10/bin/bin/../../lib\libc99-pic30-elf.a(floatsisf.CH_o)
 .debug_line      0x00b71f         0x3b c:/program files/microchip/xc16/v2.10/bin/bin/../../lib\libc99-pic30-elf.a(floatunsisf.CH_o)
 .debug_line      0x00b75a         0x4a c:/program files/microchip/xc16/v2.10/bin/bin/../../lib\libc99-pic30-elf.a(funpack.CH_o)
 .debug_line      0x00b7a4         0x43 c:/program files/microchip/xc16/v2.10/bin/bin/../../lib\libc99-pic30-elf.a(modsi3.CH_o)
 .debug_line      0x00b7e7         0x45 c:/program files/microchip/xc16/v2.10/bin/bin/../../lib\libc99-pic30-elf.a(udivsi3.CH_o)
 .debug_line      0x00b82c         0x38 c:/program files/microchip/xc16/v2.10/bin/bin/../../lib\libc99-pic30-elf.a(umodsi3.CH_o)
 .debug_line      0x00b864        0x136 c:/program files/microchip/xc16/v2.10/bin/bin/../../lib\libc99-pic30-elf.a(addsf3x.CH_o)
 .debug_line      0x00b99a        0x124 c:/program files/microchip/xc16/v2.10/bin/bin/../../lib\libc99-pic30-elf.a(divsf3x.CH_o)
 .debug_line      0x00babe         0xcc c:/program files/microchip/xc16/v2.10/bin/bin/../../lib\libc99-pic30-elf.a(mulsf3x.CH_o)
 .debug_line      0x00bb8a         0x72 c:/program files/microchip/xc16/v2.10/bin/bin/../../lib\libc99-pic30-elf.a(dnrmpackfx.CH_o)
 .debug_line      0x00bbfc         0x7a c:/program files/microchip/xc16/v2.10/bin/bin/../../lib\libc99-pic30-elf.a(unpackdnrmfx.CH_o)
 .debug_line      0x00bc76         0x5e c:/program files/microchip/xc16/v2.10/bin/bin/../../lib\libc99-pic30-elf.a(typefx.CH_o)
 .debug_line      0x00bcd4         0x51 c:/program files/microchip/xc16/v2.10/bin/bin/../../lib\libc99-pic30-elf.a(propnanfx.CH_o)
 .debug_line      0x00bd25         0x98 c:/program files/microchip/xc16/v2.10/bin/bin/../../lib\libc99-pic30-elf.a(spackfx.CH_o)
 .debug_line      0x00bdbd         0x79 c:/program files/microchip/xc16/v2.10/bin/bin/../../lib\libc99-pic30-elf.a(unpackfx.CH_o)
 .debug_line      0x00be36         0x5f c:/program files/microchip/xc16/v2.10/bin/bin/../../lib\libc99-pic30-elf.a(dcompare.CH_o)
 .debug_line      0x00be95         0x45 c:/program files/microchip/xc16/v2.10/bin/bin/../../lib\libc99-pic30-elf.a(dtype.CH_o)
 .debug_line      0x00beda         0x1a c:/program files/microchip/xc16/v2.10/bin/bin/../../lib\libc99-pic30-elf.a(errno.CH_o)
 .debug_line      0x00bef4         0x53 c:/program files/microchip/xc16/v2.10/bin/bin/../../lib\libc99-pic30-elf.a(fcompare.CH_o)
 .debug_line      0x00bf47         0x47 c:/program files/microchip/xc16/v2.10/bin/bin/../../lib\libc99-pic30-elf.a(floatdisf.CH_o)
 .debug_line      0x00bf8e         0x6c c:/program files/microchip/xc16/v2.10/bin/bin/../../lib\libc99-pic30-elf.a(floatundisf.CH_o)
 .debug_line      0x00bffa         0x5a c:/program files/microchip/xc16/v2.10/bin/bin/../../lib\libc99-pic30-elf.a(fpack.CH_o)
 .debug_line      0x00c054         0x3e c:/program files/microchip/xc16/v2.10/bin/bin/../../lib\libc99-pic30-elf.a(funpack2.CH_o)
 .debug_line      0x00c092         0x59 c:/program files/microchip/xc16/v2.10/bin/bin/../../lib\libc99-pic30-elf.a(extendsfdf.CH_o)
 .debug_line      0x00c0eb         0x61 c:/program files/microchip/xc16/v2.10/bin/bin/../../lib\libc99-pic30-elf.a(fixdfsi.CH_o)
 .debug_line      0x00c14c         0x5e c:/program files/microchip/xc16/v2.10/bin/bin/../../lib\libc99-pic30-elf.a(fixsfdi.CH_o)
 .debug_line      0x00c1aa         0x3a c:/program files/microchip/xc16/v2.10/bin/bin/../../lib\libc99-pic30-elf.a(mulsi3.CH_o)
 .debug_line      0x00c1e4         0xa2 c:/program files/microchip/xc16/v2.10/bin/bin/../../lib\libc99-pic30-elf.a(dpadd.CH_o)
 .debug_line      0x00c286        0x100 c:/program files/microchip/xc16/v2.10/bin/bin/../../lib\libc99-pic30-elf.a(dpdiv.CH_o)
 .debug_line      0x00c386         0xde c:/program files/microchip/xc16/v2.10/bin/bin/../../lib\libc99-pic30-elf.a(dpmul.CH_o)
 .debug_line      0x00c464         0xe8 c:/program files/microchip/xc16/v2.10/bin/bin/../../lib\libc99-pic30-elf.a(dpsubs.CH_o)
 .debug_line      0x00c54c         0x5c c:/program files/microchip/xc16/v2.10/bin/bin/../../lib\libc99-pic30-elf.a(dunpack.CH_o)
 .debug_line      0x00c5a8         0x53 c:/program files/microchip/xc16/v2.10/bin/bin/../../lib\libc99-pic30-elf.a(dunpack2.CH_o)
 .debug_line      0x00c5fb         0x49 c:/program files/microchip/xc16/v2.10/bin/bin/../../lib\libc99-pic30-elf.a(dpropagateNaN.CH_o)

.debug_frame      0x000000       0x22c4
 *(.debug_frame)
 .debug_frame     0x000000        0x462 build/default/debug/mcc_generated_files/adc/src/adc1.o
 .debug_frame     0x000462         0xc4 build/default/debug/mcc_generated_files/cmp/src/cmp1.o
 .debug_frame     0x000526         0x60 build/default/debug/mcc_generated_files/motorBench/commutation/pll.o
 .debug_frame     0x000586         0x24 build/default/debug/mcc_generated_files/motorBench/hal/mcaf_pin_manager.o
 .debug_frame     0x0005aa         0x44 build/default/debug/mcc_generated_files/motorBench/hal/hardware_access_functions.o
 .debug_frame     0x0005ee         0x24 build/default/debug/mcc_generated_files/motorBench/parameters/init_params.o
 .debug_frame     0x000612         0x58 build/default/debug/mcc_generated_files/motorBench/state_machine.o
 .debug_frame     0x00066a         0x34 build/default/debug/mcc_generated_files/motorBench/mcapi.o
 .debug_frame     0x00069e         0x74 build/default/debug/mcc_generated_files/motorBench/ui.o
 .debug_frame     0x000712         0x80 build/default/debug/mcc_generated_files/motorBench/sat_PI.o
 .debug_frame     0x000792         0x5e build/default/debug/mcc_generated_files/motorBench/test_harness.o
 .debug_frame     0x0007f0         0x56 build/default/debug/mcc_generated_files/motorBench/mcaf_sample_application.o
 .debug_frame     0x000846         0x34 build/default/debug/mcc_generated_files/motorBench/system_init.o
 .debug_frame     0x00087a         0x54 build/default/debug/mcc_generated_files/motorBench/fault_detect.o
 .debug_frame     0x0008ce         0xbe build/default/debug/mcc_generated_files/motorBench/foc.o
 .debug_frame     0x00098c         0x5e build/default/debug/mcc_generated_files/motorBench/monitor.o
 .debug_frame     0x0009ea        0x174 build/default/debug/mcc_generated_files/motorBench/stall_detect.o
 .debug_frame     0x000b5e         0x3e build/default/debug/mcc_generated_files/motorBench/startup.o
 .debug_frame     0x000b9c         0x5e build/default/debug/mcc_generated_files/motorBench/commutation.o
 .debug_frame     0x000bfa         0x3e build/default/debug/mcc_generated_files/motorBench/current_measure.o
 .debug_frame     0x000c38         0x34 build/default/debug/mcc_generated_files/motorBench/adc_compensation.o
 .debug_frame     0x000c6c         0x94 build/default/debug/mcc_generated_files/motorBench/diagnostics.o
 .debug_frame     0x000d00         0x3e build/default/debug/mcc_generated_files/motorBench/mcaf_main.o
 .debug_frame     0x000d3e         0x64 build/default/debug/mcc_generated_files/motorBench/mcaf_traps.o
 .debug_frame     0x000da2         0x4e build/default/debug/mcc_generated_files/motorBench/isr.o
 .debug_frame     0x000df0         0xa4 build/default/debug/mcc_generated_files/motorBench/board_service.o
 .debug_frame     0x000e94         0x24 build/default/debug/mcc_generated_files/motorBench/system_state.o
 .debug_frame     0x000eb8         0x44 build/default/debug/mcc_generated_files/motorBench/recover.o
 .debug_frame     0x000efc         0x64 build/default/debug/mcc_generated_files/opa/src/opa3.o
 .debug_frame     0x000f60         0x64 build/default/debug/mcc_generated_files/opa/src/opa2.o
 .debug_frame     0x000fc4         0x64 build/default/debug/mcc_generated_files/opa/src/opa1.o
 .debug_frame     0x001028        0x2c4 build/default/debug/mcc_generated_files/pwm_hs/src/pwm.o
 .debug_frame     0x0012ec        0x124 build/default/debug/mcc_generated_files/qei/src/qei1.o
 .debug_frame     0x001410        0x108 build/default/debug/mcc_generated_files/system/src/dmt.o
 .debug_frame     0x001518         0x34 build/default/debug/mcc_generated_files/system/src/interrupt.o
 .debug_frame     0x00154c         0x34 build/default/debug/mcc_generated_files/system/src/clock.o
 .debug_frame     0x001580         0x44 build/default/debug/mcc_generated_files/system/src/reset.o
 .debug_frame     0x0015c4         0x24 build/default/debug/mcc_generated_files/system/src/pins.o
 .debug_frame     0x0015e8        0x15c build/default/debug/mcc_generated_files/system/src/traps.o
 .debug_frame     0x001744         0x24 build/default/debug/mcc_generated_files/system/src/system.o
 .debug_frame     0x001768        0x108 build/default/debug/mcc_generated_files/timer/src/sccp1.o
 .debug_frame     0x001870         0xd4 build/default/debug/mcc_generated_files/timer/src/tmr1.o
 .debug_frame     0x001944        0x108 build/default/debug/mcc_generated_files/timer/src/sccp2.o
 .debug_frame     0x001a4c        0x134 build/default/debug/mcc_generated_files/uart/src/uart1.o
 .debug_frame     0x001b80         0xc4 build/default/debug/main.o
 .debug_frame     0x001c44         0xd8 build/default/debug/ringbuffer.o
 .debug_frame     0x001d1c         0x48 build/default/debug/knowledgepack/application/sml_recognition_run.o
 .debug_frame     0x001d64         0xb6 mcc_generated_files\motorBench\library\x2cscope\libx2cscope-dspic-elf.a(X2CScopeWrapper.c.20.o)
 .debug_frame     0x001e1a         0xa4 mcc_generated_files\motorBench\library\x2cscope\libx2cscope-dspic-elf.a(BlockServicesX2C.c.11.o)
 .debug_frame     0x001ebe         0x70 mcc_generated_files\motorBench\library\x2cscope\libx2cscope-dspic-elf.a(LNet.c.13.o)
 .debug_frame     0x001f2e         0x94 mcc_generated_files\motorBench\library\x2cscope\libx2cscope-dspic-elf.a(SerialGeneric.c.15.o)
 .debug_frame     0x001fc2         0xb8 mcc_generated_files\motorBench\library\x2cscope\libx2cscope-dspic-elf.a(Services.c.16.o)
 .debug_frame     0x00207a         0x34 mcc_generated_files\motorBench\library\x2cscope\libx2cscope-dspic-elf.a(TableStruct.c.17.o)
 .debug_frame     0x0020ae         0x24 mcc_generated_files\motorBench\library\x2cscope\libx2cscope-dspic-elf.a(VersionInfo.c.18.o)
 .debug_frame     0x0020d2         0x34 mcc_generated_files\motorBench\library\x2cscope\libx2cscope-dspic-elf.a(X2C.c.19.o)
 .debug_frame     0x002106         0xde mcc_generated_files\motorBench\library\x2cscope\libx2cscope-dspic-elf.a(Scope_Main.c.14.o)
 .debug_frame     0x0021e4         0xe0 mcc_generated_files\motorBench\library\x2cscope\libx2cscope-dspic-elf.a(CommonFcts.c.12.o)

.debug_str        0x000000       0x9493
 *(.debug_str)
 .debug_str       0x000000        0x42f build/default/debug/mcc_generated_files/adc/src/adc1.o
 .debug_str       0x00042f         0x97 build/default/debug/mcc_generated_files/cmp/src/cmp1.o
 .debug_str       0x0004c6        0x4cd build/default/debug/mcc_generated_files/motorBench/commutation/pll.o
 .debug_str       0x000993        0x485 build/default/debug/mcc_generated_files/motorBench/hal/hardware_access_functions.o
 .debug_str       0x000e18        0x5af build/default/debug/mcc_generated_files/motorBench/parameters/init_params.o
 .debug_str       0x0013c7        0x641 build/default/debug/mcc_generated_files/motorBench/state_machine.o
 .debug_str       0x001a08        0x48c build/default/debug/mcc_generated_files/motorBench/ui.o
 .debug_str       0x001e94        0x4a3 build/default/debug/mcc_generated_files/motorBench/sat_PI.o
 .debug_str       0x002337        0x485 build/default/debug/mcc_generated_files/motorBench/test_harness.o
 .debug_str       0x0027bc        0x4d2 build/default/debug/mcc_generated_files/motorBench/mcaf_sample_application.o
 .debug_str       0x002c8e        0x494 build/default/debug/mcc_generated_files/motorBench/system_init.o
 .debug_str       0x003122        0x5d6 build/default/debug/mcc_generated_files/motorBench/fault_detect.o
 .debug_str       0x0036f8        0x680 build/default/debug/mcc_generated_files/motorBench/foc.o
 .debug_str       0x003d78        0x5c7 build/default/debug/mcc_generated_files/motorBench/monitor.o
 .debug_str       0x00433f        0x63b build/default/debug/mcc_generated_files/motorBench/stall_detect.o
 .debug_str       0x00497a         0x53 build/default/debug/mcc_generated_files/motorBench/startup.o
 .debug_str       0x0049cd        0x5f6 build/default/debug/mcc_generated_files/motorBench/commutation.o
 .debug_str       0x004fc3        0x5cc build/default/debug/mcc_generated_files/motorBench/current_measure.o
 .debug_str       0x00558f        0x5bf build/default/debug/mcc_generated_files/motorBench/adc_compensation.o
 .debug_str       0x005b4e        0x485 build/default/debug/mcc_generated_files/motorBench/diagnostics.o
 .debug_str       0x005fd3        0x5d0 build/default/debug/mcc_generated_files/motorBench/mcaf_main.o
 .debug_str       0x0065a3        0x48e build/default/debug/mcc_generated_files/motorBench/mcaf_traps.o
 .debug_str       0x006a31        0x623 build/default/debug/mcc_generated_files/motorBench/isr.o
 .debug_str       0x007054        0x49f build/default/debug/mcc_generated_files/motorBench/board_service.o
 .debug_str       0x0074f3        0x5a9 build/default/debug/mcc_generated_files/motorBench/system_state.o
 .debug_str       0x007a9c        0x48f build/default/debug/mcc_generated_files/motorBench/recover.o
 .debug_str       0x007f2b         0x1a build/default/debug/mcc_generated_files/opa/src/opa3.o
 .debug_str       0x007f45         0x1a build/default/debug/mcc_generated_files/opa/src/opa2.o
 .debug_str       0x007f5f         0x1a build/default/debug/mcc_generated_files/opa/src/opa1.o
 .debug_str       0x007f79        0x40b build/default/debug/mcc_generated_files/pwm_hs/src/pwm.o
 .debug_str       0x008384         0xaa build/default/debug/mcc_generated_files/qei/src/qei1.o
 .debug_str       0x00842e         0x63 build/default/debug/mcc_generated_files/system/src/dmt.o
 .debug_str       0x008491         0x28 build/default/debug/mcc_generated_files/system/src/interrupt.o
 .debug_str       0x0084b9         0x59 build/default/debug/mcc_generated_files/system/src/clock.o
 .debug_str       0x008512         0x17 build/default/debug/mcc_generated_files/system/src/reset.o
 .debug_str       0x008529         0x2f build/default/debug/mcc_generated_files/system/src/pins.o
 .debug_str       0x008558         0x24 build/default/debug/mcc_generated_files/system/src/traps.o
 .debug_str       0x00857c        0x45f build/default/debug/mcc_generated_files/system/src/system.o
 .debug_str       0x0089db         0x89 build/default/debug/mcc_generated_files/timer/src/sccp1.o
 .debug_str       0x008a64         0x1c build/default/debug/mcc_generated_files/timer/src/tmr1.o
 .debug_str       0x008a80         0x89 build/default/debug/mcc_generated_files/timer/src/sccp2.o
 .debug_str       0x008b09         0x48 build/default/debug/mcc_generated_files/uart/src/uart1.o
 .debug_str       0x008b51        0x5de build/default/debug/main.o
 .debug_str       0x00912f         0x3a build/default/debug/ringbuffer.o
 .debug_str       0x009169         0xda mcc_generated_files\motorBench\library\x2cscope\libx2cscope-dspic-elf.a(X2CScopeWrapper.c.20.o)
 .debug_str       0x009243         0x50 mcc_generated_files\motorBench\library\x2cscope\libx2cscope-dspic-elf.a(BlockServicesX2C.c.11.o)
 .debug_str       0x009293         0x78 mcc_generated_files\motorBench\library\x2cscope\libx2cscope-dspic-elf.a(LNet.c.13.o)
 .debug_str       0x00930b         0x4e mcc_generated_files\motorBench\library\x2cscope\libx2cscope-dspic-elf.a(SerialGeneric.c.15.o)
 .debug_str       0x009359         0x4f mcc_generated_files\motorBench\library\x2cscope\libx2cscope-dspic-elf.a(Services.c.16.o)
 .debug_str       0x0093a8         0x2e mcc_generated_files\motorBench\library\x2cscope\libx2cscope-dspic-elf.a(TableStruct.c.17.o)
 .debug_str       0x0093d6         0x32 mcc_generated_files\motorBench\library\x2cscope\libx2cscope-dspic-elf.a(VersionInfo.c.18.o)
 .debug_str       0x009408         0x82 mcc_generated_files\motorBench\library\x2cscope\libx2cscope-dspic-elf.a(Scope_Main.c.14.o)
 .debug_str       0x00948a          0x9 mcc_generated_files\motorBench\library\x2cscope\libx2cscope-dspic-elf.a(CommonFcts.c.12.o)

.debug_loc
 *(.debug_loc)

.debug_macinfo
 *(.debug_macinfo)

.debug_pubnames
                  0x000000       0x21e8
 *(.debug_pubnames)
 .debug_pubnames
                  0x000000        0x271 build/default/debug/mcc_generated_files/adc/src/adc1.o
 .debug_pubnames
                  0x000271        0x114 build/default/debug/mcc_generated_files/cmp/src/cmp1.o
 .debug_pubnames
                  0x000385         0x7b build/default/debug/mcc_generated_files/motorBench/commutation/pll.o
 .debug_pubnames
                  0x000400         0x32 build/default/debug/mcc_generated_files/motorBench/hal/mcaf_pin_manager.o
 .debug_pubnames
                  0x000432         0x66 build/default/debug/mcc_generated_files/motorBench/hal/hardware_access_functions.o
 .debug_pubnames
                  0x000498         0x2f build/default/debug/mcc_generated_files/motorBench/metadata/data_model_snapshot.o
 .debug_pubnames
                  0x0004c7         0x38 build/default/debug/mcc_generated_files/motorBench/parameters/init_params.o
 .debug_pubnames
                  0x0004ff         0x2e build/default/debug/mcc_generated_files/motorBench/test_harness_timestamps.o
 .debug_pubnames
                  0x00052d         0x7c build/default/debug/mcc_generated_files/motorBench/state_machine.o
 .debug_pubnames
                  0x0005a9         0x40 build/default/debug/mcc_generated_files/motorBench/mcapi.o
 .debug_pubnames
                  0x0005e9         0xac build/default/debug/mcc_generated_files/motorBench/ui.o
 .debug_pubnames
                  0x000695         0x93 build/default/debug/mcc_generated_files/motorBench/sat_PI.o
 .debug_pubnames
                  0x000728         0x79 build/default/debug/mcc_generated_files/motorBench/test_harness.o
 .debug_pubnames
                  0x0007a1         0x66 build/default/debug/mcc_generated_files/motorBench/mcaf_sample_application.o
 .debug_pubnames
                  0x000807         0x3b build/default/debug/mcc_generated_files/motorBench/system_init.o
 .debug_pubnames
                  0x000842         0x80 build/default/debug/mcc_generated_files/motorBench/fault_detect.o
 .debug_pubnames
                  0x0008c2        0x100 build/default/debug/mcc_generated_files/motorBench/foc.o
 .debug_pubnames
                  0x0009c2         0x88 build/default/debug/mcc_generated_files/motorBench/monitor.o
 .debug_pubnames
                  0x000a4a        0x239 build/default/debug/mcc_generated_files/motorBench/stall_detect.o
 .debug_pubnames
                  0x000c83         0x56 build/default/debug/mcc_generated_files/motorBench/startup.o
 .debug_pubnames
                  0x000cd9         0x91 build/default/debug/mcc_generated_files/motorBench/commutation.o
 .debug_pubnames
                  0x000d6a         0x64 build/default/debug/mcc_generated_files/motorBench/current_measure.o
 .debug_pubnames
                  0x000dce         0x3f build/default/debug/mcc_generated_files/motorBench/adc_compensation.o
 .debug_pubnames
                  0x000e0d         0x76 build/default/debug/mcc_generated_files/motorBench/diagnostics.o
 .debug_pubnames
                  0x000e83         0x4f build/default/debug/mcc_generated_files/motorBench/mcaf_main.o
 .debug_pubnames
                  0x000ed2         0x8b build/default/debug/mcc_generated_files/motorBench/mcaf_traps.o
 .debug_pubnames
                  0x000f5d         0x28 build/default/debug/mcc_generated_files/motorBench/isr.o
 .debug_pubnames
                  0x000f85        0x116 build/default/debug/mcc_generated_files/motorBench/board_service.o
 .debug_pubnames
                  0x00109b         0x2b build/default/debug/mcc_generated_files/motorBench/system_state.o
 .debug_pubnames
                  0x0010c6         0x51 build/default/debug/mcc_generated_files/motorBench/recover.o
 .debug_pubnames
                  0x001117         0x4c build/default/debug/mcc_generated_files/opa/src/opa3.o
 .debug_pubnames
                  0x001163         0x4b build/default/debug/mcc_generated_files/opa/src/opa2.o
 .debug_pubnames
                  0x0011ae         0x4b build/default/debug/mcc_generated_files/opa/src/opa1.o
 .debug_pubnames
                  0x0011f9         0xa9 build/default/debug/mcc_generated_files/pwm_hs/src/pwm.o
 .debug_pubnames
                  0x0012a2         0x48 build/default/debug/mcc_generated_files/qei/src/qei1.o
 .debug_pubnames
                  0x0012ea        0x147 build/default/debug/mcc_generated_files/system/src/dmt.o
 .debug_pubnames
                  0x001431         0x46 build/default/debug/mcc_generated_files/system/src/interrupt.o
 .debug_pubnames
                  0x001477         0x45 build/default/debug/mcc_generated_files/system/src/clock.o
 .debug_pubnames
                  0x0014bc         0x54 build/default/debug/mcc_generated_files/system/src/reset.o
 .debug_pubnames
                  0x001510         0x26 build/default/debug/mcc_generated_files/system/src/pins.o
 .debug_pubnames
                  0x001536         0x95 build/default/debug/mcc_generated_files/system/src/traps.o
 .debug_pubnames
                  0x0015cb         0x28 build/default/debug/mcc_generated_files/system/src/system.o
 .debug_pubnames
                  0x0015f3        0x15b build/default/debug/mcc_generated_files/timer/src/sccp1.o
 .debug_pubnames
                  0x00174e         0xff build/default/debug/mcc_generated_files/timer/src/tmr1.o
 .debug_pubnames
                  0x00184d        0x155 build/default/debug/mcc_generated_files/timer/src/sccp2.o
 .debug_pubnames
                  0x0019a2        0x19c build/default/debug/mcc_generated_files/uart/src/uart1.o
 .debug_pubnames
                  0x001b3e         0xcb build/default/debug/main.o
 .debug_pubnames
                  0x001c09        0x125 build/default/debug/ringbuffer.o
 .debug_pubnames
                  0x001d2e         0x41 build/default/debug/knowledgepack/application/sml_recognition_run.o
 .debug_pubnames
                  0x001d6f        0x110 mcc_generated_files\motorBench\library\x2cscope\libx2cscope-dspic-elf.a(X2CScopeWrapper.c.20.o)
 .debug_pubnames
                  0x001e7f         0x86 mcc_generated_files\motorBench\library\x2cscope\libx2cscope-dspic-elf.a(BlockServicesX2C.c.11.o)
 .debug_pubnames
                  0x001f05         0x1f mcc_generated_files\motorBench\library\x2cscope\libx2cscope-dspic-elf.a(LNet.c.13.o)
 .debug_pubnames
                  0x001f24         0x37 mcc_generated_files\motorBench\library\x2cscope\libx2cscope-dspic-elf.a(SerialGeneric.c.15.o)
 .debug_pubnames
                  0x001f5b         0x60 mcc_generated_files\motorBench\library\x2cscope\libx2cscope-dspic-elf.a(Services.c.16.o)
 .debug_pubnames
                  0x001fbb         0x41 mcc_generated_files\motorBench\library\x2cscope\libx2cscope-dspic-elf.a(TableStruct.c.17.o)
 .debug_pubnames
                  0x001ffc         0x3a mcc_generated_files\motorBench\library\x2cscope\libx2cscope-dspic-elf.a(VersionInfo.c.18.o)
 .debug_pubnames
                  0x002036         0x65 mcc_generated_files\motorBench\library\x2cscope\libx2cscope-dspic-elf.a(X2C.c.19.o)
 .debug_pubnames
                  0x00209b         0x7e mcc_generated_files\motorBench\library\x2cscope\libx2cscope-dspic-elf.a(Scope_Main.c.14.o)
 .debug_pubnames
                  0x002119         0xcf mcc_generated_files\motorBench\library\x2cscope\libx2cscope-dspic-elf.a(CommonFcts.c.12.o)

.debug_ranges
 *(.debug_ranges)

.debug_aranges    0x000000       0x14d8
 *(.debug_aranges)
 .debug_aranges
                  0x000000        0x150 build/default/debug/mcc_generated_files/adc/src/adc1.o
 .debug_aranges
                  0x000150         0x70 build/default/debug/mcc_generated_files/cmp/src/cmp1.o
 .debug_aranges
                  0x0001c0         0x28 build/default/debug/mcc_generated_files/motorBench/commutation/pll.o
 .debug_aranges
                  0x0001e8         0x18 build/default/debug/mcc_generated_files/motorBench/hal/mcaf_pin_manager.o
 .debug_aranges
                  0x000200         0x20 build/default/debug/mcc_generated_files/motorBench/hal/hardware_access_functions.o
 .debug_aranges
                  0x000220         0x20 build/default/debug/mcc_generated_files/motorBench/parameters/init_params.o
 .debug_aranges
                  0x000240         0x30 build/default/debug/mcc_generated_files/motorBench/state_machine.o
 .debug_aranges
                  0x000270         0x20 build/default/debug/mcc_generated_files/motorBench/math_asm.o
 .debug_aranges
                  0x000290         0x28 build/default/debug/mcc_generated_files/motorBench/mcapi.o
 .debug_aranges
                  0x0002b8         0x48 build/default/debug/mcc_generated_files/motorBench/ui.o
 .debug_aranges
                  0x000300         0x40 build/default/debug/mcc_generated_files/motorBench/sat_PI.o
 .debug_aranges
                  0x000340         0x38 build/default/debug/mcc_generated_files/motorBench/test_harness.o
 .debug_aranges
                  0x000378         0x30 build/default/debug/mcc_generated_files/motorBench/mcaf_sample_application.o
 .debug_aranges
                  0x0003a8         0x28 build/default/debug/mcc_generated_files/motorBench/system_init.o
 .debug_aranges
                  0x0003d0         0x38 build/default/debug/mcc_generated_files/motorBench/fault_detect.o
 .debug_aranges
                  0x000408         0x48 build/default/debug/mcc_generated_files/motorBench/foc.o
 .debug_aranges
                  0x000450         0x38 build/default/debug/mcc_generated_files/motorBench/monitor.o
 .debug_aranges
                  0x000488         0xb0 build/default/debug/mcc_generated_files/motorBench/stall_detect.o
 .debug_aranges
                  0x000538         0x28 build/default/debug/mcc_generated_files/motorBench/startup.o
 .debug_aranges
                  0x000560         0x38 build/default/debug/mcc_generated_files/motorBench/commutation.o
 .debug_aranges
                  0x000598         0x28 build/default/debug/mcc_generated_files/motorBench/current_measure.o
 .debug_aranges
                  0x0005c0         0x28 build/default/debug/mcc_generated_files/motorBench/adc_compensation.o
 .debug_aranges
                  0x0005e8         0x58 build/default/debug/mcc_generated_files/motorBench/diagnostics.o
 .debug_aranges
                  0x000640         0x28 build/default/debug/mcc_generated_files/motorBench/mcaf_main.o
 .debug_aranges
                  0x000668         0x40 build/default/debug/mcc_generated_files/motorBench/mcaf_traps.o
 .debug_aranges
                  0x0006a8         0x20 build/default/debug/mcc_generated_files/motorBench/isr.o
 .debug_aranges
                  0x0006c8         0x58 build/default/debug/mcc_generated_files/motorBench/board_service.o
 .debug_aranges
                  0x000720         0x20 build/default/debug/mcc_generated_files/motorBench/system_state.o
 .debug_aranges
                  0x000740         0x30 build/default/debug/mcc_generated_files/motorBench/recover.o
 .debug_aranges
                  0x000770         0x40 build/default/debug/mcc_generated_files/opa/src/opa3.o
 .debug_aranges
                  0x0007b0         0x40 build/default/debug/mcc_generated_files/opa/src/opa2.o
 .debug_aranges
                  0x0007f0         0x40 build/default/debug/mcc_generated_files/opa/src/opa1.o
 .debug_aranges
                  0x000830        0x170 build/default/debug/mcc_generated_files/pwm_hs/src/pwm.o
 .debug_aranges
                  0x0009a0         0xa0 build/default/debug/mcc_generated_files/qei/src/qei1.o
 .debug_aranges
                  0x000a40         0x20 build/default/debug/mcc_generated_files/system/src/dmt_asm.o
 .debug_aranges
                  0x000a60         0x80 build/default/debug/mcc_generated_files/system/src/dmt.o
 .debug_aranges
                  0x000ae0         0x28 build/default/debug/mcc_generated_files/system/src/interrupt.o
 .debug_aranges
                  0x000b08         0x28 build/default/debug/mcc_generated_files/system/src/clock.o
 .debug_aranges
                  0x000b30         0x30 build/default/debug/mcc_generated_files/system/src/reset.o
 .debug_aranges
                  0x000b60         0x20 build/default/debug/mcc_generated_files/system/src/pins.o
 .debug_aranges
                  0x000b80         0x50 build/default/debug/mcc_generated_files/system/src/traps.o
 .debug_aranges
                  0x000bd0         0x20 build/default/debug/mcc_generated_files/system/src/system.o
 .debug_aranges
                  0x000bf0         0x80 build/default/debug/mcc_generated_files/timer/src/sccp1.o
 .debug_aranges
                  0x000c70         0x78 build/default/debug/mcc_generated_files/timer/src/tmr1.o
 .debug_aranges
                  0x000ce8         0x80 build/default/debug/mcc_generated_files/timer/src/sccp2.o
 .debug_aranges
                  0x000d68         0xa8 build/default/debug/mcc_generated_files/uart/src/uart1.o
 .debug_aranges
                  0x000e10         0x48 build/default/debug/main.o
 .debug_aranges
                  0x000e58         0x68 build/default/debug/ringbuffer.o
 .debug_aranges